Component: ARM Compiler 5.06 update 7 (build 960) Tool: armlink [4d3601]

==============================================================================

Section Cross References

    startup_stm32g431xx.o(RESET) refers to startup_stm32g431xx.o(STACK) for __initial_sp
    startup_stm32g431xx.o(RESET) refers to startup_stm32g431xx.o(.text) for Reset_Handler
    startup_stm32g431xx.o(RESET) refers to stm32g4xx_it.o(i.NMI_Handler) for NMI_Handler
    startup_stm32g431xx.o(RESET) refers to stm32g4xx_it.o(i.HardFault_Handler) for HardFault_Handler
    startup_stm32g431xx.o(RESET) refers to stm32g4xx_it.o(i.MemManage_Handler) for MemManage_Handler
    startup_stm32g431xx.o(RESET) refers to stm32g4xx_it.o(i.BusFault_Handler) for BusFault_Handler
    startup_stm32g431xx.o(RESET) refers to stm32g4xx_it.o(i.UsageFault_Handler) for UsageFault_Handler
    startup_stm32g431xx.o(RESET) refers to stm32g4xx_it.o(i.SVC_Handler) for SVC_Handler
    startup_stm32g431xx.o(RESET) refers to stm32g4xx_it.o(i.DebugMon_Handler) for DebugMon_Handler
    startup_stm32g431xx.o(RESET) refers to stm32g4xx_it.o(i.PendSV_Handler) for PendSV_Handler
    startup_stm32g431xx.o(RESET) refers to stm32g4xx_it.o(i.SysTick_Handler) for SysTick_Handler
    startup_stm32g431xx.o(RESET) refers to stm32g4xx_it.o(i.DMA1_Channel1_IRQHandler) for DMA1_Channel1_IRQHandler
    startup_stm32g431xx.o(RESET) refers to stm32g4xx_it.o(i.DMA1_Channel2_IRQHandler) for DMA1_Channel2_IRQHandler
    startup_stm32g431xx.o(RESET) refers to stm32g4xx_it.o(i.ADC1_2_IRQHandler) for ADC1_2_IRQHandler
    startup_stm32g431xx.o(RESET) refers to stm32g4xx_it.o(i.USB_LP_IRQHandler) for USB_LP_IRQHandler
    startup_stm32g431xx.o(RESET) refers to stm32g4xx_it.o(i.FDCAN1_IT0_IRQHandler) for FDCAN1_IT0_IRQHandler
    startup_stm32g431xx.o(RESET) refers to stm32g4xx_it.o(i.FDCAN1_IT1_IRQHandler) for FDCAN1_IT1_IRQHandler
    startup_stm32g431xx.o(RESET) refers to stm32g4xx_it.o(i.SPI1_IRQHandler) for SPI1_IRQHandler
    startup_stm32g431xx.o(RESET) refers to stm32g4xx_it.o(i.USART1_IRQHandler) for USART1_IRQHandler
    startup_stm32g431xx.o(RESET) refers to stm32g4xx_it.o(i.TIM6_DAC_IRQHandler) for TIM6_DAC_IRQHandler
    startup_stm32g431xx.o(.text) refers to system_stm32g4xx.o(i.SystemInit) for SystemInit
    startup_stm32g431xx.o(.text) refers to entry.o(.ARM.Collect$$$$00000000) for __main
    main.o(i.SystemClock_Config) refers to memseta.o(.text) for __aeabi_memclr4
    main.o(i.SystemClock_Config) refers to stm32g4xx_hal_pwr_ex.o(i.HAL_PWREx_ControlVoltageScaling) for HAL_PWREx_ControlVoltageScaling
    main.o(i.SystemClock_Config) refers to stm32g4xx_hal_rcc.o(i.HAL_RCC_OscConfig) for HAL_RCC_OscConfig
    main.o(i.SystemClock_Config) refers to main.o(i.Error_Handler) for Error_Handler
    main.o(i.SystemClock_Config) refers to stm32g4xx_hal_rcc.o(i.HAL_RCC_ClockConfig) for HAL_RCC_ClockConfig
    main.o(i.SystemClock_Config) refers to stm32g4xx_hal_rcc_ex.o(i.HAL_RCCEx_CRSConfig) for HAL_RCCEx_CRSConfig
    main.o(i.main) refers to stm32g4xx_hal.o(i.HAL_Init) for HAL_Init
    main.o(i.main) refers to main.o(i.SystemClock_Config) for SystemClock_Config
    main.o(i.main) refers to gpio.o(i.MX_GPIO_Init) for MX_GPIO_Init
    main.o(i.main) refers to dma.o(i.MX_DMA_Init) for MX_DMA_Init
    main.o(i.main) refers to adc.o(i.MX_ADC1_Init) for MX_ADC1_Init
    main.o(i.main) refers to adc.o(i.MX_ADC2_Init) for MX_ADC2_Init
    main.o(i.main) refers to fdcan.o(i.MX_FDCAN1_Init) for MX_FDCAN1_Init
    main.o(i.main) refers to spi.o(i.MX_SPI1_Init) for MX_SPI1_Init
    main.o(i.main) refers to tim.o(i.MX_TIM1_Init) for MX_TIM1_Init
    main.o(i.main) refers to usart.o(i.MX_USART1_UART_Init) for MX_USART1_UART_Init
    main.o(i.main) refers to usart.o(i.MX_USART2_UART_Init) for MX_USART2_UART_Init
    main.o(i.main) refers to tim.o(i.MX_TIM6_Init) for MX_TIM6_Init
    main.o(i.main) refers to usb_device.o(i.MX_USB_Device_Init) for MX_USB_Device_Init
    main.o(i.main) refers to my_mian.o(i.my_main) for my_main
    gpio.o(i.MX_GPIO_Init) refers to memseta.o(.text) for __aeabi_memclr4
    gpio.o(i.MX_GPIO_Init) refers to stm32g4xx_hal_gpio.o(i.HAL_GPIO_WritePin) for HAL_GPIO_WritePin
    gpio.o(i.MX_GPIO_Init) refers to stm32g4xx_hal_gpio.o(i.HAL_GPIO_Init) for HAL_GPIO_Init
    adc.o(i.HAL_ADC_MspDeInit) refers to stm32g4xx_hal_gpio.o(i.HAL_GPIO_DeInit) for HAL_GPIO_DeInit
    adc.o(i.HAL_ADC_MspDeInit) refers to adc.o(.data) for .data
    adc.o(i.HAL_ADC_MspInit) refers to memseta.o(.text) for __aeabi_memclr4
    adc.o(i.HAL_ADC_MspInit) refers to stm32g4xx_hal_rcc_ex.o(i.HAL_RCCEx_PeriphCLKConfig) for HAL_RCCEx_PeriphCLKConfig
    adc.o(i.HAL_ADC_MspInit) refers to main.o(i.Error_Handler) for Error_Handler
    adc.o(i.HAL_ADC_MspInit) refers to stm32g4xx_hal_gpio.o(i.HAL_GPIO_Init) for HAL_GPIO_Init
    adc.o(i.HAL_ADC_MspInit) refers to stm32g4xx_hal_cortex.o(i.HAL_NVIC_SetPriority) for HAL_NVIC_SetPriority
[...]
    __Vectors_Size                           0x000001d8   Number         0  startup_stm32g431xx.o ABSOLUTE
    __Vectors                                0x08000000   Data           4  startup_stm32g431xx.o(RESET)
    __Vectors_End                            0x080001d8   Data           0  startup_stm32g431xx.o(RESET)
    __main                                   0x080001d9   Thumb Code     0  entry.o(.ARM.Collect$$$$00000000)
    _main_stk                                0x080001d9   Thumb Code     0  entry2.o(.ARM.Collect$$$$00000001)
    _main_scatterload                        0x080001dd   Thumb Code     0  entry5.o(.ARM.Collect$$$$00000004)
    __main_after_scatterload                 0x080001e1   Thumb Code     0  entry5.o(.ARM.Collect$$$$00000004)
    _main_clock                              0x080001e1   Thumb Code     0  entry7b.o(.ARM.Collect$$$$00000008)
    _main_cpp_init                           0x080001e1   Thumb Code     0  entry8b.o(.ARM.Collect$$$$0000000A)
    _main_init                               0x080001e1   Thumb Code     0  entry9a.o(.ARM.Collect$$$$0000000B)
    __rt_lib_shutdown_fini                   0x080001e9   Thumb Code     0  entry12b.o(.ARM.Collect$$$$0000000E)
    __rt_final_cpp                           0x080001ed   Thumb Code     0  entry10a.o(.ARM.Collect$$$$0000000F)
    __rt_final_exit                          0x080001ed   Thumb Code     0  entry11a.o(.ARM.Collect$$$$00000011)
    Reset_Handler                            0x080001f1   Thumb Code     8  startup_stm32g431xx.o(.text)
    COMP1_2_3_IRQHandler                     0x0800020b   Thumb Code     0  startup_stm32g431xx.o(.text)
    COMP4_IRQHandler                         0x0800020b   Thumb Code     0  startup_stm32g431xx.o(.text)
    CORDIC_IRQHandler                        0x0800020b   Thumb Code     0  startup_stm32g431xx.o(.text)
    CRS_IRQHandler                           0x0800020b   Thumb Code     0  startup_stm32g431xx.o(.text)
    DMA1_Channel3_IRQHandler                 0x0800020b   Thumb Code     0  startup_stm32g431xx.o(.text)
    DMA1_Channel4_IRQHandler                 0x0800020b   Thumb Code     0  startup_stm32g431xx.o(.text)
    DMA1_Channel5_IRQHandler                 0x0800020b   Thumb Code     0  startup_stm32g431xx.o(.text)
    DMA1_Channel6_IRQHandler                 0x0800020b   Thumb Code     0  startup_stm32g431xx.o(.text)
    DMA2_Channel1_IRQHandler                 0x0800020b   Thumb Code     0  startup_stm32g431xx.o(.text)
    DMA2_Channel2_IRQHandler                 0x0800020b   Thumb Code     0  startup_stm32g431xx.o(.text)
    DMA2_Channel3_IRQHandler                 0x0800020b   Thumb Code     0  startup_stm32g431xx.o(.text)
    DMA2_Channel4_IRQHandler                 0x0800020b   Thumb Code     0  startup_stm32g431xx.o(.text)
    DMA2_Channel5_IRQHandler                 0x0800020b   Thumb Code     0  startup_stm32g431xx.o(.text)
    DMA2_Channel6_IRQHandler                 0x0800020b   Thumb Code     0  startup_stm32g431xx.o(.text)
    DMAMUX_OVR_IRQHandler                    0x0800020b   Thumb Code     0  startup_stm32g431xx.o(.text)
    EXTI0_IRQHandler                         0x0800020b   Thumb Code     0  startup_stm32g431xx.o(.text)
    EXTI15_10_IRQHandler                     0x0800020b   Thumb Code     0  startup_stm32g431xx.o(.text)
    EXTI1_IRQHandler                         0x0800020b   Thumb Code     0  startup_stm32g431xx.o(.text)
    EXTI2_IRQHandler                         0x0800020b   Thumb Code     0  startup_stm32g431xx.o(.text)
    EXTI3_IRQHandler                         0x0800020b   Thumb Code     0  startup_stm32g431xx.o(.text)
    EXTI4_IRQHandler                         0x0800020b   Thumb Code     0  startup_stm32g431xx.o(.text)
    EXTI9_5_IRQHandler                       0x0800020b   Thumb Code     0  startup_stm32g431xx.o(.text)
    FLASH_IRQHandler                         0x0800020b   Thumb Code     0  startup_stm32g431xx.o(.text)
    FMAC_IRQHandler                          0x0800020b   Thumb Code     0  startup_stm32g431xx.o(.text)
    FPU_IRQHandler                           0x0800020b   Thumb Code     0  startup_stm32g431xx.o(.text)
    I2C1_ER_IRQHandler                       0x0800020b   Thumb Code     0  startup_stm32g431xx.o(.text)
    I2C1_EV_IRQHandler                       0x0800020b   Thumb Code     0  startup_stm32g431xx.o(.text)
    I2C2_ER_IRQHandler                       0x0800020b   Thumb Code     0  startup_stm32g431xx.o(.text)
    I2C2_EV_IRQHandler                       0x0800020b   Thumb Code     0  startup_stm32g431xx.o(.text)
    I2C3_ER_IRQHandler                       0x0800020b   Thumb Code     0  startup_stm32g431xx.o(.text)
    I2C3_EV_IRQHandler                       0x0800020b   Thumb Code     0  startup_stm32g431xx.o(.text)
    LPTIM1_IRQHandler                        0x0800020b   Thumb Code     0  startup_stm32g431xx.o(.text)
    LPUART1_IRQHandler                       0x0800020b   Thumb Code     0  startup_stm32g431xx.o(.text)
    PVD_PVM_IRQHandler                       0x0800020b   Thumb Code     0  startup_stm32g431xx.o(.text)
    RCC_IRQHandler                           0x0800020b   Thumb Code     0  startup_stm32g431xx.o(.text)
    RNG_IRQHandler                           0x0800020b   Thumb Code     0  startup_stm32g431xx.o(.text)
    RTC_Alarm_IRQHandler                     0x0800020b   Thumb Code     0  startup_stm32g431xx.o(.text)
    RTC_TAMP_LSECSS_IRQHandler               0x0800020b   Thumb Code     0  startup_stm32g431xx.o(.text)
    RTC_WKUP_IRQHandler                      0x0800020b   Thumb Code     0  startup_stm32g431xx.o(.text)
    SAI1_IRQHandler                          0x0800020b   Thumb Code     0  startup_stm32g431xx.o(.text)
    SPI2_IRQHandler                          0x0800020b   Thumb Code     0  startup_stm32g431xx.o(.text)
    SPI3_IRQHandler                          0x0800020b   Thumb Code     0  startup_stm32g431xx.o(.text)
    TIM1_BRK_TIM15_IRQHandler                0x0800020b   Thumb Code     0  startup_stm32g431xx.o(.text)
    TIM1_CC_IRQHandler                       0x0800020b   Thumb Code     0  startup_stm32g431xx.o(.text)
    TIM1_TRG_COM_TIM17_IRQHandler            0x0800020b   Thumb Code     0  startup_stm32g431xx.o(.text)
    TIM1_UP_TIM16_IRQHandler                 0x0800020b   Thumb Code     0  startup_stm32g431xx.o(.text)
    TIM2_IRQHandler                          0x0800020b   Thumb Code     0  startup_stm32g431xx.o(.text)
    TIM3_IRQHandler                          0x0800020b   Thumb Code     0  startup_stm32g431xx.o(.text)
    TIM4_IRQHandler                          0x0800020b   Thumb Code     0  startup_stm32g431xx.o(.text)
    TIM7_IRQHandler                          0x0800020b   Thumb Code     0  startup_stm32g431xx.o(.text)
    TIM8_BRK_IRQHandler                      0x0800020b   Thumb Code     0  startup_stm32g431xx.o(.text)
    TIM8_CC_IRQHandler                       0x0800020b   Thumb Code     0  startup_stm32g431xx.o(.text)
    TIM8_TRG_COM_IRQHandler                  0x0800020b   Thumb Code     0  startup_stm32g431xx.o(.text)
    TIM8_UP_IRQHandler                       0x0800020b   Thumb Code     0  startup_stm32g431xx.o(.text)
    UART4_IRQHandler                         0x0800020b   Thumb Code     0  startup_stm32g431xx.o(.text)
    UCPD1_IRQHandler                         0x0800020b   Thumb Code     0  startup_stm32g431xx.o(.text)
    USART2_IRQHandler                        0x0800020b   Thumb Code     0  startup_stm32g431xx.o(.text)
    USART3_IRQHandler                        0x0800020b   Thumb Code     0  startup_stm32g431xx.o(.text)
    USBWakeUp_IRQHandler                     0x0800020b   Thumb Code     0  startup_stm32g431xx.o(.text)
    USB_HP_IRQHandler                        0x0800020b   Thumb Code     0  startup_stm32g431xx.o(.text)
    WWDG_IRQHandler                          0x0800020b   Thumb Code     0  startup_stm32g431xx.o(.text)
    __aeabi_uldivmod                         0x08000215   Thumb Code    98  uldiv.o(.text)
    __aeabi_memset                           0x08000277   Thumb Code    14  memseta.o(.text)
    __aeabi_memset4                          0x08000277   Thumb Code     0  memseta.o(.text)
    __aeabi_memset8                          0x08000277   Thumb Code     0  memseta.o(.text)
    __aeabi_memclr                           0x08000285   Thumb Code     4  memseta.o(.text)
    __aeabi_memclr4                          0x08000285   Thumb Code     0  memseta.o(.text)
    __aeabi_memclr8                          0x08000285   Thumb Code     0  memseta.o(.text)
    _memset$wrapper                          0x08000289   Thumb Code    18  memseta.o(.text)
    __aeabi_uidiv                            0x0800029b   Thumb Code     0  uidiv.o(.text)
    __aeabi_uidivmod                         0x0800029b   Thumb Code    44  uidiv.o(.text)
    __aeabi_llsl                             0x080002c7   Thumb Code    30  llshl.o(.text)
    _ll_shift_l                              0x080002c7   Thumb Code     0  llshl.o(.text)
    __aeabi_llsr                             0x080002e5   Thumb Code    32  llushr.o(.text)
    _ll_ushift_r                             0x080002e5   Thumb Code     0  llushr.o(.text)
    __I$use$fp                               0x08000305   Thumb Code     0  iusefp.o(.text)
    __aeabi_dadd                             0x08000305   Thumb Code   322  dadd.o(.text)
    __aeabi_dsub                             0x08000447   Thumb Code     6  dadd.o(.text)
    __aeabi_drsub                            0x0800044d   Thumb Code     6  dadd.o(.text)
    __aeabi_dmul                             0x08000453   Thumb Code   228  dmul.o(.text)
    __aeabi_ddiv                             0x08000537   Thumb Code   222  ddiv.o(.text)
    __aeabi_d2ulz                            0x08000615   Thumb Code    48  dfixul.o(.text)
    __aeabi_cdrcmple                         0x08000645   Thumb Code    48  cdrcmple.o(.text)
    __scatterload                            0x08000675   Thumb Code    28  init.o(.text)
    __scatterload_rt2                        0x08000675   Thumb Code     0  init.o(.text)
    __aeabi_lasr                             0x08000699   Thumb Code    36  llsshr.o(.text)
    _ll_sshift_r                             0x08000699   Thumb Code     0  llsshr.o(.text)
    _double_round                            0x080006bd   Thumb Code    30  depilogue.o(.text)
    _double_epilogue                         0x080006db   Thumb Code   156  depilogue.o(.text)
    __decompress                             0x08000777   Thumb Code     0  __dczerorl2.o(.text)
    __decompress1                            0x08000777   Thumb Code    86  __dczerorl2.o(.text)
    ADC1_2_IRQHandler                        0x080007cd   Thumb Code    18  stm32g4xx_it.o(i.ADC1_2_IRQHandler)
    ADC_Disable                              0x080007e9   Thumb Code   128  stm32g4xx_hal_adc.o(i.ADC_Disable)
    ADC_Enable                               0x0800086d   Thumb Code   184  stm32g4xx_hal_adc.o(i.ADC_Enable)
    ADC_Init                                 0x08000935   Thumb Code    28  myadc.o(i.ADC_Init)
    BusFault_Handler                         0x08000955   Thumb Code     2  stm32g4xx_it.o(i.BusFault_Handler)
    CDC_Transmit_FS                          0x080009a5   Thumb Code    40  usbd_cdc_if.o(i.CDC_Transmit_FS)
    CurrentCalculation                       0x080009d1   Thumb Code    26  myadc.o(i.CurrentCalculation)
    DMA1_Channel1_IRQHandler                 0x080009ed   Thumb Code     6  stm32g4xx_it.o(i.DMA1_Channel1_IRQHandler)
    DMA1_Channel2_IRQHandler                 0x080009f9   Thumb Code     6  stm32g4xx_it.o(i.DMA1_Channel2_IRQHandler)
    DebugMon_Handler                         0x08000ab7   Thumb Code     2  stm32g4xx_it.o(i.DebugMon_Handler)
    Error_Handler                            0x08000ab9   Thumb Code     4  main.o(i.Error_Handler)
    FDCAN1_IT0_IRQHandler                    0x08000abd   Thumb Code     6  stm32g4xx_it.o(i.FDCAN1_IT0_IRQHandler)
    FDCAN1_IT1_IRQHandler                    0x08000ac9   Thumb Code     6  stm32g4xx_it.o(i.FDCAN1_IT1_IRQHandler)
    HAL_ADCEx_Calibration_Start              0x08000be1   Thumb Code   148  stm32g4xx_hal_adc_ex.o(i.HAL_ADCEx_Calibration_Start)
    HAL_ADCEx_EndOfSamplingCallback          0x08000c7d   Thumb Code     2  stm32g4xx_hal_adc_ex.o(i.HAL_ADCEx_EndOfSamplingCallback)
    HAL_ADCEx_InjectedConfigChannel          0x08000c81   Thumb Code  1296  stm32g4xx_hal_adc_ex.o(i.HAL_ADCEx_InjectedConfigChannel)
    HAL_ADCEx_InjectedConvCpltCallback       0x080011b5   Thumb Code    56  my_mian.o(i.HAL_ADCEx_InjectedConvCpltCallback)
    HAL_ADCEx_InjectedGetValue               0x080011fd   Thumb Code    46  stm32g4xx_hal_adc_ex.o(i.HAL_ADCEx_InjectedGetValue)
    HAL_ADCEx_InjectedQueueOverflowCallback  0x0800122b   Thumb Code     2  stm32g4xx_hal_adc_ex.o(i.HAL_ADCEx_InjectedQueueOverflowCallback)
    HAL_ADCEx_InjectedStart_IT               0x0800122d   Thumb Code   292  stm32g4xx_hal_adc_ex.o(i.HAL_ADCEx_InjectedStart_IT)
    HAL_ADCEx_LevelOutOfWindow2Callback      0x0800135d   Thumb Code     2  stm32g4xx_hal_adc_ex.o(i.HAL_ADCEx_LevelOutOfWindow2Callback)
    HAL_ADCEx_LevelOutOfWindow3Callback      0x0800135f   Thumb Code     2  stm32g4xx_hal_adc_ex.o(i.HAL_ADCEx_LevelOutOfWindow3Callback)
    HAL_ADCEx_MultiModeConfigChannel         0x08001361   Thumb Code   222  stm32g4xx_hal_adc_ex.o(i.HAL_ADCEx_MultiModeConfigChannel)
    HAL_ADC_ConvCpltCallback                 0x08001449   Thumb Code     2  stm32g4xx_hal_adc.o(i.HAL_ADC_ConvCpltCallback)
    HAL_ADC_ErrorCallback                    0x0800144b   Thumb Code     2  stm32g4xx_hal_adc.o(i.HAL_ADC_ErrorCallback)
    HAL_ADC_IRQHandler                       0x0800144d   Thumb Code   636  stm32g4xx_hal_adc.o(i.HAL_ADC_IRQHandler)
    HAL_ADC_Init                             0x080016d1   Thumb Code   482  stm32g4xx_hal_adc.o(i.HAL_ADC_Init)
    HAL_ADC_LevelOutOfWindowCallback         0x080018d1   Thumb Code     2  stm32g4xx_hal_adc.o(i.HAL_ADC_LevelOutOfWindowCallback)
    HAL_ADC_MspInit                          0x080018d5   Thumb Code   256  adc.o(i.HAL_ADC_MspInit)
    HAL_DMA_Abort                            0x080019e1   Thumb Code   112  stm32g4xx_hal_dma.o(i.HAL_DMA_Abort)
    HAL_DMA_Abort_IT                         0x08001a51   Thumb Code   118  stm32g4xx_hal_dma.o(i.HAL_DMA_Abort_IT)
    HAL_DMA_IRQHandler                       0x08001ac7   Thumb Code   204  stm32g4xx_hal_dma.o(i.HAL_DMA_IRQHandler)
    HAL_DMA_Init                             0x08001b95   Thumb Code   184  stm32g4xx_hal_dma.o(i.HAL_DMA_Init)
    HAL_DMA_Start_IT                         0x08001c59   Thumb Code   144  stm32g4xx_hal_dma.o(i.HAL_DMA_Start_IT)
    HAL_Delay                                0x08001ce9   Thumb Code    32  stm32g4xx_hal.o(i.HAL_Delay)
    HAL_FDCAN_AddMessageToTxFifoQ            0x08001d0d   Thumb Code    78  stm32g4xx_hal_fdcan.o(i.HAL_FDCAN_AddMessageToTxFifoQ)
    HAL_FDCAN_ErrorCallback                  0x08001d5b   Thumb Code     2  stm32g4xx_hal_fdcan.o(i.HAL_FDCAN_ErrorCallback)
    HAL_FDCAN_ErrorStatusCallback            0x08001d5d   Thumb Code     2  stm32g4xx_hal_fdcan.o(i.HAL_FDCAN_ErrorStatusCallback)
    HAL_FDCAN_GetRxMessage                   0x08001d61   Thumb Code   296  stm32g4xx_hal_fdcan.o(i.HAL_FDCAN_GetRxMessage)
    HAL_FDCAN_GetTxFifoFreeLevel             0x08001e8d   Thumb Code    12  stm32g4xx_hal_fdcan.o(i.HAL_FDCAN_GetTxFifoFreeLevel)
    HAL_FDCAN_HighPriorityMessageCallback    0x08001e99   Thumb Code     2  stm32g4xx_hal_fdcan.o(i.HAL_FDCAN_HighPriorityMessageCallback)
    HAL_FDCAN_IRQHandler                     0x08001e9b   Thumb Code   372  stm32g4xx_hal_fdcan.o(i.HAL_FDCAN_IRQHandler)
    HAL_FDCAN_Init                           0x08002011   Thumb Code   466  stm32g4xx_hal_fdcan.o(i.HAL_FDCAN_Init)
    HAL_FDCAN_MspInit                        0x080021ed   Thumb Code   148  fdcan.o(i.HAL_FDCAN_MspInit)
    HAL_FDCAN_RxFifo0Callback                0x0800228d   Thumb Code    14  co_driver_stm32.o(i.HAL_FDCAN_RxFifo0Callback)
    HAL_FDCAN_RxFifo1Callback                0x0800229b   Thumb Code    14  co_driver_stm32.o(i.HAL_FDCAN_RxFifo1Callback)
    HAL_FDCAN_TimeoutOccurredCallback        0x080022a9   Thumb Code     2  stm32g4xx_hal_fdcan.o(i.HAL_FDCAN_TimeoutOccurredCallback)
    HAL_FDCAN_TimestampWraparoundCallback    0x080022ab   Thumb Code     2  stm32g4xx_hal_fdcan.o(i.HAL_FDCAN_TimestampWraparoundCallback)
    HAL_FDCAN_TxBufferAbortCallback          0x080022ad   Thumb Code     2  stm32g4xx_hal_fdcan.o(i.HAL_FDCAN_TxBufferAbortCallback)
    HAL_FDCAN_TxBufferCompleteCallback       0x080022b1   Thumb Code    84  co_driver_stm32.o(i.HAL_FDCAN_TxBufferCompleteCallback)
    HAL_FDCAN_TxEventFifoCallback            0x08002309   Thumb Code     2  stm32g4xx_hal_fdcan.o(i.HAL_FDCAN_TxEventFifoCallback)
    HAL_FDCAN_TxFifoEmptyCallback            0x0800230b   Thumb Code     2  stm32g4xx_hal_fdcan.o(i.HAL_FDCAN_TxFifoEmptyCallback)
    HAL_GPIO_Init                            0x0800230d   Thumb Code   406  stm32g4xx_hal_gpio.o(i.HAL_GPIO_Init)
    HAL_GPIO_WritePin                        0x080024c5   Thumb Code    12  stm32g4xx_hal_gpio.o(i.HAL_GPIO_WritePin)
    HAL_GetTick                              0x080024d1   Thumb Code     6  stm32g4xx_hal.o(i.HAL_GetTick)
    HAL_IncTick                              0x080024dd   Thumb Code    12  stm32g4xx_hal.o(i.HAL_IncTick)
    HAL_Init                                 0x080024ed   Thumb Code    30  stm32g4xx_hal.o(i.HAL_Init)
    HAL_InitTick                             0x0800250d   Thumb Code    68  stm32g4xx_hal.o(i.HAL_InitTick)
    HAL_MspInit                              0x08002559   Thumb Code    42  stm32g4xx_hal_msp.o(i.HAL_MspInit)
    HAL_NVIC_EnableIRQ                       0x08002589   Thumb Code    26  stm32g4xx_hal_cortex.o(i.HAL_NVIC_EnableIRQ)
    HAL_NVIC_SetPriority                     0x080025a5   Thumb Code    60  stm32g4xx_hal_cortex.o(i.HAL_NVIC_SetPriority)
    HAL_NVIC_SetPriorityGrouping             0x080025e5   Thumb Code    26  stm32g4xx_hal_cortex.o(i.HAL_NVIC_SetPriorityGrouping)
    HAL_PCDEx_ActivateLPM                    0x08002609   Thumb Code    36  stm32g4xx_hal_pcd_ex.o(i.HAL_PCDEx_ActivateLPM)
    HAL_PCDEx_LPM_Callback                   0x0800262d   Thumb Code    66  usbd_conf.o(i.HAL_PCDEx_LPM_Callback)
    HAL_PCDEx_PMAConfig                      0x08002675   Thumb Code    60  stm32g4xx_hal_pcd_ex.o(i.HAL_PCDEx_PMAConfig)
    HAL_PCD_DataInStageCallback              0x080026b1   Thumb Code    18  usbd_conf.o(i.HAL_PCD_DataInStageCallback)
    HAL_PCD_DataOutStageCallback             0x080026c3   Thumb Code    20  usbd_conf.o(i.HAL_PCD_DataOutStageCallback)
    HAL_PCD_EP_Close                         0x080026d7   Thumb Code    72  stm32g4xx_hal_pcd.o(i.HAL_PCD_EP_Close)
    HAL_PCD_EP_ClrStall                      0x0800271f   Thumb Code    88  stm32g4xx_hal_pcd.o(i.HAL_PCD_EP_ClrStall)
    HAL_PCD_EP_GetRxCount                    0x08002c25   Thumb Code    18  stm32g4xx_hal_pcd.o(i.HAL_PCD_EP_GetRxCount)
    HAL_PCD_EP_Open                          0x08002c37   Thumb Code    90  stm32g4xx_hal_pcd.o(i.HAL_PCD_EP_Open)
    HAL_PCD_EP_Receive                       0x08002c91   Thumb Code    40  stm32g4xx_hal_pcd.o(i.HAL_PCD_EP_Receive)
    HAL_PCD_EP_SetStall                      0x08002cb9   Thumb Code    92  stm32g4xx_hal_pcd.o(i.HAL_PCD_EP_SetStall)
    HAL_PCD_EP_Transmit                      0x08002d15   Thumb Code    46  stm32g4xx_hal_pcd.o(i.HAL_PCD_EP_Transmit)
    HAL_PCD_IRQHandler                       0x08002d43   Thumb Code   342  stm32g4xx_hal_pcd.o(i.HAL_PCD_IRQHandler)
    HAL_PCD_Init                             0x08002e99   Thumb Code   148  stm32g4xx_hal_pcd.o(i.HAL_PCD_Init)
    HAL_PCD_MspInit                          0x08002f2d   Thumb Code   136  usbd_conf.o(i.HAL_PCD_MspInit)
    HAL_PCD_ResetCallback                    0x08002fbd   Thumb Code    38  usbd_conf.o(i.HAL_PCD_ResetCallback)
    HAL_PCD_ResumeCallback                   0x08002fe5   Thumb Code    36  usbd_conf.o(i.HAL_PCD_ResumeCallback)
    HAL_PCD_SOFCallback                      0x0800300d   Thumb Code     8  usbd_conf.o(i.HAL_PCD_SOFCallback)
    HAL_PCD_SetAddress                       0x08003015   Thumb Code    38  stm32g4xx_hal_pcd.o(i.HAL_PCD_SetAddress)
    HAL_PCD_SetupStageCallback               0x0800303b   Thumb Code    14  usbd_conf.o(i.HAL_PCD_SetupStageCallback)
    HAL_PCD_Start                            0x08003049   Thumb Code    42  stm32g4xx_hal_pcd.o(i.HAL_PCD_Start)
    HAL_PCD_SuspendCallback                  0x08003075   Thumb Code    30  usbd_conf.o(i.HAL_PCD_SuspendCallback)
    HAL_PWREx_ControlVoltageScaling          0x08003099   Thumb Code   190  stm32g4xx_hal_pwr_ex.o(i.HAL_PWREx_ControlVoltageScaling)
    HAL_PWREx_DisableUCPDDeadBattery         0x08003165   Thumb Code    12  stm32g4xx_hal_pwr_ex.o(i.HAL_PWREx_DisableUCPDDeadBattery)
    HAL_RCCEx_CRSConfig                      0x08003175   Thumb Code    66  stm32g4xx_hal_rcc_ex.o(i.HAL_RCCEx_CRSConfig)
    HAL_RCCEx_PeriphCLKConfig                0x080031c1   Thumb Code   656  stm32g4xx_hal_rcc_ex.o(i.HAL_RCCEx_PeriphCLKConfig)
    HAL_RCC_ClockConfig                      0x08003459   Thumb Code   432  stm32g4xx_hal_rcc.o(i.HAL_RCC_ClockConfig)
    HAL_RCC_GetHCLKFreq                      0x08003621   Thumb Code     6  stm32g4xx_hal_rcc.o(i.HAL_RCC_GetHCLKFreq)
    HAL_RCC_GetPCLK1Freq                     0x0800362d   Thumb Code    26  stm32g4xx_hal_rcc.o(i.HAL_RCC_GetPCLK1Freq)
    HAL_RCC_GetPCLK2Freq                     0x08003651   Thumb Code    26  stm32g4xx_hal_rcc.o(i.HAL_RCC_GetPCLK2Freq)
    HAL_RCC_GetSysClockFreq                  0x08003675   Thumb Code   106  stm32g4xx_hal_rcc.o(i.HAL_RCC_GetSysClockFreq)
    HAL_RCC_OscConfig                        0x080036e9   Thumb Code  1104  stm32g4xx_hal_rcc.o(i.HAL_RCC_OscConfig)
    HAL_SPI_ErrorCallback                    0x08003b39   Thumb Code     2  stm32g4xx_hal_spi.o(i.HAL_SPI_ErrorCallback)
    HAL_SPI_IRQHandler                       0x08003b3d   Thumb Code   254  stm32g4xx_hal_spi.o(i.HAL_SPI_IRQHandler)
    HAL_SPI_Init                             0x08003c41   Thumb Code   236  stm32g4xx_hal_spi.o(i.HAL_SPI_Init)
    HAL_SPI_MspInit                          0x08003d2d   Thumb Code   106  spi.o(i.HAL_SPI_MspInit)
    HAL_SYSTICK_Config                       0x08003da1   Thumb Code    40  stm32g4xx_hal_cortex.o(i.HAL_SYSTICK_Config)
    HAL_TIMEx_Break2Callback                 0x08003dc9   Thumb Code     2  stm32g4xx_hal_tim_ex.o(i.HAL_TIMEx_Break2Callback)
    HAL_TIMEx_BreakCallback                  0x08003dcb   Thumb Code     2  stm32g4xx_hal_tim_ex.o(i.HAL_TIMEx_BreakCallback)
    HAL_TIMEx_CommutCallback                 0x08003dcd   Thumb Code     2  stm32g4xx_hal_tim_ex.o(i.HAL_TIMEx_CommutCallback)
    HAL_TIMEx_ConfigBreakDeadTime            0x08003dd1   Thumb Code   148  stm32g4xx_hal_tim_ex.o(i.HAL_TIMEx_ConfigBreakDeadTime)
    HAL_TIMEx_DirectionChangeCallback        0x08003e6d   Thumb Code     2  stm32g4xx_hal_tim_ex.o(i.HAL_TIMEx_DirectionChangeCallback)
    HAL_TIMEx_EncoderIndexCallback           0x08003e6f   Thumb Code     2  stm32g4xx_hal_tim_ex.o(i.HAL_TIMEx_EncoderIndexCallback)
    HAL_TIMEx_IndexErrorCallback             0x08003e71   Thumb Code     2  stm32g4xx_hal_tim_ex.o(i.HAL_TIMEx_IndexErrorCallback)
    HAL_TIMEx_MasterConfigSynchronization    0x08003e75   Thumb Code   120  stm32g4xx_hal_tim_ex.o(i.HAL_TIMEx_MasterConfigSynchronization)
    HAL_TIMEx_TransitionErrorCallback        0x08003f05   Thumb Code     2  stm32g4xx_hal_tim_ex.o(i.HAL_TIMEx_TransitionErrorCallback)
    HAL_TIM_Base_Init                        0x08003f07   Thumb Code    78  stm32g4xx_hal_tim.o(i.HAL_TIM_Base_Init)
    HAL_TIM_Base_MspInit                     0x08003f55   Thumb Code    50  tim.o(i.HAL_TIM_Base_MspInit)
    HAL_TIM_Base_Start                       0x08003f91   Thumb Code    94  stm32g4xx_hal_tim.o(i.HAL_TIM_Base_Start)
    HAL_TIM_IC_CaptureCallback               0x08004009   Thumb Code     2  stm32g4xx_hal_tim.o(i.HAL_TIM_IC_CaptureCallback)
    HAL_TIM_IRQHandler                       0x0800400b   Thumb Code   426  stm32g4xx_hal_tim.o(i.HAL_TIM_IRQHandler)
    HAL_TIM_MspPostInit                      0x080041b5   Thumb Code    74  tim.o(i.HAL_TIM_MspPostInit)
    HAL_TIM_OC_ConfigChannel                 0x08004209   Thumb Code   110  stm32g4xx_hal_tim.o(i.HAL_TIM_OC_ConfigChannel)
    HAL_TIM_OC_DelayElapsedCallback          0x08004277   Thumb Code     2  stm32g4xx_hal_tim.o(i.HAL_TIM_OC_DelayElapsedCallback)
    HAL_TIM_OC_Init                          0x08004279   Thumb Code    78  stm32g4xx_hal_tim.o(i.HAL_TIM_OC_Init)
    HAL_TIM_OC_MspInit                       0x080042c9   Thumb Code    30  tim.o(i.HAL_TIM_OC_MspInit)
    HAL_TIM_PWM_PulseFinishedCallback        0x080042f1   Thumb Code     2  stm32g4xx_hal_tim.o(i.HAL_TIM_PWM_PulseFinishedCallback)
    HAL_TIM_PeriodElapsedCallback            0x080042f3   Thumb Code     2  my_mian.o(i.HAL_TIM_PeriodElapsedCallback)
    HAL_TIM_TriggerCallback                  0x080042f5   Thumb Code     2  stm32g4xx_hal_tim.o(i.HAL_TIM_TriggerCallback)
    HAL_UARTEx_DisableFifoMode               0x080042f7   Thumb Code    62  stm32g4xx_hal_uart_ex.o(i.HAL_UARTEx_DisableFifoMode)
    HAL_UARTEx_RxEventCallback               0x08004335   Thumb Code     2  stm32g4xx_hal_uart.o(i.HAL_UARTEx_RxEventCallback)
    HAL_UARTEx_RxFifoFullCallback            0x08004337   Thumb Code     2  stm32g4xx_hal_uart_ex.o(i.HAL_UARTEx_RxFifoFullCallback)
    HAL_UARTEx_SetRxFifoThreshold            0x08004339   Thumb Code    76  stm32g4xx_hal_uart_ex.o(i.HAL_UARTEx_SetRxFifoThreshold)
    HAL_UARTEx_SetTxFifoThreshold            0x08004385   Thumb Code    76  stm32g4xx_hal_uart_ex.o(i.HAL_UARTEx_SetTxFifoThreshold)
    HAL_UARTEx_TxFifoEmptyCallback           0x080043d1   Thumb Code     2  stm32g4xx_hal_uart_ex.o(i.HAL_UARTEx_TxFifoEmptyCallback)
    HAL_UARTEx_WakeupCallback                0x080043d3   Thumb Code     2  stm32g4xx_hal_uart_ex.o(i.HAL_UARTEx_WakeupCallback)
    HAL_UART_ErrorCallback                   0x080043d5   Thumb Code     2  stm32g4xx_hal_uart.o(i.HAL_UART_ErrorCallback)
    HAL_UART_IRQHandler                      0x080043d9   Thumb Code   790  stm32g4xx_hal_uart.o(i.HAL_UART_IRQHandler)
    HAL_UART_Init                            0x080046fd   Thumb Code   112  stm32g4xx_hal_uart.o(i.HAL_UART_Init)
    HAL_UART_MspInit                         0x0800476d   Thumb Code   314  usart.o(i.HAL_UART_MspInit)
    HAL_UART_Transmit_DMA                    0x080048c1   Thumb Code   130  stm32g4xx_hal_uart.o(i.HAL_UART_Transmit_DMA)
    HAL_UART_TxCpltCallback                  0x08004951   Thumb Code    12  my_mian.o(i.HAL_UART_TxCpltCallback)
    HAL_UART_TxHalfCpltCallback              0x08004961   Thumb Code     2  stm32g4xx_hal_uart.o(i.HAL_UART_TxHalfCpltCallback)
    HardFault_Handler                        0x08004963   Thumb Code     2  stm32g4xx_it.o(i.HardFault_Handler)
    MT6816_ReadOneAngle                      0x08004a19   Thumb Code   244  mt6816.o(i.MT6816_ReadOneAngle)
    MX_ADC1_Init                             0x08004b11   Thumb Code   162  adc.o(i.MX_ADC1_Init)
    MX_ADC2_Init                             0x08004bbd   Thumb Code   126  adc.o(i.MX_ADC2_Init)
    MX_DMA_Init                              0x08004c49   Thumb Code    72  dma.o(i.MX_DMA_Init)
    MX_FDCAN1_Init                           0x08004c95   Thumb Code    70  fdcan.o(i.MX_FDCAN1_Init)
    MX_GPIO_Init                             0x08004ce5   Thumb Code   140  gpio.o(i.MX_GPIO_Init)
    MX_SPI1_Init                             0x08004d79   Thumb Code    72  spi.o(i.MX_SPI1_Init)
    MX_TIM1_Init                             0x08004dc9   Thumb Code   204  tim.o(i.MX_TIM1_Init)
    MX_TIM6_Init                             0x08004e9d   Thumb Code    64  tim.o(i.MX_TIM6_Init)
    MX_USART1_UART_Init                      0x08004ee5   Thumb Code    94  usart.o(i.MX_USART1_UART_Init)
    MX_USART2_UART_Init                      0x08004f4d   Thumb Code    94  usart.o(i.MX_USART2_UART_Init)
    MX_USB_Device_Init                       0x08004fb5   Thumb Code    66  usb_device.o(i.MX_USB_Device_Init)
    MemManage_Handler                        0x08005009   Thumb Code     2  stm32g4xx_it.o(i.MemManage_Handler)
    NMI_Handler                              0x0800500b   Thumb Code     2  stm32g4xx_it.o(i.NMI_Handler)
    PendSV_Handler                           0x0800539f   Thumb Code     2  stm32g4xx_it.o(i.PendSV_Handler)
    SPI1_IRQHandler                          0x080053f1   Thumb Code     6  stm32g4xx_it.o(i.SPI1_IRQHandler)
    SVC_Handler                              0x0800540f   Thumb Code     2  stm32g4xx_it.o(i.SVC_Handler)
    SysTick_Handler                          0x0800541b   Thumb Code     4  stm32g4xx_it.o(i.SysTick_Handler)
    SystemClock_Config                       0x08005425   Thumb Code   162  main.o(i.SystemClock_Config)
    SystemInit                               0x080054cd   Thumb Code    12  system_stm32g4xx.o(i.SystemInit)
    TIM6_DAC_IRQHandler                      0x080054dd   Thumb Code     6  stm32g4xx_it.o(i.TIM6_DAC_IRQHandler)
    TIM_Base_SetConfig                       0x080054e9   Thumb Code   156  stm32g4xx_hal_tim.o(i.TIM_Base_SetConfig)
    TIM_OC2_SetConfig                        0x08005645   Thumb Code   128  stm32g4xx_hal_tim.o(i.TIM_OC2_SetConfig)
    UART_AdvFeatureConfig                    0x08005935   Thumb Code   200  stm32g4xx_hal_uart.o(i.UART_AdvFeatureConfig)
    UART_CheckIdleState                      0x080059fd   Thumb Code   170  stm32g4xx_hal_uart.o(i.UART_CheckIdleState)
    UART_SetConfig                           0x08005be9   Thumb Code   680  stm32g4xx_hal_uart.o(i.UART_SetConfig)
    UART_WaitOnFlagUntilTimeout              0x08005ebd   Thumb Code   152  stm32g4xx_hal_uart.o(i.UART_WaitOnFlagUntilTimeout)
    USART1_IRQHandler                        0x08005f55   Thumb Code     6  stm32g4xx_it.o(i.USART1_IRQHandler)
    USBD_CDC_ConfigStrDescriptor             0x08005f61   Thumb Code    32  usbd_desc.o(i.USBD_CDC_ConfigStrDescriptor)
    USBD_CDC_DeviceDescriptor                0x08006069   Thumb Code     8  usbd_desc.o(i.USBD_CDC_DeviceDescriptor)
    USBD_CDC_GetDeviceQualifierDescriptor    0x080060a5   Thumb Code     8  usbd_cdc.o(i.USBD_CDC_GetDeviceQualifierDescriptor)
    USBD_CDC_InterfaceStrDescriptor          0x08006199   Thumb Code    32  usbd_desc.o(i.USBD_CDC_InterfaceStrDescriptor)
    USBD_CDC_LangIDStrDescriptor             0x080061cd   Thumb Code     8  usbd_desc.o(i.USBD_CDC_LangIDStrDescriptor)
    USBD_CDC_ManufacturerStrDescriptor       0x080061d9   Thumb Code    16  usbd_desc.o(i.USBD_CDC_ManufacturerStrDescriptor)
    USBD_CDC_ProductStrDescriptor            0x08006201   Thumb Code    32  usbd_desc.o(i.USBD_CDC_ProductStrDescriptor)
    USBD_CDC_ReceivePacket                   0x0800623d   Thumb Code    50  usbd_cdc.o(i.USBD_CDC_ReceivePacket)
    USBD_CDC_RegisterInterface               0x0800626f   Thumb Code    16  usbd_cdc.o(i.USBD_CDC_RegisterInterface)
    USBD_CDC_SerialStrDescriptor             0x08006281   Thumb Code    14  usbd_desc.o(i.USBD_CDC_SerialStrDescriptor)
    USBD_CDC_SetRxBuffer                     0x08006295   Thumb Code    20  usbd_cdc.o(i.USBD_CDC_SetRxBuffer)
    USBD_CDC_SetTxBuffer                     0x080062a9   Thumb Code    24  usbd_cdc.o(i.USBD_CDC_SetTxBuffer)
    USBD_CDC_TransmitPacket                  0x080063b7   Thumb Code    52  usbd_cdc.o(i.USBD_CDC_TransmitPacket)
    USBD_ClrClassConfig                      0x080063eb   Thumb Code    18  usbd_core.o(i.USBD_ClrClassConfig)
    USBD_CtlContinueRx                       0x08006423   Thumb Code    16  usbd_ioreq.o(i.USBD_CtlContinueRx)
    USBD_CtlContinueSendData                 0x08006433   Thumb Code    16  usbd_ioreq.o(i.USBD_CtlContinueSendData)
    USBD_CtlError                            0x08006443   Thumb Code    24  usbd_ctlreq.o(i.USBD_CtlError)
    USBD_CtlPrepareRx                        0x0800645b   Thumb Code    30  usbd_ioreq.o(i.USBD_CtlPrepareRx)
    USBD_CtlReceiveStatus                    0x08006479   Thumb Code    22  usbd_ioreq.o(i.USBD_CtlReceiveStatus)
    USBD_CtlSendData                         0x0800648f   Thumb Code    26  usbd_ioreq.o(i.USBD_CtlSendData)
    USBD_CtlSendStatus                       0x080064a9   Thumb Code    22  usbd_ioreq.o(i.USBD_CtlSendStatus)
    USBD_GetString                           0x0800672d   Thumb Code    62  usbd_ctlreq.o(i.USBD_GetString)
    USBD_Init                                0x0800678f   Thumb Code    40  usbd_core.o(i.USBD_Init)
    USBD_LL_ClearStallEP                     0x080067b7   Thumb Code    18  usbd_conf.o(i.USBD_LL_ClearStallEP)
    USBD_LL_CloseEP                          0x080067c9   Thumb Code    18  usbd_conf.o(i.USBD_LL_CloseEP)
    USBD_LL_DataInStage                      0x080067db   Thumb Code   188  usbd_core.o(i.USBD_LL_DataInStage)
    USBD_LL_DataOutStage                     0x08006897   Thumb Code   110  usbd_core.o(i.USBD_LL_DataOutStage)
    USBD_LL_GetRxDataSize                    0x08006905   Thumb Code     8  usbd_conf.o(i.USBD_LL_GetRxDataSize)
    USBD_LL_Init                             0x0800690d   Thumb Code   120  usbd_conf.o(i.USBD_LL_Init)
    USBD_LL_IsStallEP                        0x0800698d   Thumb Code    30  usbd_conf.o(i.USBD_LL_IsStallEP)
    USBD_LL_OpenEP                           0x080069ab   Thumb Code    24  usbd_conf.o(i.USBD_LL_OpenEP)
    USBD_LL_PrepareReceive                   0x080069c3   Thumb Code    18  usbd_conf.o(i.USBD_LL_PrepareReceive)
    USBD_LL_Reset                            0x080069d5   Thumb Code    92  usbd_core.o(i.USBD_LL_Reset)
    USBD_LL_Resume                           0x08006a31   Thumb Code    20  usbd_core.o(i.USBD_LL_Resume)
    USBD_LL_SOF                              0x08006a45   Thumb Code    34  usbd_core.o(i.USBD_LL_SOF)
    USBD_LL_SetSpeed                         0x08006a67   Thumb Code     6  usbd_core.o(i.USBD_LL_SetSpeed)
    USBD_LL_SetUSBAddress                    0x08006a6d   Thumb Code    18  usbd_conf.o(i.USBD_LL_SetUSBAddress)
    USBD_LL_SetupStage                       0x08006a7f   Thumb Code    96  usbd_core.o(i.USBD_LL_SetupStage)
    USBD_LL_StallEP                          0x08006adf   Thumb Code    18  usbd_conf.o(i.USBD_LL_StallEP)
    USBD_LL_Start                            0x08006af1   Thumb Code    18  usbd_conf.o(i.USBD_LL_Start)
    USBD_LL_Suspend                          0x08006b03   Thumb Code    16  usbd_core.o(i.USBD_LL_Suspend)
    USBD_LL_Transmit                         0x08006b13   Thumb Code    18  usbd_conf.o(i.USBD_LL_Transmit)
    USBD_ParseSetupRequest                   0x08006b25   Thumb Code    50  usbd_ctlreq.o(i.USBD_ParseSetupRequest)
    USBD_RegisterClass                       0x08006b57   Thumb Code    36  usbd_core.o(i.USBD_RegisterClass)
    USBD_RunTestMode                         0x08006b7b   Thumb Code     4  usbd_core.o(i.USBD_RunTestMode)
    USBD_SetClassConfig                      0x08006bd7   Thumb Code    20  usbd_core.o(i.USBD_SetClassConfig)
    USBD_Start                               0x08006cd5   Thumb Code     4  usbd_core.o(i.USBD_Start)
    USBD_StdDevReq                           0x08006cd9   Thumb Code   110  usbd_ctlreq.o(i.USBD_StdDevReq)
    USBD_StdEPReq                            0x08006d47   Thumb Code   476  usbd_ctlreq.o(i.USBD_StdEPReq)
    USBD_StdItfReq                           0x08006f23   Thumb Code   110  usbd_ctlreq.o(i.USBD_StdItfReq)
    USBD_static_free                         0x08006f91   Thumb Code     2  usbd_conf.o(i.USBD_static_free)
    USBD_static_malloc                       0x08006f95   Thumb Code     4  usbd_conf.o(i.USBD_static_malloc)
    USB_ActivateEndpoint                     0x08006f9d   Thumb Code   952  stm32g4xx_ll_usb.o(i.USB_ActivateEndpoint)
    USB_DeactivateEndpoint                   0x08007355   Thumb Code   312  stm32g4xx_ll_usb.o(i.USB_DeactivateEndpoint)
    USB_DevConnect                           0x0800748d   Thumb Code    14  stm32g4xx_ll_usb.o(i.USB_DevConnect)
    USB_DevInit                              0x0800749b   Thumb Code    18  stm32g4xx_ll_usb.o(i.USB_DevInit)
    USB_DisableGlobalInt                     0x080074ad   Thumb Code    16  stm32g4xx_ll_usb.o(i.USB_DisableGlobalInt)
    USB_EPClearStall                         0x080074bd   Thumb Code   126  stm32g4xx_ll_usb.o(i.USB_EPClearStall)
    USB_EPSetStall                           0x0800753b   Thumb Code    60  stm32g4xx_ll_usb.o(i.USB_EPSetStall)
    USB_EPStartXfer                          0x08007577   Thumb Code   964  stm32g4xx_ll_usb.o(i.USB_EPStartXfer)
    USB_EnableGlobalInt                      0x0800793b   Thumb Code    16  stm32g4xx_ll_usb.o(i.USB_EnableGlobalInt)
    USB_LP_IRQHandler                        0x0800794d   Thumb Code     6  stm32g4xx_it.o(i.USB_LP_IRQHandler)
    USB_ReadInterrupts                       0x08007959   Thumb Code     6  stm32g4xx_ll_usb.o(i.USB_ReadInterrupts)
    USB_ReadPMA                              0x0800795f   Thumb Code    42  stm32g4xx_ll_usb.o(i.USB_ReadPMA)
    USB_SetDevAddress                        0x08007989   Thumb Code    14  stm32g4xx_ll_usb.o(i.USB_SetDevAddress)
    USB_WritePMA                             0x08007997   Thumb Code    38  stm32g4xx_ll_usb.o(i.USB_WritePMA)
    UsageFault_Handler                       0x080079bd   Thumb Code     2  stm32g4xx_it.o(i.UsageFault_Handler)
    __0vsnprintf                             0x080079c1   Thumb Code    46  printfa.o(i.__0vsnprintf)
    __1vsnprintf                             0x080079c1   Thumb Code     0  printfa.o(i.__0vsnprintf)
    __2vsnprintf                             0x080079c1   Thumb Code     0  printfa.o(i.__0vsnprintf)
    __c89vsnprintf                           0x080079c1   Thumb Code     0  printfa.o(i.__0vsnprintf)
    vsnprintf                                0x080079c1   Thumb Code     0  printfa.o(i.__0vsnprintf)
    __scatterload_copy                       0x08007a15   Thumb Code    14  handlers.o(i.__scatterload_copy)
    __scatterload_null                       0x08007a23   Thumb Code     2  handlers.o(i.__scatterload_null)
    __scatterload_zeroinit                   0x08007a25   Thumb Code    14  handlers.o(i.__scatterload_zeroinit)
    main                                     0x080082d5   Thumb Code    76  main.o(i.main)
    my_main                                  0x08008325   Thumb Code   132  my_mian.o(i.my_main)
    uart_debug_tx_cplt_callback              0x08008699   Thumb Code    24  bspusart.o(i.uart_debug_tx_cplt_callback)
    uart_printf                              0x080086c1   Thumb Code    70  bspusart.o(i.uart_printf)
    uart_send_periodic_task                  0x0800876d   Thumb Code    42  bspusart.o(i.uart_send_periodic_task)
    usb_print                                0x080087a1   Thumb Code   102  bspusb.o(i.usb_print)
    UARTPrescTable                           0x08008820   Data          24  stm32g4xx_hal_uart.o(.constdata)
    AHBPrescTable                            0x08008848   Data          16  system_stm32g4xx.o(.constdata)
    APBPrescTable                            0x08008858   Data           8  system_stm32g4xx.o(.constdata)
    Region$$Table$$Base                      0x08008860   Number         0  anon$$obj.o(Region$$Table)
    Region$$Table$$Limit                     0x08008880   Number         0  anon$$obj.o(Region$$Table)
    uwTickPrio                               0x20000004   Data           4  stm32g4xx_hal.o(.data)
    uwTickFreq                               0x20000008   Data           4  stm32g4xx_hal.o(.data)
    uwTick                                   0x2000000c   Data           4  stm32g4xx_hal.o(.data)
    SystemCoreClock                          0x20000010   Data           4  system_stm32g4xx.o(.data)
    err                                      0x20000014   Data           1  co_app_stm32.o(.data)
    CO                                       0x20000018   Data           4  co_app_stm32.o(.data)
    canopenNodeSTM32                         0x2000001c   Data           4  co_app_stm32.o(.data)
    time_old                                 0x20000020   Data           4  co_app_stm32.o(.data)
    time_current                             0x20000024   Data           4  co_app_stm32.o(.data)
    adc1_value                               0x20000030   Data           4  my_mian.o(.data)
    adc2_value                               0x20000034   Data           4  my_mian.o(.data)
    CDC_Desc                                 0x20000050   Data          32  usbd_desc.o(.data)
    USBD_LangIDDesc                          0x20000070   Data           4  usbd_desc.o(.data)
    USBD_CDC_DeviceDesc                      0x20000074   Data          18  usbd_desc.o(.data)
    USBD_StringSerial                        0x20000088   Data          26  usbd_desc.o(.data)
    USBD_Interface_fops_FS                   0x200000a4   Data          20  usbd_cdc_if.o(.data)
    USBD_CDC                                 0x20000194   Data          56  usbd_cdc.o(.data)
    hadc1                                    0x200001cc   Data         108  adc.o(.bss)
    hadc2                                    0x20000238   Data         108  adc.o(.bss)
    hfdcan1                                  0x200002a4   Data         100  fdcan.o(.bss)
    hspi1                                    0x20000308   Data         100  spi.o(.bss)
    htim1                                    0x2000036c   Data          76  tim.o(.bss)
    htim6                                    0x200003b8   Data          76  tim.o(.bss)
    huart1                                   0x20000404   Data         148  usart.o(.bss)
    huart2                                   0x20000498   Data         148  usart.o(.bss)
    hdma_usart1_rx                           0x2000052c   Data          96  usart.o(.bss)
    hdma_usart1_tx                           0x2000058c   Data          96  usart.o(.bss)
    ADC_parm                                 0x20000638   Data          16  myadc.o(.bss)
    huart3                                   0x20000648   Data         148  bspusart.o(.bss)
    hpcd_USB_FS                              0x200019fc   Data         732  usbd_conf.o(.bss)
    hUsbDeviceFS                             0x20001cd8   Data         720  usb_device.o(.bss)
    USBD_StrDesc                             0x20001fa8   Data         512  usbd_desc.o(.bss)
    UserRxBufferFS                           0x200021a8   Data        1024  usbd_cdc_if.o(.bss)
    UserTxBufferFS                           0x200025a8   Data        1024  usbd_cdc_if.o(.bss)
    __initial_sp                             0x20002da8   Data           0  startup_stm32g431xx.o(STACK)



==============================================================================

Memory Map of the image

  Image Entry point : 0x080001d9

  Load Region LR_IROM1 (Base: 0x08000000, Size: 0x00008a4c, Max: 0x00020000, ABSOLUTE, COMPRESSED[0x00008948])

    Execution Region ER_IROM1 (Exec base: 0x08000000, Load base: 0x08000000, Size: 0x00008880, Max: 0x00020000, ABSOLUTE)

    Exec Addr    Load Addr    Size         Type   Attr      Idx    E Section Name        Object

    0x08000000   0x08000000   0x000001d8   Data   RO            3    RESET               startup_stm32g431xx.o
    0x080001d8   0x080001d8   0x00000000   Code   RO         8018  * .ARM.Collect$$$$00000000  mc_w.l(entry.o)
    0x080001d8   0x080001d8   0x00000004   Code   RO         8329    .ARM.Collect$$$$00000001  mc_w.l(entry2.o)
    0x080001dc   0x080001dc   0x00000004   Code   RO         8332    .ARM.Collect$$$$00000004  mc_w.l(entry5.o)
    0x080001e0   0x080001e0   0x00000000   Code   RO         8334    .ARM.Collect$$$$00000008  mc_w.l(entry7b.o)
    0x080001e0   0x080001e0   0x00000000   Code   RO         8336    .ARM.Collect$$$$0000000A  mc_w.l(entry8b.o)
    0x080001e0   0x080001e0   0x00000008   Code   RO         8337    .ARM.Collect$$$$0000000B  mc_w.l(entry9a.o)
    0x080001e8   0x080001e8   0x00000004   Code   RO         8344    .ARM.Collect$$$$0000000E  mc_w.l(entry12b.o)
    0x080001ec   0x080001ec   0x00000000   Code   RO         8339    .ARM.Collect$$$$0000000F  mc_w.l(entry10a.o)
    0x080001ec   0x080001ec   0x00000000   Code   RO         8341    .ARM.Collect$$$$00000011  mc_w.l(entry11a.o)
    0x080001ec   0x080001ec   0x00000004   Code   RO         8330    .ARM.Collect$$$$00002712  mc_w.l(entry2.o)
    0x080001f0   0x080001f0   0x00000024   Code   RO            4    .text               startup_stm32g431xx.o
    0x08000214   0x08000214   0x00000062   Code   RO         8024    .text               mc_w.l(uldiv.o)
    0x08000276   0x08000276   0x00000024   Code   RO         8030    .text               mc_w.l(memseta.o)
    0x0800029a   0x0800029a   0x0000002c   Code   RO         8347    .text               mc_w.l(uidiv.o)
    0x080002c6   0x080002c6   0x0000001e   Code   RO         8349    .text               mc_w.l(llshl.o)
    0x080002e4   0x080002e4   0x00000020   Code   RO         8351    .text               mc_w.l(llushr.o)
    0x08000304   0x08000304   0x00000000   Code   RO         8355    .text               mc_w.l(iusefp.o)
    0x08000304   0x08000304   0x0000014e   Code   RO         8356    .text               mf_w.l(dadd.o)
    0x08000452   0x08000452   0x000000e4   Code   RO         8358    .text               mf_w.l(dmul.o)
    0x08000536   0x08000536   0x000000de   Code   RO         8360    .text               mf_w.l(ddiv.o)
    0x08000614   0x08000614   0x00000030   Code   RO         8362    .text               mf_w.l(dfixul.o)
    0x08000644   0x08000644   0x00000030   Code   RO         8364    .text               mf_w.l(cdrcmple.o)
    0x08000674   0x08000674   0x00000024   Code   RO         8366    .text               mc_w.l(init.o)
    0x08000698   0x08000698   0x00000024   Code   RO         8369    .text               mc_w.l(llsshr.o)
    0x080006bc   0x080006bc   0x000000ba   Code   RO         8372    .text               mf_w.l(depilogue.o)
    0x08000776   0x08000776   0x00000056   Code   RO         8382    .text               mc_w.l(__dczerorl2.o)
    0x080007cc   0x080007cc   0x0000001c   Code   RO          522    i.ADC1_2_IRQHandler  stm32g4xx_it.o
    0x080007e8   0x080007e8   0x00000084   Code   RO         2692    i.ADC_Disable       stm32g4xx_hal_adc.o
    0x0800086c   0x0800086c   0x000000c8   Code   RO         2693    i.ADC_Enable        stm32g4xx_hal_adc.o
    0x08000934   0x08000934   0x00000020   Code   RO         7036    i.ADC_Init          myadc.o
    0x08000954   0x08000954   0x00000002   Code   RO          523    i.BusFault_Handler  stm32g4xx_it.o
    0x08000956   0x08000956   0x00000008   Code   RO         7557    i.CDC_Control_FS    usbd_cdc_if.o
    0x0800095e   0x0800095e   0x00000004   Code   RO         7558    i.CDC_DeInit_FS     usbd_cdc_if.o
    0x08000962   0x08000962   0x00000002   PAD
    0x08000964   0x08000964   0x00000024   Code   RO         7559    i.CDC_Init_FS       usbd_cdc_if.o
    0x08000988   0x08000988   0x00000018   Code   RO         7560    i.CDC_Receive_FS    usbd_cdc_if.o
    0x080009a0   0x080009a0   0x00000004   Code   RO         7561    i.CDC_TransmitCplt_FS  usbd_cdc_if.o
    0x080009a4   0x080009a4   0x0000002c   Code   RO         7562    i.CDC_Transmit_FS   usbd_cdc_if.o
    0x080009d0   0x080009d0   0x0000001a   Code   RO         7037    i.CurrentCalculation  myadc.o
    0x080009ea   0x080009ea   0x00000002   PAD
    0x080009ec   0x080009ec   0x0000000c   Code   RO          524    i.DMA1_Channel1_IRQHandler  stm32g4xx_it.o
    0x080009f8   0x080009f8   0x0000000c   Code   RO          525    i.DMA1_Channel2_IRQHandler  stm32g4xx_it.o
    0x08000a04   0x08000a04   0x00000048   Code   RO         2034    i.DMA_CalcDMAMUXChannelBaseAndMask  stm32g4xx_hal_dma.o
    0x08000a4c   0x08000a4c   0x00000028   Code   RO         2035    i.DMA_CalcDMAMUXRequestGenBaseAndMask  stm32g4xx_hal_dma.o
    0x08000a74   0x08000a74   0x00000042   Code   RO         2036    i.DMA_SetConfig     stm32g4xx_hal_dma.o
    0x08000ab6   0x08000ab6   0x00000002   Code   RO          526    i.DebugMon_Handler  stm32g4xx_it.o
    0x08000ab8   0x08000ab8   0x00000004   Code   RO           13    i.Error_Handler     main.o
    0x08000abc   0x08000abc   0x0000000c   Code   RO          527    i.FDCAN1_IT0_IRQHandler  stm32g4xx_it.o
    0x08000ac8   0x08000ac8   0x0000000c   Code   RO          528    i.FDCAN1_IT1_IRQHandler  stm32g4xx_it.o
    0x08000ad4   0x08000ad4   0x00000060   Code   RO         3145    i.FDCAN_CalcultateRamBlockAddresses  stm32g4xx_hal_fdcan.o
    0x08000b34   0x08000b34   0x00000074   Code   RO         3146    i.FDCAN_CopyMessageToRAM  stm32g4xx_hal_fdcan.o
    0x08000ba8   0x08000ba8   0x00000038   Code   RO         7475    i.Get_SerialNum     usbd_desc.o
    0x08000be0   0x08000be0   0x0000009c   Code   RO         2931    i.HAL_ADCEx_Calibration_Start  stm32g4xx_hal_adc_ex.o
    0x08000c7c   0x08000c7c   0x00000002   Code   RO         2935    i.HAL_ADCEx_EndOfSamplingCallback  stm32g4xx_hal_adc_ex.o
    0x08000c7e   0x08000c7e   0x00000002   PAD
    0x08000c80   0x08000c80   0x00000534   Code   RO         2937    i.HAL_ADCEx_InjectedConfigChannel  stm32g4xx_hal_adc_ex.o
    0x080011b4   0x080011b4   0x00000048   Code   RO         6878    i.HAL_ADCEx_InjectedConvCpltCallback  my_mian.o
    0x080011fc   0x080011fc   0x0000002e   Code   RO         2939    i.HAL_ADCEx_InjectedGetValue  stm32g4xx_hal_adc_ex.o
    0x0800122a   0x0800122a   0x00000002   Code   RO         2941    i.HAL_ADCEx_InjectedQueueOverflowCallback  stm32g4xx_hal_adc_ex.o
    0x0800122c   0x0800122c   0x00000130   Code   RO         2943    i.HAL_ADCEx_InjectedStart_IT  stm32g4xx_hal_adc_ex.o
    0x0800135c   0x0800135c   0x00000002   Code   RO         2946    i.HAL_ADCEx_LevelOutOfWindow2Callback  stm32g4xx_hal_adc_ex.o
    0x0800135e   0x0800135e   0x00000002   Code   RO         2947    i.HAL_ADCEx_LevelOutOfWindow3Callback  stm32g4xx_hal_adc_ex.o
    0x08001360   0x08001360   0x000000e8   Code   RO         2948    i.HAL_ADCEx_MultiModeConfigChannel  stm32g4xx_hal_adc_ex.o
    0x08001448   0x08001448   0x00000002   Code   RO         2696    i.HAL_ADC_ConvCpltCallback  stm32g4xx_hal_adc.o
    0x0800144a   0x0800144a   0x00000002   Code   RO         2699    i.HAL_ADC_ErrorCallback  stm32g4xx_hal_adc.o
    0x0800144c   0x0800144c   0x00000284   Code   RO         2703    i.HAL_ADC_IRQHandler  stm32g4xx_hal_adc.o
    0x080016d0   0x080016d0   0x00000200   Code   RO         2704    i.HAL_ADC_Init      stm32g4xx_hal_adc.o
    0x080018d0   0x080018d0   0x00000002   Code   RO         2705    i.HAL_ADC_LevelOutOfWindowCallback  stm32g4xx_hal_adc.o
    0x080018d2   0x080018d2   0x00000002   PAD
    0x080018d4   0x080018d4   0x0000010c   Code   RO          252    i.HAL_ADC_MspInit   adc.o
    0x080019e0   0x080019e0   0x00000070   Code   RO         2037    i.HAL_DMA_Abort     stm32g4xx_hal_dma.o
    0x08001a50   0x08001a50   0x00000076   Code   RO         2038    i.HAL_DMA_Abort_IT  stm32g4xx_hal_dma.o
    0x08001ac6   0x08001ac6   0x000000cc   Code   RO         2042    i.HAL_DMA_IRQHandler  stm32g4xx_hal_dma.o
    0x08001b92   0x08001b92   0x00000002   PAD
    0x08001b94   0x08001b94   0x000000c4   Code   RO         2043    i.HAL_DMA_Init      stm32g4xx_hal_dma.o
    0x08001c58   0x08001c58   0x00000090   Code   RO         2047    i.HAL_DMA_Start_IT  stm32g4xx_hal_dma.o
    0x08001ce8   0x08001ce8   0x00000024   Code   RO         1130    i.HAL_Delay         stm32g4xx_hal.o
    0x08001d0c   0x08001d0c   0x0000004e   Code   RO         3149    i.HAL_FDCAN_AddMessageToTxFifoQ  stm32g4xx_hal_fdcan.o
    0x08001d5a   0x08001d5a   0x00000002   Code   RO         3172    i.HAL_FDCAN_ErrorCallback  stm32g4xx_hal_fdcan.o
    0x08001d5c   0x08001d5c   0x00000002   Code   RO         3173    i.HAL_FDCAN_ErrorStatusCallback  stm32g4xx_hal_fdcan.o
    0x08001d5e   0x08001d5e   0x00000002   PAD
    0x08001d60   0x08001d60   0x0000012c   Code   RO         3182    i.HAL_FDCAN_GetRxMessage  stm32g4xx_hal_fdcan.o
    0x08001e8c   0x08001e8c   0x0000000c   Code   RO         3187    i.HAL_FDCAN_GetTxFifoFreeLevel  stm32g4xx_hal_fdcan.o
    0x08001e98   0x08001e98   0x00000002   Code   RO         3188    i.HAL_FDCAN_HighPriorityMessageCallback  stm32g4xx_hal_fdcan.o
    0x08001e9a   0x08001e9a   0x00000174   Code   RO         3189    i.HAL_FDCAN_IRQHandler  stm32g4xx_hal_fdcan.o
    0x0800200e   0x0800200e   0x00000002   PAD
    0x08002010   0x08002010   0x000001dc   Code   RO         3190    i.HAL_FDCAN_Init    stm32g4xx_hal_fdcan.o
    0x080021ec   0x080021ec   0x000000a0   Code   RO          325    i.HAL_FDCAN_MspInit  fdcan.o
    0x0800228c   0x0800228c   0x0000000e   Code   RO         6756    i.HAL_FDCAN_RxFifo0Callback  co_driver_stm32.o
    0x0800229a   0x0800229a   0x0000000e   Code   RO         6757    i.HAL_FDCAN_RxFifo1Callback  co_driver_stm32.o
    0x080022a8   0x080022a8   0x00000002   Code   RO         3201    i.HAL_FDCAN_TimeoutOccurredCallback  stm32g4xx_hal_fdcan.o
    0x080022aa   0x080022aa   0x00000002   Code   RO         3202    i.HAL_FDCAN_TimestampWraparoundCallback  stm32g4xx_hal_fdcan.o
    0x080022ac   0x080022ac   0x00000002   Code   RO         3203    i.HAL_FDCAN_TxBufferAbortCallback  stm32g4xx_hal_fdcan.o
    0x080022ae   0x080022ae   0x00000002   PAD
    0x080022b0   0x080022b0   0x00000058   Code   RO         6758    i.HAL_FDCAN_TxBufferCompleteCallback  co_driver_stm32.o
    0x08002308   0x08002308   0x00000002   Code   RO         3205    i.HAL_FDCAN_TxEventFifoCallback  stm32g4xx_hal_fdcan.o
    0x0800230a   0x0800230a   0x00000002   Code   RO         3206    i.HAL_FDCAN_TxFifoEmptyCallback  stm32g4xx_hal_fdcan.o
    0x0800230c   0x0800230c   0x000001b8   Code   RO         1899    i.HAL_GPIO_Init     stm32g4xx_hal_gpio.o
    0x080024c4   0x080024c4   0x0000000c   Code   RO         1903    i.HAL_GPIO_WritePin  stm32g4xx_hal_gpio.o
    0x080024d0   0x080024d0   0x0000000c   Code   RO         1134    i.HAL_GetTick       stm32g4xx_hal.o
    0x080024dc   0x080024dc   0x00000010   Code   RO         1140    i.HAL_IncTick       stm32g4xx_hal.o
    0x080024ec   0x080024ec   0x0000001e   Code   RO         1141    i.HAL_Init          stm32g4xx_hal.o
    0x0800250a   0x0800250a   0x00000002   PAD
    0x0800250c   0x0800250c   0x0000004c   Code   RO         1142    i.HAL_InitTick      stm32g4xx_hal.o
    0x08002558   0x08002558   0x00000030   Code   RO          652    i.HAL_MspInit       stm32g4xx_hal_msp.o
    0x08002588   0x08002588   0x0000001a   Code   RO         2548    i.HAL_NVIC_EnableIRQ  stm32g4xx_hal_cortex.o
    0x080025a2   0x080025a2   0x00000002   PAD
    0x080025a4   0x080025a4   0x00000040   Code   RO         2554    i.HAL_NVIC_SetPriority  stm32g4xx_hal_cortex.o
    0x080025e4   0x080025e4   0x00000024   Code   RO         2555    i.HAL_NVIC_SetPriorityGrouping  stm32g4xx_hal_cortex.o
    0x08002608   0x08002608   0x00000024   Code   RO          908    i.HAL_PCDEx_ActivateLPM  stm32g4xx_hal_pcd_ex.o
    0x0800262c   0x0800262c   0x00000048   Code   RO         7224    i.HAL_PCDEx_LPM_Callback  usbd_conf.o
    0x08002674   0x08002674   0x0000003c   Code   RO          914    i.HAL_PCDEx_PMAConfig  stm32g4xx_hal_pcd_ex.o
    0x080026b0   0x080026b0   0x00000012   Code   RO         7226    i.HAL_PCD_DataInStageCallback  usbd_conf.o
    0x080026c2   0x080026c2   0x00000014   Code   RO         7227    i.HAL_PCD_DataOutStageCallback  usbd_conf.o
    0x080026d6   0x080026d6   0x00000048   Code   RO          686    i.HAL_PCD_EP_Close  stm32g4xx_hal_pcd.o
    0x0800271e   0x0800271e   0x00000058   Code   RO          687    i.HAL_PCD_EP_ClrStall  stm32g4xx_hal_pcd.o
    0x08002776   0x08002776   0x000000ec   Code   RO          688    i.HAL_PCD_EP_DB_Receive  stm32g4xx_hal_pcd.o
    0x08002862   0x08002862   0x000003c2   Code   RO          689    i.HAL_PCD_EP_DB_Transmit  stm32g4xx_hal_pcd.o
    0x08002c24   0x08002c24   0x00000012   Code   RO          691    i.HAL_PCD_EP_GetRxCount  stm32g4xx_hal_pcd.o
    0x08002c36   0x08002c36   0x0000005a   Code   RO          692    i.HAL_PCD_EP_Open   stm32g4xx_hal_pcd.o
    0x08002c90   0x08002c90   0x00000028   Code   RO          693    i.HAL_PCD_EP_Receive  stm32g4xx_hal_pcd.o
    0x08002cb8   0x08002cb8   0x0000005c   Code   RO          694    i.HAL_PCD_EP_SetStall  stm32g4xx_hal_pcd.o
    0x08002d14   0x08002d14   0x0000002e   Code   RO          695    i.HAL_PCD_EP_Transmit  stm32g4xx_hal_pcd.o
    0x08002d42   0x08002d42   0x00000156   Code   RO          697    i.HAL_PCD_IRQHandler  stm32g4xx_hal_pcd.o
    0x08002e98   0x08002e98   0x00000094   Code   RO          700    i.HAL_PCD_Init      stm32g4xx_hal_pcd.o
    0x08002f2c   0x08002f2c   0x00000090   Code   RO         7232    i.HAL_PCD_MspInit   usbd_conf.o
    0x08002fbc   0x08002fbc   0x00000026   Code   RO         7233    i.HAL_PCD_ResetCallback  usbd_conf.o
    0x08002fe2   0x08002fe2   0x00000002   PAD
    0x08002fe4   0x08002fe4   0x00000028   Code   RO         7234    i.HAL_PCD_ResumeCallback  usbd_conf.o
    0x0800300c   0x0800300c   0x00000008   Code   RO         7235    i.HAL_PCD_SOFCallback  usbd_conf.o
    0x08003014   0x08003014   0x00000026   Code   RO          706    i.HAL_PCD_SetAddress  stm32g4xx_hal_pcd.o
    0x0800303a   0x0800303a   0x0000000e   Code   RO         7236    i.HAL_PCD_SetupStageCallback  usbd_conf.o
    0x08003048   0x08003048   0x0000002a   Code   RO          708    i.HAL_PCD_Start     stm32g4xx_hal_pcd.o
    0x08003072   0x08003072   0x00000002   PAD
    0x08003074   0x08003074   0x00000024   Code   RO         7237    i.HAL_PCD_SuspendCallback  usbd_conf.o
    0x08003098   0x08003098   0x000000cc   Code   RO         2302    i.HAL_PWREx_ControlVoltageScaling  stm32g4xx_hal_pwr_ex.o
    0x08003164   0x08003164   0x00000010   Code   RO         2314    i.HAL_PWREx_DisableUCPDDeadBattery  stm32g4xx_hal_pwr_ex.o
    0x08003174   0x08003174   0x0000004c   Code   RO         1488    i.HAL_RCCEx_CRSConfig  stm32g4xx_hal_rcc_ex.o
    0x080031c0   0x080031c0   0x00000298   Code   RO         1506    i.HAL_RCCEx_PeriphCLKConfig  stm32g4xx_hal_rcc_ex.o
    0x08003458   0x08003458   0x000001c8   Code   RO         1376    i.HAL_RCC_ClockConfig  stm32g4xx_hal_rcc.o
    0x08003620   0x08003620   0x0000000c   Code   RO         1382    i.HAL_RCC_GetHCLKFreq  stm32g4xx_hal_rcc.o
    0x0800362c   0x0800362c   0x00000024   Code   RO         1384    i.HAL_RCC_GetPCLK1Freq  stm32g4xx_hal_rcc.o
    0x08003650   0x08003650   0x00000024   Code   RO         1385    i.HAL_RCC_GetPCLK2Freq  stm32g4xx_hal_rcc.o
    0x08003674   0x08003674   0x00000074   Code   RO         1386    i.HAL_RCC_GetSysClockFreq  stm32g4xx_hal_rcc.o
    0x080036e8   0x080036e8   0x00000450   Code   RO         1389    i.HAL_RCC_OscConfig  stm32g4xx_hal_rcc.o
    0x08003b38   0x08003b38   0x00000002   Code   RO         3542    i.HAL_SPI_ErrorCallback  stm32g4xx_hal_spi.o
    0x08003b3a   0x08003b3a   0x00000002   PAD
    0x08003b3c   0x08003b3c   0x00000104   Code   RO         3545    i.HAL_SPI_IRQHandler  stm32g4xx_hal_spi.o
    0x08003c40   0x08003c40   0x000000ec   Code   RO         3546    i.HAL_SPI_Init      stm32g4xx_hal_spi.o
    0x08003d2c   0x08003d2c   0x00000074   Code   RO          367    i.HAL_SPI_MspInit   spi.o
    0x08003da0   0x08003da0   0x00000028   Code   RO         2559    i.HAL_SYSTICK_Config  stm32g4xx_hal_cortex.o
    0x08003dc8   0x08003dc8   0x00000002   Code   RO         4613    i.HAL_TIMEx_Break2Callback  stm32g4xx_hal_tim_ex.o
    0x08003dca   0x08003dca   0x00000002   Code   RO         4614    i.HAL_TIMEx_BreakCallback  stm32g4xx_hal_tim_ex.o
    0x08003dcc   0x08003dcc   0x00000002   Code   RO         4615    i.HAL_TIMEx_CommutCallback  stm32g4xx_hal_tim_ex.o
    0x08003dce   0x08003dce   0x00000002   PAD
    0x08003dd0   0x08003dd0   0x0000009c   Code   RO         4618    i.HAL_TIMEx_ConfigBreakDeadTime  stm32g4xx_hal_tim_ex.o
    0x08003e6c   0x08003e6c   0x00000002   Code   RO         4626    i.HAL_TIMEx_DirectionChangeCallback  stm32g4xx_hal_tim_ex.o
    0x08003e6e   0x08003e6e   0x00000002   Code   RO         4640    i.HAL_TIMEx_EncoderIndexCallback  stm32g4xx_hal_tim_ex.o
    0x08003e70   0x08003e70   0x00000002   Code   RO         4654    i.HAL_TIMEx_IndexErrorCallback  stm32g4xx_hal_tim_ex.o
    0x08003e72   0x08003e72   0x00000002   PAD
    0x08003e74   0x08003e74   0x00000090   Code   RO         4655    i.HAL_TIMEx_MasterConfigSynchronization  stm32g4xx_hal_tim_ex.o
    0x08003f04   0x08003f04   0x00000002   Code   RO         4676    i.HAL_TIMEx_TransitionErrorCallback  stm32g4xx_hal_tim_ex.o
    0x08003f06   0x08003f06   0x0000004e   Code   RO         3888    i.HAL_TIM_Base_Init  stm32g4xx_hal_tim.o
    0x08003f54   0x08003f54   0x0000003c   Code   RO          409    i.HAL_TIM_Base_MspInit  tim.o
    0x08003f90   0x08003f90   0x00000078   Code   RO         3891    i.HAL_TIM_Base_Start  stm32g4xx_hal_tim.o
    0x08004008   0x08004008   0x00000002   Code   RO         3922    i.HAL_TIM_IC_CaptureCallback  stm32g4xx_hal_tim.o
    0x0800400a   0x0800400a   0x000001aa   Code   RO         3936    i.HAL_TIM_IRQHandler  stm32g4xx_hal_tim.o
    0x080041b4   0x080041b4   0x00000054   Code   RO          410    i.HAL_TIM_MspPostInit  tim.o
    0x08004208   0x08004208   0x0000006e   Code   RO         3937    i.HAL_TIM_OC_ConfigChannel  stm32g4xx_hal_tim.o
    0x08004276   0x08004276   0x00000002   Code   RO         3939    i.HAL_TIM_OC_DelayElapsedCallback  stm32g4xx_hal_tim.o
    0x08004278   0x08004278   0x0000004e   Code   RO         3941    i.HAL_TIM_OC_Init   stm32g4xx_hal_tim.o
    0x080042c6   0x080042c6   0x00000002   PAD
    0x080042c8   0x080042c8   0x00000028   Code   RO          412    i.HAL_TIM_OC_MspInit  tim.o
    0x080042f0   0x080042f0   0x00000002   Code   RO         3966    i.HAL_TIM_PWM_PulseFinishedCallback  stm32g4xx_hal_tim.o
    0x080042f2   0x080042f2   0x00000002   Code   RO         6879    i.HAL_TIM_PeriodElapsedCallback  my_mian.o
    0x080042f4   0x080042f4   0x00000002   Code   RO         3979    i.HAL_TIM_TriggerCallback  stm32g4xx_hal_tim.o
    0x080042f6   0x080042f6   0x0000003e   Code   RO         5467    i.HAL_UARTEx_DisableFifoMode  stm32g4xx_hal_uart_ex.o
    0x08004334   0x08004334   0x00000002   Code   RO         5051    i.HAL_UARTEx_RxEventCallback  stm32g4xx_hal_uart.o
    0x08004336   0x08004336   0x00000002   Code   RO         5475    i.HAL_UARTEx_RxFifoFullCallback  stm32g4xx_hal_uart_ex.o
    0x08004338   0x08004338   0x0000004c   Code   RO         5476    i.HAL_UARTEx_SetRxFifoThreshold  stm32g4xx_hal_uart_ex.o
    0x08004384   0x08004384   0x0000004c   Code   RO         5477    i.HAL_UARTEx_SetTxFifoThreshold  stm32g4xx_hal_uart_ex.o
    0x080043d0   0x080043d0   0x00000002   Code   RO         5479    i.HAL_UARTEx_TxFifoEmptyCallback  stm32g4xx_hal_uart_ex.o
    0x080043d2   0x080043d2   0x00000002   Code   RO         5480    i.HAL_UARTEx_WakeupCallback  stm32g4xx_hal_uart_ex.o
    0x080043d4   0x080043d4   0x00000002   Code   RO         5067    i.HAL_UART_ErrorCallback  stm32g4xx_hal_uart.o
    0x080043d6   0x080043d6   0x00000002   PAD
    0x080043d8   0x080043d8   0x00000324   Code   RO         5070    i.HAL_UART_IRQHandler  stm32g4xx_hal_uart.o
    0x080046fc   0x080046fc   0x00000070   Code   RO         5071    i.HAL_UART_Init     stm32g4xx_hal_uart.o
    0x0800476c   0x0800476c   0x00000154   Code   RO          475    i.HAL_UART_MspInit  usart.o
    0x080048c0   0x080048c0   0x00000090   Code   RO         5081    i.HAL_UART_Transmit_DMA  stm32g4xx_hal_uart.o
    0x08004950   0x08004950   0x00000010   Code   RO         6880    i.HAL_UART_TxCpltCallback  my_mian.o
    0x08004960   0x08004960   0x00000002   Code   RO         5084    i.HAL_UART_TxHalfCpltCallback  stm32g4xx_hal_uart.o
    0x08004962   0x08004962   0x00000002   Code   RO          529    i.HardFault_Handler  stm32g4xx_it.o
    0x08004964   0x08004964   0x0000003a   Code   RO         7476    i.IntToUnicode      usbd_desc.o
    0x0800499e   0x0800499e   0x0000000c   Code   RO         2956    i.LL_ADC_GetOffsetChannel  stm32g4xx_hal_adc_ex.o
    0x080049aa   0x080049aa   0x00000008   Code   RO         2719    i.LL_ADC_INJ_IsConversionOngoing  stm32g4xx_hal_adc.o
    0x080049b2   0x080049b2   0x00000008   Code   RO         2957    i.LL_ADC_INJ_IsConversionOngoing  stm32g4xx_hal_adc_ex.o
    0x080049ba   0x080049ba   0x00000008   Code   RO         2720    i.LL_ADC_IsEnabled  stm32g4xx_hal_adc.o
    0x080049c2   0x080049c2   0x00000008   Code   RO         2958    i.LL_ADC_IsEnabled  stm32g4xx_hal_adc_ex.o
    0x080049ca   0x080049ca   0x00000008   Code   RO         2721    i.LL_ADC_REG_IsConversionOngoing  stm32g4xx_hal_adc.o
    0x080049d2   0x080049d2   0x00000008   Code   RO         2959    i.LL_ADC_REG_IsConversionOngoing  stm32g4xx_hal_adc_ex.o
    0x080049da   0x080049da   0x00000010   Code   RO         2722    i.LL_ADC_REG_IsTriggerSourceSWStart  stm32g4xx_hal_adc.o
    0x080049ea   0x080049ea   0x0000001e   Code   RO         2960    i.LL_ADC_SetChannelSamplingTime  stm32g4xx_hal_adc_ex.o
    0x08004a08   0x08004a08   0x00000010   Code   RO         2961    i.LL_ADC_SetOffsetState  stm32g4xx_hal_adc_ex.o
    0x08004a18   0x08004a18   0x000000f8   Code   RO         7012    i.MT6816_ReadOneAngle  mt6816.o
    0x08004b10   0x08004b10   0x000000ac   Code   RO          253    i.MX_ADC1_Init      adc.o
    0x08004bbc   0x08004bbc   0x0000008c   Code   RO          254    i.MX_ADC2_Init      adc.o
    0x08004c48   0x08004c48   0x0000004c   Code   RO          300    i.MX_DMA_Init       dma.o
    0x08004c94   0x08004c94   0x00000050   Code   RO          326    i.MX_FDCAN1_Init    fdcan.o
    0x08004ce4   0x08004ce4   0x00000094   Code   RO          227    i.MX_GPIO_Init      gpio.o
    0x08004d78   0x08004d78   0x00000050   Code   RO          368    i.MX_SPI1_Init      spi.o
    0x08004dc8   0x08004dc8   0x000000d4   Code   RO          413    i.MX_TIM1_Init      tim.o
    0x08004e9c   0x08004e9c   0x00000048   Code   RO          414    i.MX_TIM6_Init      tim.o
    0x08004ee4   0x08004ee4   0x00000068   Code   RO          476    i.MX_USART1_UART_Init  usart.o
    0x08004f4c   0x08004f4c   0x00000068   Code   RO          477    i.MX_USART2_UART_Init  usart.o
    0x08004fb4   0x08004fb4   0x00000054   Code   RO         7441    i.MX_USB_Device_Init  usb_device.o
    0x08005008   0x08005008   0x00000002   Code   RO          530    i.MemManage_Handler  stm32g4xx_it.o
    0x0800500a   0x0800500a   0x00000002   Code   RO          531    i.NMI_Handler       stm32g4xx_it.o
    0x0800500c   0x0800500c   0x00000392   Code   RO          711    i.PCD_EP_ISR_Handler  stm32g4xx_hal_pcd.o
    0x0800539e   0x0800539e   0x00000002   Code   RO          532    i.PendSV_Handler    stm32g4xx_it.o
    0x080053a0   0x080053a0   0x00000050   Code   RO         1390    i.RCC_GetSysClockFreqFromPLLSource  stm32g4xx_hal_rcc.o
    0x080053f0   0x080053f0   0x0000000c   Code   RO          533    i.SPI1_IRQHandler   stm32g4xx_it.o
    0x080053fc   0x080053fc   0x00000012   Code   RO         3573    i.SPI_DMAAbortOnError  stm32g4xx_hal_spi.o
    0x0800540e   0x0800540e   0x00000002   Code   RO          534    i.SVC_Handler       stm32g4xx_it.o
    0x08005410   0x08005410   0x0000000a   Code   RO         7752    i.SWAPBYTE          usbd_ctlreq.o
    0x0800541a   0x0800541a   0x00000004   Code   RO          535    i.SysTick_Handler   stm32g4xx_it.o
    0x0800541e   0x0800541e   0x00000004   Code   RO         7238    i.SystemClockConfig_Resume  usbd_conf.o
    0x08005422   0x08005422   0x00000002   PAD
    0x08005424   0x08005424   0x000000a8   Code   RO           14    i.SystemClock_Config  main.o
    0x080054cc   0x080054cc   0x00000010   Code   RO         5591    i.SystemInit        system_stm32g4xx.o
    0x080054dc   0x080054dc   0x0000000c   Code   RO          536    i.TIM6_DAC_IRQHandler  stm32g4xx_it.o
    0x080054e8   0x080054e8   0x000000b8   Code   RO         3981    i.TIM_Base_SetConfig  stm32g4xx_hal_tim.o
    0x080055a0   0x080055a0   0x000000a4   Code   RO         3994    i.TIM_OC1_SetConfig  stm32g4xx_hal_tim.o
    0x08005644   0x08005644   0x00000098   Code   RO         3995    i.TIM_OC2_SetConfig  stm32g4xx_hal_tim.o
    0x080056dc   0x080056dc   0x00000098   Code   RO         3996    i.TIM_OC3_SetConfig  stm32g4xx_hal_tim.o
    0x08005774   0x08005774   0x00000098   Code   RO         3997    i.TIM_OC4_SetConfig  stm32g4xx_hal_tim.o
    0x0800580c   0x0800580c   0x00000070   Code   RO         3998    i.TIM_OC5_SetConfig  stm32g4xx_hal_tim.o
    0x0800587c   0x0800587c   0x00000070   Code   RO         3999    i.TIM_OC6_SetConfig  stm32g4xx_hal_tim.o
    0x080058ec   0x080058ec   0x00000048   Code   RO         5481    i.UARTEx_SetNbDataToProcess  stm32g4xx_hal_uart_ex.o
    0x08005934   0x08005934   0x000000c8   Code   RO         5085    i.UART_AdvFeatureConfig  stm32g4xx_hal_uart.o
    0x080059fc   0x080059fc   0x000000aa   Code   RO         5086    i.UART_CheckIdleState  stm32g4xx_hal_uart.o
    0x08005aa6   0x08005aa6   0x0000000a   Code   RO         5087    i.UART_DMAAbortOnError  stm32g4xx_hal_uart.o
    0x08005ab0   0x08005ab0   0x00000044   Code   RO         5088    i.UART_DMAError     stm32g4xx_hal_uart.o
    0x08005af4   0x08005af4   0x00000042   Code   RO         5093    i.UART_DMATransmitCplt  stm32g4xx_hal_uart.o
    0x08005b36   0x08005b36   0x0000000a   Code   RO         5095    i.UART_DMATxHalfCplt  stm32g4xx_hal_uart.o
    0x08005b40   0x08005b40   0x00000054   Code   RO         5097    i.UART_EndRxTransfer  stm32g4xx_hal_uart.o
    0x08005b94   0x08005b94   0x00000024   Code   RO         5098    i.UART_EndTransmit_IT  stm32g4xx_hal_uart.o
    0x08005bb8   0x08005bb8   0x0000002e   Code   RO         5099    i.UART_EndTxTransfer  stm32g4xx_hal_uart.o
    0x08005be6   0x08005be6   0x00000002   PAD
    0x08005be8   0x08005be8   0x000002d4   Code   RO         5104    i.UART_SetConfig    stm32g4xx_hal_uart.o
    0x08005ebc   0x08005ebc   0x00000098   Code   RO         5111    i.UART_WaitOnFlagUntilTimeout  stm32g4xx_hal_uart.o
    0x08005f54   0x08005f54   0x0000000c   Code   RO          537    i.USART1_IRQHandler  stm32g4xx_it.o
    0x08005f60   0x08005f60   0x00000030   Code   RO         7477    i.USBD_CDC_ConfigStrDescriptor  usbd_desc.o
    0x08005f90   0x08005f90   0x00000060   Code   RO         7915    i.USBD_CDC_DataIn   usbd_cdc.o
    0x08005ff0   0x08005ff0   0x0000002e   Code   RO         7916    i.USBD_CDC_DataOut  usbd_cdc.o
    0x0800601e   0x0800601e   0x00000048   Code   RO         7917    i.USBD_CDC_DeInit   usbd_cdc.o
    0x08006066   0x08006066   0x00000002   PAD
    0x08006068   0x08006068   0x0000000c   Code   RO         7478    i.USBD_CDC_DeviceDescriptor  usbd_desc.o
    0x08006074   0x08006074   0x00000030   Code   RO         7918    i.USBD_CDC_EP0_RxReady  usbd_cdc.o
    0x080060a4   0x080060a4   0x0000000c   Code   RO         7919    i.USBD_CDC_GetDeviceQualifierDescriptor  usbd_cdc.o
    0x080060b0   0x080060b0   0x0000000c   Code   RO         7920    i.USBD_CDC_GetFSCfgDesc  usbd_cdc.o
    0x080060bc   0x080060bc   0x0000000c   Code   RO         7921    i.USBD_CDC_GetHSCfgDesc  usbd_cdc.o
    0x080060c8   0x080060c8   0x0000000c   Code   RO         7922    i.USBD_CDC_GetOtherSpeedCfgDesc  usbd_cdc.o
    0x080060d4   0x080060d4   0x000000c2   Code   RO         7923    i.USBD_CDC_Init     usbd_cdc.o
    0x08006196   0x08006196   0x00000002   PAD
    0x08006198   0x08006198   0x00000034   Code   RO         7479    i.USBD_CDC_InterfaceStrDescriptor  usbd_desc.o
    0x080061cc   0x080061cc   0x0000000c   Code   RO         7480    i.USBD_CDC_LangIDStrDescriptor  usbd_desc.o
    0x080061d8   0x080061d8   0x00000028   Code   RO         7481    i.USBD_CDC_ManufacturerStrDescriptor  usbd_desc.o
    0x08006200   0x08006200   0x0000003c   Code   RO         7482    i.USBD_CDC_ProductStrDescriptor  usbd_desc.o
    0x0800623c   0x0800623c   0x00000032   Code   RO         7924    i.USBD_CDC_ReceivePacket  usbd_cdc.o
    0x0800626e   0x0800626e   0x00000010   Code   RO         7925    i.USBD_CDC_RegisterInterface  usbd_cdc.o
    0x0800627e   0x0800627e   0x00000002   PAD
    0x08006280   0x08006280   0x00000014   Code   RO         7483    i.USBD_CDC_SerialStrDescriptor  usbd_desc.o
    0x08006294   0x08006294   0x00000014   Code   RO         7926    i.USBD_CDC_SetRxBuffer  usbd_cdc.o
    0x080062a8   0x080062a8   0x00000018   Code   RO         7927    i.USBD_CDC_SetTxBuffer  usbd_cdc.o
    0x080062c0   0x080062c0   0x000000f6   Code   RO         7928    i.USBD_CDC_Setup    usbd_cdc.o
    0x080063b6   0x080063b6   0x00000034   Code   RO         7929    i.USBD_CDC_TransmitPacket  usbd_cdc.o
    0x080063ea   0x080063ea   0x00000012   Code   RO         7614    i.USBD_ClrClassConfig  usbd_core.o
    0x080063fc   0x080063fc   0x00000026   Code   RO         7753    i.USBD_ClrFeature   usbd_ctlreq.o
    0x08006422   0x08006422   0x00000010   Code   RO         7855    i.USBD_CtlContinueRx  usbd_ioreq.o
    0x08006432   0x08006432   0x00000010   Code   RO         7856    i.USBD_CtlContinueSendData  usbd_ioreq.o
    0x08006442   0x08006442   0x00000018   Code   RO         7754    i.USBD_CtlError     usbd_ctlreq.o
    0x0800645a   0x0800645a   0x0000001e   Code   RO         7857    i.USBD_CtlPrepareRx  usbd_ioreq.o
    0x08006478   0x08006478   0x00000016   Code   RO         7858    i.USBD_CtlReceiveStatus  usbd_ioreq.o
    0x0800648e   0x0800648e   0x0000001a   Code   RO         7859    i.USBD_CtlSendData  usbd_ioreq.o
    0x080064a8   0x080064a8   0x00000016   Code   RO         7860    i.USBD_CtlSendStatus  usbd_ioreq.o
    0x080064be   0x080064be   0x0000003a   Code   RO         7755    i.USBD_GetConfig    usbd_ctlreq.o
    0x080064f8   0x080064f8   0x000001e4   Code   RO         7756    i.USBD_GetDescriptor  usbd_ctlreq.o
    0x080066dc   0x080066dc   0x00000014   Code   RO         7757    i.USBD_GetLen       usbd_ctlreq.o
    0x080066f0   0x080066f0   0x0000003c   Code   RO         7758    i.USBD_GetStatus    usbd_ctlreq.o
    0x0800672c   0x0800672c   0x0000003e   Code   RO         7759    i.USBD_GetString    usbd_ctlreq.o
    0x0800676a   0x0800676a   0x00000024   Code   RO         7239    i.USBD_Get_USB_Status  usbd_conf.o
    0x0800678e   0x0800678e   0x00000028   Code   RO         7616    i.USBD_Init         usbd_core.o
    0x080067b6   0x080067b6   0x00000012   Code   RO         7240    i.USBD_LL_ClearStallEP  usbd_conf.o
    0x080067c8   0x080067c8   0x00000012   Code   RO         7241    i.USBD_LL_CloseEP   usbd_conf.o
    0x080067da   0x080067da   0x000000bc   Code   RO         7617    i.USBD_LL_DataInStage  usbd_core.o
    0x08006896   0x08006896   0x0000006e   Code   RO         7618    i.USBD_LL_DataOutStage  usbd_core.o
    0x08006904   0x08006904   0x00000008   Code   RO         7245    i.USBD_LL_GetRxDataSize  usbd_conf.o
    0x0800690c   0x0800690c   0x00000080   Code   RO         7246    i.USBD_LL_Init      usbd_conf.o
    0x0800698c   0x0800698c   0x0000001e   Code   RO         7247    i.USBD_LL_IsStallEP  usbd_conf.o
    0x080069aa   0x080069aa   0x00000018   Code   RO         7248    i.USBD_LL_OpenEP    usbd_conf.o
    0x080069c2   0x080069c2   0x00000012   Code   RO         7249    i.USBD_LL_PrepareReceive  usbd_conf.o
    0x080069d4   0x080069d4   0x0000005c   Code   RO         7623    i.USBD_LL_Reset     usbd_core.o
    0x08006a30   0x08006a30   0x00000014   Code   RO         7624    i.USBD_LL_Resume    usbd_core.o
    0x08006a44   0x08006a44   0x00000022   Code   RO         7625    i.USBD_LL_SOF       usbd_core.o
    0x08006a66   0x08006a66   0x00000006   Code   RO         7626    i.USBD_LL_SetSpeed  usbd_core.o
    0x08006a6c   0x08006a6c   0x00000012   Code   RO         7250    i.USBD_LL_SetUSBAddress  usbd_conf.o
    0x08006a7e   0x08006a7e   0x00000060   Code   RO         7627    i.USBD_LL_SetupStage  usbd_core.o
    0x08006ade   0x08006ade   0x00000012   Code   RO         7251    i.USBD_LL_StallEP   usbd_conf.o
    0x08006af0   0x08006af0   0x00000012   Code   RO         7252    i.USBD_LL_Start     usbd_conf.o
    0x08006b02   0x08006b02   0x00000010   Code   RO         7628    i.USBD_LL_Suspend   usbd_core.o
    0x08006b12   0x08006b12   0x00000012   Code   RO         7254    i.USBD_LL_Transmit  usbd_conf.o
    0x08006b24   0x08006b24   0x00000032   Code   RO         7760    i.USBD_ParseSetupRequest  usbd_ctlreq.o
    0x08006b56   0x08006b56   0x00000024   Code   RO         7629    i.USBD_RegisterClass  usbd_core.o
    0x08006b7a   0x08006b7a   0x00000004   Code   RO         7630    i.USBD_RunTestMode  usbd_core.o
    0x08006b7e   0x08006b7e   0x00000058   Code   RO         7761    i.USBD_SetAddress   usbd_ctlreq.o
    0x08006bd6   0x08006bd6   0x00000014   Code   RO         7631    i.USBD_SetClassConfig  usbd_core.o
    0x08006bea   0x08006bea   0x00000002   PAD
    0x08006bec   0x08006bec   0x000000d8   Code   RO         7762    i.USBD_SetConfig    usbd_ctlreq.o
    0x08006cc4   0x08006cc4   0x00000010   Code   RO         7763    i.USBD_SetFeature   usbd_ctlreq.o
    0x08006cd4   0x08006cd4   0x00000004   Code   RO         7632    i.USBD_Start        usbd_core.o
    0x08006cd8   0x08006cd8   0x0000006e   Code   RO         7764    i.USBD_StdDevReq    usbd_ctlreq.o
    0x08006d46   0x08006d46   0x000001dc   Code   RO         7765    i.USBD_StdEPReq     usbd_ctlreq.o
    0x08006f22   0x08006f22   0x0000006e   Code   RO         7766    i.USBD_StdItfReq    usbd_ctlreq.o
    0x08006f90   0x08006f90   0x00000002   Code   RO         7255    i.USBD_static_free  usbd_conf.o
    0x08006f92   0x08006f92   0x00000002   PAD
    0x08006f94   0x08006f94   0x00000008   Code   RO         7256    i.USBD_static_malloc  usbd_conf.o
    0x08006f9c   0x08006f9c   0x000003b8   Code   RO          973    i.USB_ActivateEndpoint  stm32g4xx_ll_usb.o
    0x08007354   0x08007354   0x00000138   Code   RO          977    i.USB_DeactivateEndpoint  stm32g4xx_ll_usb.o
    0x0800748c   0x0800748c   0x0000000e   Code   RO          978    i.USB_DevConnect    stm32g4xx_ll_usb.o
    0x0800749a   0x0800749a   0x00000012   Code   RO          980    i.USB_DevInit       stm32g4xx_ll_usb.o
    0x080074ac   0x080074ac   0x00000010   Code   RO          981    i.USB_DisableGlobalInt  stm32g4xx_ll_usb.o
    0x080074bc   0x080074bc   0x0000007e   Code   RO          982    i.USB_EPClearStall  stm32g4xx_ll_usb.o
    0x0800753a   0x0800753a   0x0000003c   Code   RO          983    i.USB_EPSetStall    stm32g4xx_ll_usb.o
    0x08007576   0x08007576   0x000003c4   Code   RO          984    i.USB_EPStartXfer   stm32g4xx_ll_usb.o
    0x0800793a   0x0800793a   0x00000010   Code   RO          986    i.USB_EnableGlobalInt  stm32g4xx_ll_usb.o
    0x0800794a   0x0800794a   0x00000002   PAD
    0x0800794c   0x0800794c   0x0000000c   Code   RO          538    i.USB_LP_IRQHandler  stm32g4xx_it.o
    0x08007958   0x08007958   0x00000006   Code   RO          989    i.USB_ReadInterrupts  stm32g4xx_ll_usb.o
    0x0800795e   0x0800795e   0x0000002a   Code   RO          990    i.USB_ReadPMA       stm32g4xx_ll_usb.o
    0x08007988   0x08007988   0x0000000e   Code   RO          992    i.USB_SetDevAddress  stm32g4xx_ll_usb.o
    0x08007996   0x08007996   0x00000026   Code   RO          994    i.USB_WritePMA      stm32g4xx_ll_usb.o
    0x080079bc   0x080079bc   0x00000002   Code   RO          539    i.UsageFault_Handler  stm32g4xx_it.o
    0x080079be   0x080079be   0x00000002   PAD
    0x080079c0   0x080079c0   0x00000034   Code   RO         8276    i.__0vsnprintf      mc_w.l(printfa.o)
    0x080079f4   0x080079f4   0x00000020   Code   RO         2561    i.__NVIC_SetPriority  stm32g4xx_hal_cortex.o
    0x08007a14   0x08007a14   0x0000000e   Code   RO         8376    i.__scatterload_copy  mc_w.l(handlers.o)
    0x08007a22   0x08007a22   0x00000002   Code   RO         8377    i.__scatterload_null  mc_w.l(handlers.o)
    0x08007a24   0x08007a24   0x0000000e   Code   RO         8378    i.__scatterload_zeroinit  mc_w.l(handlers.o)
    0x08007a32   0x08007a32   0x00000002   PAD
    0x08007a34   0x08007a34   0x00000184   Code   RO         8278    i._fp_digits        mc_w.l(printfa.o)
    0x08007bb8   0x08007bb8   0x000006b4   Code   RO         8279    i._printf_core      mc_w.l(printfa.o)
    0x0800826c   0x0800826c   0x00000024   Code   RO         8280    i._printf_post_padding  mc_w.l(printfa.o)
    0x08008290   0x08008290   0x0000002e   Code   RO         8281    i._printf_pre_padding  mc_w.l(printfa.o)
    0x080082be   0x080082be   0x00000016   Code   RO         8282    i._snputc           mc_w.l(printfa.o)
    0x080082d4   0x080082d4   0x00000050   Code   RO           15    i.main              main.o
    0x08008324   0x08008324   0x000000ec   Code   RO         6881    i.my_main           my_mian.o
    0x08008410   0x08008410   0x000000d8   Code   RO         6759    i.prv_read_can_received_msg  co_driver_stm32.o
    0x080084e8   0x080084e8   0x0000009c   Code   RO         6760    i.prv_send_can_message  co_driver_stm32.o
    0x08008584   0x08008584   0x0000002c   Code   RO         7073    i.uart_buf_count    bspusart.o
    0x080085b0   0x080085b0   0x00000024   Code   RO         7074    i.uart_buf_drop     bspusart.o
    0x080085d4   0x080085d4   0x0000002a   Code   RO         7075    i.uart_buf_read_to_chunk  bspusart.o
    0x080085fe   0x080085fe   0x00000038   Code   RO         7076    i.uart_buf_write    bspusart.o
    0x08008636   0x08008636   0x00000002   PAD
    0x08008638   0x08008638   0x00000060   Code   RO         7077    i.uart_debug_send_periodic_task  bspusart.o
    0x08008698   0x08008698   0x0000001c   Code   RO         7078    i.uart_debug_tx_cplt_callback  bspusart.o
    0x080086b4   0x080086b4   0x0000000c   Code   RO         7080    i.uart_next_index   bspusart.o
    0x080086c0   0x080086c0   0x00000050   Code   RO         7081    i.uart_printf       bspusart.o
    0x08008710   0x08008710   0x0000005c   Code   RO         7082    i.uart_raw_send_periodic_task  bspusart.o
    0x0800876c   0x0800876c   0x00000034   Code   RO         7084    i.uart_send_periodic_task  bspusart.o
    0x080087a0   0x080087a0   0x00000070   Code   RO         7182    i.usb_print         bspusb.o
    0x08008810   0x08008810   0x00000010   Data   RO         3207    .constdata          stm32g4xx_hal_fdcan.o
    0x08008820   0x08008820   0x00000018   Data   RO         5112    .constdata          stm32g4xx_hal_uart.o
    0x08008838   0x08008838   0x00000010   Data   RO         5483    .constdata          stm32g4xx_hal_uart_ex.o
    0x08008848   0x08008848   0x00000010   Data   RO         5592    .constdata          system_stm32g4xx.o
    0x08008858   0x08008858   0x00000008   Data   RO         5593    .constdata          system_stm32g4xx.o
    0x08008860   0x08008860   0x00000020   Data   RO         8374    Region$$Table       anon$$obj.o


    Execution Region RW_IRAM1 (Exec base: 0x20000000, Load base: 0x08008880, Size: 0x00002da8, Max: 0x00008000, ABSOLUTE, COMPRESSED[0x000000c8])

    Exec Addr    Load Addr    Size         Type   Attr      Idx    E Section Name        Object

    0x20000000   COMPRESSED   0x00000004   Data   RW          256    .data               adc.o
    0x20000004   COMPRESSED   0x0000000c   Data   RW         1161    .data               stm32g4xx_hal.o
    0x20000010   COMPRESSED   0x00000004   Data   RW         5594    .data               system_stm32g4xx.o
    0x20000014   COMPRESSED   0x00000014   Data   RW         6644    .data               co_app_stm32.o
    0x20000028   COMPRESSED   0x00000004   Data   RW         6762    .data               co_driver_stm32.o
    0x2000002c   COMPRESSED   0x0000000c   Data   RW         6882    .data               my_mian.o
    0x20000038   COMPRESSED   0x00000008   Data   RW         7039    .data               myadc.o
    0x20000040   COMPRESSED   0x0000000e   Data   RW         7087    .data               bspusart.o
    0x2000004e   COMPRESSED   0x00000002   PAD
    0x20000050   COMPRESSED   0x00000020   Data   RW         7485    .data               usbd_desc.o
    0x20000070   COMPRESSED   0x00000032   Data   RW         7486    .data               usbd_desc.o
    0x200000a2   COMPRESSED   0x00000002   PAD
    0x200000a4   COMPRESSED   0x00000014   Data   RW         7564    .data               usbd_cdc_if.o
    0x200000b8   COMPRESSED   0x00000001   Data   RW         7767    .data               usbd_ctlreq.o
    0x200000b9   COMPRESSED   0x00000003   PAD
    0x200000bc   COMPRESSED   0x000000d7   Data   RW         7930    .data               usbd_cdc.o
    0x20000193   COMPRESSED   0x00000001   PAD
    0x20000194   COMPRESSED   0x00000038   Data   RW         7931    .data               usbd_cdc.o
    0x200001cc        -       0x000000d8   Zero   RW          255    .bss                adc.o
    0x200002a4        -       0x00000064   Zero   RW          327    .bss                fdcan.o
    0x20000308        -       0x00000064   Zero   RW          369    .bss                spi.o
    0x2000036c        -       0x00000098   Zero   RW          415    .bss                tim.o
    0x20000404        -       0x000001e8   Zero   RW          478    .bss                usart.o
    0x200005ec        -       0x0000004c   Zero   RW         6761    .bss                co_driver_stm32.o
    0x20000638        -       0x00000010   Zero   RW         7038    .bss                myadc.o
    0x20000648        -       0x00001094   Zero   RW         7086    .bss                bspusart.o
    0x200016dc        -       0x00000100   Zero   RW         7183    .bss                bspusb.o
    0x200017dc        -       0x000004fc   Zero   RW         7257    .bss                usbd_conf.o
    0x20001cd8        -       0x000002d0   Zero   RW         7442    .bss                usb_device.o
    0x20001fa8        -       0x00000200   Zero   RW         7484    .bss                usbd_desc.o
    0x200021a8        -       0x00000800   Zero   RW         7563    .bss                usbd_cdc_if.o
    0x200029a8        -       0x00000400   Zero   RW            1    STACK               startup_stm32g431xx.o


==============================================================================

Image component sizes


      Code (inc. data)   RO Data    RW Data    ZI Data      Debug   Object Name

       580         36          0          4        216       2730   adc.o
       538         46          0         14       4244       7819   bspusart.o
       112         10          0          0        256       1796   bspusb.o
         0          0          0          0          0       2712   canopen.o
         0          0          0         20          0      11120   co_app_stm32.o
       488         40          0          4         76       4541   co_driver_stm32.o
         0          0          0          0          0       2640   co_fifo.o
         0          0          0          0          0        872   co_leds.o
         0          0          0          0          0      11220   co_node_guarding.o
         0          0          0          0          0       3284   co_sdoclient.o
        76          4          0          0          0        790   dma.o
       240         22          0          0        100       1743   fdcan.o
       148          8          0          0          0        923   gpio.o
       252         10          0          0          0     720653   main.o
       248          4          0          0          0        934   mt6816.o
       326        124          0         12          0       4852   my_mian.o
        58          4          0          8         16       1959   myadc.o
       196         18          0          0        100       1661   spi.o
        36          8        472          0       1024        824   startup_stm32g431xx.o
       170         22          0         12          0       4245   stm32g4xx_hal.o
      1534         58          0          0          0      75797   stm32g4xx_hal_adc.o
      2160         82          0          0          0      79337   stm32g4xx_hal_adc_ex.o
       198         14          0          0          0      33871   stm32g4xx_hal_cortex.o
       952         28          0          0          0       6554   stm32g4xx_hal_dma.o
      1466         28         16          0          0      14356   stm32g4xx_hal_fdcan.o
         0          0          0          0          0       5384   stm32g4xx_hal_flash.o
       452         34          0          0          0       2244   stm32g4xx_hal_gpio.o
        48          6          0          0          0        834   stm32g4xx_hal_msp.o
      3128          0          0          0          0      15953   stm32g4xx_hal_pcd.o
        96          0          0          0          0       1810   stm32g4xx_hal_pcd_ex.o
       220         18          0          0          0       1445   stm32g4xx_hal_pwr_ex.o
      1840         96          0          0          0       8072   stm32g4xx_hal_rcc.o
       740         18          0          0          0       2602   stm32g4xx_hal_rcc_ex.o
       516          6          0          0          0       3532   stm32g4xx_hal_spi.o
      1848        202          0          0          0      12645   stm32g4xx_hal_tim.o
       314         32          0          0          0       6404   stm32g4xx_hal_tim_ex.o
      2632         98         24          0          0      33800   stm32g4xx_hal_uart.o
       292          6         16          0          0       5354   stm32g4xx_hal_uart_ex.o
       144         58          0          0          0       8248   stm32g4xx_it.o
      2578          0          0          0          0      16304   stm32g4xx_ll_usb.o
        16          4         24          4          0       1091   system_stm32g4xx.o
       468         46          0          0        152       3514   tim.o
       548         46          0          0        488       2689   usart.o
        84         18          0          0        720        784   usb_device.o
       912         16          0        271          0      13765   usbd_cdc.o
       120         20          0         20       2048       4020   usbd_cdc_if.o
       756         36          0          0       1276      15563   usbd_conf.o
       684          0          0          0          0      10339   usbd_core.o
      1822         22          0          1          0      17420   usbd_ctlreq.o
       358        112          0         82        512       6766   usbd_desc.o
       132          0          0          0          0       4436   usbd_ioreq.o

    ----------------------------------------------------------------------
     30580       1460        584        460      11228    1202251   Object Totals
         0          0         32          0          0          0   (incl. Generated)
        54          0          0          8          0          0   (incl. Padding)

    ----------------------------------------------------------------------

      Code (inc. data)   RO Data    RW Data    ZI Data      Debug   Library Member Name

        86          0          0          0          0          0   __dczerorl2.o
         0          0          0          0          0          0   entry.o
         0          0          0          0          0          0   entry10a.o
         0          0          0          0          0          0   entry11a.o
         4          0          0          0          0          0   entry12b.o
         8          4          0          0          0          0   entry2.o
         4          0          0          0          0          0   entry5.o
         0          0          0          0          0          0   entry7b.o
         0          0          0          0          0          0   entry8b.o
         8          4          0          0          0          0   entry9a.o
        30          0          0          0          0          0   handlers.o
        36          8          0          0          0         68   init.o
         0          0          0          0          0          0   iusefp.o
        30          0          0          0          0         68   llshl.o
        36          0          0          0          0         68   llsshr.o
        32          0          0          0          0         68   llushr.o
        36          0          0          0          0        108   memseta.o
      2260         86          0          0          0        528   printfa.o
        44          0          0          0          0         80   uidiv.o
        98          0          0          0          0         92   uldiv.o
        48          0          0          0          0         68   cdrcmple.o
       334          0          0          0          0        148   dadd.o
       222          0          0          0          0        100   ddiv.o
       186          0          0          0          0        176   depilogue.o
        48          0          0          0          0         68   dfixul.o
       228          0          0          0          0         96   dmul.o

    ----------------------------------------------------------------------
      3780        102          0          0          0       1736   Library Totals
         2          0          0          0          0          0   (incl. Padding)

    ----------------------------------------------------------------------

      Code (inc. data)   RO Data    RW Data    ZI Data      Debug   Library Name

      2712        102          0          0          0       1080   mc_w.l
      1066          0          0          0          0        656   mf_w.l

    ----------------------------------------------------------------------
      3780        102          0          0          0       1736   Library Totals

    ----------------------------------------------------------------------

==============================================================================


      Code (inc. data)   RO Data    RW Data    ZI Data      Debug   

     34360       1562        584        460      11228    1173387   Grand Totals
     34360       1562        584        200      11228    1173387   ELF Image Totals (compressed)
     34360       1562        584        200          0          0   ROM Totals

==============================================================================

    Total RO  Size (Code + RO Data)                34944 (  34.13kB)
    Total RW  Size (RW Data + ZI Data)             11688 (  11.41kB)
    Total ROM Size (Code + RO Data + RW Data)      35144 (  34.32kB)

==============================================================================

