Component: ARM Compiler 5.06 update 7 (build 960) Tool: armlink [4d3601]

==============================================================================

Section Cross References

    startup_stm32g431xx.o(RESET) refers to startup_stm32g431xx.o(STACK) for __initial_sp
    startup_stm32g431xx.o(RESET) refers to startup_stm32g431xx.o(.text) for Reset_Handler
    startup_stm32g431xx.o(RESET) refers to stm32g4xx_it.o(i.NMI_Handler) for NMI_Handler
    startup_stm32g431xx.o(RESET) refers to stm32g4xx_it.o(i.HardFault_Handler) for HardFault_Handler
    startup_stm32g431xx.o(RESET) refers to stm32g4xx_it.o(i.MemManage_Handler) for MemManage_Handler
    startup_stm32g431xx.o(RESET) refers to stm32g4xx_it.o(i.BusFault_Handler) for BusFault_Handler
    startup_stm32g431xx.o(RESET) refers to stm32g4xx_it.o(i.UsageFault_Handler) for UsageFault_Handler
    startup_stm32g431xx.o(RESET) refers to stm32g4xx_it.o(i.SVC_Handler) for SVC_Handler
    startup_stm32g431xx.o(RESET) refers to stm32g4xx_it.o(i.DebugMon_Handler) for DebugMon_Handler
    startup_stm32g431xx.o(RESET) refers to stm32g4xx_it.o(i.PendSV_Handler) for PendSV_Handler
    startup_stm32g431xx.o(RESET) refers to stm32g4xx_it.o(i.SysTick_Handler) for SysTick_Handler
    startup_stm32g431xx.o(RESET) refers to stm32g4xx_it.o(i.DMA1_Channel1_IRQHandler) for DMA1_Channel1_IRQHandler
    startup_stm32g431xx.o(RESET) refers to stm32g4xx_it.o(i.DMA1_Channel2_IRQHandler) for DMA1_Channel2_IRQHandler
    startup_stm32g431xx.o(RESET) refers to stm32g4xx_it.o(i.ADC1_2_IRQHandler) for ADC1_2_IRQHandler
    startup_stm32g431xx.o(RESET) refers to stm32g4xx_it.o(i.FDCAN1_IT0_IRQHandler) for FDCAN1_IT0_IRQHandler
    startup_stm32g431xx.o(RESET) refers to stm32g4xx_it.o(i.FDCAN1_IT1_IRQHandler) for FDCAN1_IT1_IRQHandler
    startup_stm32g431xx.o(RESET) refers to stm32g4xx_it.o(i.USART1_IRQHandler) for USART1_IRQHandler
    startup_stm32g431xx.o(RESET) refers to stm32g4xx_it.o(i.TIM6_DAC_IRQHandler) for TIM6_DAC_IRQHandler
    startup_stm32g431xx.o(.text) refers to system_stm32g4xx.o(i.SystemInit) for SystemInit
    startup_stm32g431xx.o(.text) refers to entry.o(.ARM.Collect$$$$00000000) for __main
    main.o(i.SystemClock_Config) refers to memseta.o(.text) for __aeabi_memclr4
    main.o(i.SystemClock_Config) refers to stm32g4xx_hal_pwr_ex.o(i.HAL_PWREx_ControlVoltageScaling) for HAL_PWREx_ControlVoltageScaling
    main.o(i.SystemClock_Config) refers to stm32g4xx_hal_rcc.o(i.HAL_RCC_OscConfig) for HAL_RCC_OscConfig
    main.o(i.SystemClock_Config) refers to main.o(i.Error_Handler) for Error_Handler
    main.o(i.SystemClock_Config) refers to stm32g4xx_hal_rcc.o(i.HAL_RCC_ClockConfig) for HAL_RCC_ClockConfig
    main.o(i.main) refers to stm32g4xx_hal.o(i.HAL_Init) for HAL_Init
    main.o(i.main) refers to main.o(i.SystemClock_Config) for SystemClock_Config
    main.o(i.main) refers to gpio.o(i.MX_GPIO_Init) for MX_GPIO_Init
    main.o(i.main) refers to dma.o(i.MX_DMA_Init) for MX_DMA_Init
    main.o(i.main) refers to adc.o(i.MX_ADC1_Init) for MX_ADC1_Init
    main.o(i.main) refers to adc.o(i.MX_ADC2_Init) for MX_ADC2_Init
    main.o(i.main) refers to fdcan.o(i.MX_FDCAN1_Init) for MX_FDCAN1_Init
    main.o(i.main) refers to spi.o(i.MX_SPI1_Init) for MX_SPI1_Init
    main.o(i.main) refers to tim.o(i.MX_TIM1_Init) for MX_TIM1_Init
    main.o(i.main) refers to usart.o(i.MX_USART1_UART_Init) for MX_USART1_UART_Init
    main.o(i.main) refers to usart.o(i.MX_USART2_UART_Init) for MX_USART2_UART_Init
    main.o(i.main) refers to usb.o(i.MX_USB_PCD_Init) for MX_USB_PCD_Init
    main.o(i.main) refers to tim.o(i.MX_TIM6_Init) for MX_TIM6_Init
    main.o(i.main) refers to my_mian.o(i.my_main) for my_main
    gpio.o(i.MX_GPIO_Init) refers to memseta.o(.text) for __aeabi_memclr4
    gpio.o(i.MX_GPIO_Init) refers to stm32g4xx_hal_gpio.o(i.HAL_GPIO_WritePin) for HAL_GPIO_WritePin
    gpio.o(i.MX_GPIO_Init) refers to stm32g4xx_hal_gpio.o(i.HAL_GPIO_Init) for HAL_GPIO_Init
    adc.o(i.HAL_ADC_MspDeInit) refers to stm32g4xx_hal_gpio.o(i.HAL_GPIO_DeInit) for HAL_GPIO_DeInit
    adc.o(i.HAL_ADC_MspDeInit) refers to adc.o(.data) for .data
    adc.o(i.HAL_ADC_MspInit) refers to memseta.o(.text) for __aeabi_memclr4
    adc.o(i.HAL_ADC_MspInit) refers to stm32g4xx_hal_rcc_ex.o(i.HAL_RCCEx_PeriphCLKConfig) for HAL_RCCEx_PeriphCLKConfig
    adc.o(i.HAL_ADC_MspInit) refers to main.o(i.Error_Handler) for Error_Handler
    adc.o(i.HAL_ADC_MspInit) refers to stm32g4xx_hal_gpio.o(i.HAL_GPIO_Init) for HAL_GPIO_Init
    adc.o(i.HAL_ADC_MspInit) refers to stm32g4xx_hal_cortex.o(i.HAL_NVIC_SetPriority) for HAL_NVIC_SetPriority
    adc.o(i.HAL_ADC_MspInit) refers to stm32g4xx_hal_cortex.o(i.HAL_NVIC_EnableIRQ) for HAL_NVIC_EnableIRQ
    adc.o(i.HAL_ADC_MspInit) refers to adc.o(.data) for .data
    adc.o(i.MX_ADC1_Init) refers to memseta.o(.text) for __aeabi_memclr4
    adc.o(i.MX_ADC1_Init) refers to stm32g4xx_hal_adc.o(i.HAL_ADC_Init) for HAL_ADC_Init
[...]
    i.HAL_TIMEx_ConfigBreakDeadTime          0x080031bc   Section        0  stm32g4xx_hal_tim_ex.o(i.HAL_TIMEx_ConfigBreakDeadTime)
    i.HAL_TIMEx_DirectionChangeCallback      0x08003258   Section        0  stm32g4xx_hal_tim_ex.o(i.HAL_TIMEx_DirectionChangeCallback)
    i.HAL_TIMEx_EncoderIndexCallback         0x0800325a   Section        0  stm32g4xx_hal_tim_ex.o(i.HAL_TIMEx_EncoderIndexCallback)
    i.HAL_TIMEx_IndexErrorCallback           0x0800325c   Section        0  stm32g4xx_hal_tim_ex.o(i.HAL_TIMEx_IndexErrorCallback)
    i.HAL_TIMEx_MasterConfigSynchronization  0x08003260   Section        0  stm32g4xx_hal_tim_ex.o(i.HAL_TIMEx_MasterConfigSynchronization)
    i.HAL_TIMEx_TransitionErrorCallback      0x080032f0   Section        0  stm32g4xx_hal_tim_ex.o(i.HAL_TIMEx_TransitionErrorCallback)
    i.HAL_TIM_Base_Init                      0x080032f2   Section        0  stm32g4xx_hal_tim.o(i.HAL_TIM_Base_Init)
    i.HAL_TIM_Base_MspInit                   0x08003340   Section        0  tim.o(i.HAL_TIM_Base_MspInit)
    i.HAL_TIM_Base_Start                     0x0800337c   Section        0  stm32g4xx_hal_tim.o(i.HAL_TIM_Base_Start)
    i.HAL_TIM_IC_CaptureCallback             0x080033f4   Section        0  stm32g4xx_hal_tim.o(i.HAL_TIM_IC_CaptureCallback)
    i.HAL_TIM_IRQHandler                     0x080033f6   Section        0  stm32g4xx_hal_tim.o(i.HAL_TIM_IRQHandler)
    i.HAL_TIM_MspPostInit                    0x080035a0   Section        0  tim.o(i.HAL_TIM_MspPostInit)
    i.HAL_TIM_OC_ConfigChannel               0x080035f4   Section        0  stm32g4xx_hal_tim.o(i.HAL_TIM_OC_ConfigChannel)
    i.HAL_TIM_OC_DelayElapsedCallback        0x08003662   Section        0  stm32g4xx_hal_tim.o(i.HAL_TIM_OC_DelayElapsedCallback)
    i.HAL_TIM_OC_Init                        0x08003664   Section        0  stm32g4xx_hal_tim.o(i.HAL_TIM_OC_Init)
    i.HAL_TIM_OC_MspInit                     0x080036b4   Section        0  tim.o(i.HAL_TIM_OC_MspInit)
    i.HAL_TIM_PWM_PulseFinishedCallback      0x080036dc   Section        0  stm32g4xx_hal_tim.o(i.HAL_TIM_PWM_PulseFinishedCallback)
    i.HAL_TIM_PeriodElapsedCallback          0x080036de   Section        0  my_mian.o(i.HAL_TIM_PeriodElapsedCallback)
    i.HAL_TIM_TriggerCallback                0x080036e0   Section        0  stm32g4xx_hal_tim.o(i.HAL_TIM_TriggerCallback)
    i.HAL_UARTEx_DisableFifoMode             0x080036e2   Section        0  stm32g4xx_hal_uart_ex.o(i.HAL_UARTEx_DisableFifoMode)
    i.HAL_UARTEx_RxEventCallback             0x08003720   Section        0  stm32g4xx_hal_uart.o(i.HAL_UARTEx_RxEventCallback)
    i.HAL_UARTEx_RxFifoFullCallback          0x08003722   Section        0  stm32g4xx_hal_uart_ex.o(i.HAL_UARTEx_RxFifoFullCallback)
    i.HAL_UARTEx_SetRxFifoThreshold          0x08003724   Section        0  stm32g4xx_hal_uart_ex.o(i.HAL_UARTEx_SetRxFifoThreshold)
    i.HAL_UARTEx_SetTxFifoThreshold          0x08003770   Section        0  stm32g4xx_hal_uart_ex.o(i.HAL_UARTEx_SetTxFifoThreshold)
    i.HAL_UARTEx_TxFifoEmptyCallback         0x080037bc   Section        0  stm32g4xx_hal_uart_ex.o(i.HAL_UARTEx_TxFifoEmptyCallback)
    i.HAL_UARTEx_WakeupCallback              0x080037be   Section        0  stm32g4xx_hal_uart_ex.o(i.HAL_UARTEx_WakeupCallback)
    i.HAL_UART_ErrorCallback                 0x080037c0   Section        0  stm32g4xx_hal_uart.o(i.HAL_UART_ErrorCallback)
    i.HAL_UART_IRQHandler                    0x080037c4   Section        0  stm32g4xx_hal_uart.o(i.HAL_UART_IRQHandler)
    i.HAL_UART_Init                          0x08003ae8   Section        0  stm32g4xx_hal_uart.o(i.HAL_UART_Init)
    i.HAL_UART_MspInit                       0x08003b58   Section        0  usart.o(i.HAL_UART_MspInit)
    i.HAL_UART_Transmit_DMA                  0x08003cac   Section        0  stm32g4xx_hal_uart.o(i.HAL_UART_Transmit_DMA)
    i.HAL_UART_TxCpltCallback                0x08003d3c   Section        0  my_mian.o(i.HAL_UART_TxCpltCallback)
    i.HAL_UART_TxHalfCpltCallback            0x08003d4c   Section        0  stm32g4xx_hal_uart.o(i.HAL_UART_TxHalfCpltCallback)
    i.HardFault_Handler                      0x08003d4e   Section        0  stm32g4xx_it.o(i.HardFault_Handler)
    i.LL_ADC_GetOffsetChannel                0x08003d50   Section        0  stm32g4xx_hal_adc_ex.o(i.LL_ADC_GetOffsetChannel)
    LL_ADC_GetOffsetChannel                  0x08003d51   Thumb Code    12  stm32g4xx_hal_adc_ex.o(i.LL_ADC_GetOffsetChannel)
    i.LL_ADC_INJ_IsConversionOngoing         0x08003d5c   Section        0  stm32g4xx_hal_adc.o(i.LL_ADC_INJ_IsConversionOngoing)
    LL_ADC_INJ_IsConversionOngoing           0x08003d5d   Thumb Code     8  stm32g4xx_hal_adc.o(i.LL_ADC_INJ_IsConversionOngoing)
    i.LL_ADC_INJ_IsConversionOngoing         0x08003d64   Section        0  stm32g4xx_hal_adc_ex.o(i.LL_ADC_INJ_IsConversionOngoing)
    LL_ADC_INJ_IsConversionOngoing           0x08003d65   Thumb Code     8  stm32g4xx_hal_adc_ex.o(i.LL_ADC_INJ_IsConversionOngoing)
    i.LL_ADC_IsEnabled                       0x08003d6c   Section        0  stm32g4xx_hal_adc.o(i.LL_ADC_IsEnabled)
    LL_ADC_IsEnabled                         0x08003d6d   Thumb Code     8  stm32g4xx_hal_adc.o(i.LL_ADC_IsEnabled)
    i.LL_ADC_IsEnabled                       0x08003d74   Section        0  stm32g4xx_hal_adc_ex.o(i.LL_ADC_IsEnabled)
    LL_ADC_IsEnabled                         0x08003d75   Thumb Code     8  stm32g4xx_hal_adc_ex.o(i.LL_ADC_IsEnabled)
    i.LL_ADC_REG_IsConversionOngoing         0x08003d7c   Section        0  stm32g4xx_hal_adc.o(i.LL_ADC_REG_IsConversionOngoing)
    LL_ADC_REG_IsConversionOngoing           0x08003d7d   Thumb Code     8  stm32g4xx_hal_adc.o(i.LL_ADC_REG_IsConversionOngoing)
    i.LL_ADC_REG_IsConversionOngoing         0x08003d84   Section        0  stm32g4xx_hal_adc_ex.o(i.LL_ADC_REG_IsConversionOngoing)
    LL_ADC_REG_IsConversionOngoing           0x08003d85   Thumb Code     8  stm32g4xx_hal_adc_ex.o(i.LL_ADC_REG_IsConversionOngoing)
    i.LL_ADC_REG_IsTriggerSourceSWStart      0x08003d8c   Section        0  stm32g4xx_hal_adc.o(i.LL_ADC_REG_IsTriggerSourceSWStart)
    LL_ADC_REG_IsTriggerSourceSWStart        0x08003d8d   Thumb Code    16  stm32g4xx_hal_adc.o(i.LL_ADC_REG_IsTriggerSourceSWStart)
    i.LL_ADC_SetChannelSamplingTime          0x08003d9c   Section        0  stm32g4xx_hal_adc_ex.o(i.LL_ADC_SetChannelSamplingTime)
    LL_ADC_SetChannelSamplingTime            0x08003d9d   Thumb Code    30  stm32g4xx_hal_adc_ex.o(i.LL_ADC_SetChannelSamplingTime)
    i.LL_ADC_SetOffsetState                  0x08003dba   Section        0  stm32g4xx_hal_adc_ex.o(i.LL_ADC_SetOffsetState)
    LL_ADC_SetOffsetState                    0x08003dbb   Thumb Code    16  stm32g4xx_hal_adc_ex.o(i.LL_ADC_SetOffsetState)
    i.MX_ADC1_Init                           0x08003dcc   Section        0  adc.o(i.MX_ADC1_Init)
    i.MX_ADC2_Init                           0x08003e78   Section        0  adc.o(i.MX_ADC2_Init)
    i.MX_DMA_Init                            0x08003f04   Section        0  dma.o(i.MX_DMA_Init)
    i.MX_FDCAN1_Init                         0x08003f50   Section        0  fdcan.o(i.MX_FDCAN1_Init)
    i.MX_GPIO_Init                           0x08003fa0   Section        0  gpio.o(i.MX_GPIO_Init)
    i.MX_SPI1_Init                           0x08004010   Section        0  spi.o(i.MX_SPI1_Init)
    i.MX_TIM1_Init                           0x08004060   Section        0  tim.o(i.MX_TIM1_Init)
    i.MX_TIM6_Init                           0x08004134   Section        0  tim.o(i.MX_TIM6_Init)
    i.MX_USART1_UART_Init                    0x0800417c   Section        0  usart.o(i.MX_USART1_UART_Init)
    i.MX_USART2_UART_Init                    0x080041e4   Section        0  usart.o(i.MX_USART2_UART_Init)
    i.MX_USB_PCD_Init                        0x0800424c   Section        0  usb.o(i.MX_USB_PCD_Init)
    i.MemManage_Handler                      0x08004284   Section        0  stm32g4xx_it.o(i.MemManage_Handler)
    i.NMI_Handler                            0x08004286   Section        0  stm32g4xx_it.o(i.NMI_Handler)
    i.PendSV_Handler                         0x08004288   Section        0  stm32g4xx_it.o(i.PendSV_Handler)
    i.RCC_GetSysClockFreqFromPLLSource       0x0800428c   Section        0  stm32g4xx_hal_rcc.o(i.RCC_GetSysClockFreqFromPLLSource)
    RCC_GetSysClockFreqFromPLLSource         0x0800428d   Thumb Code    66  stm32g4xx_hal_rcc.o(i.RCC_GetSysClockFreqFromPLLSource)
    i.SVC_Handler                            0x080042dc   Section        0  stm32g4xx_it.o(i.SVC_Handler)
    i.SysTick_Handler                        0x080042de   Section        0  stm32g4xx_it.o(i.SysTick_Handler)
    i.SystemClock_Config                     0x080042e2   Section        0  main.o(i.SystemClock_Config)
    i.SystemInit                             0x08004350   Section        0  system_stm32g4xx.o(i.SystemInit)
    i.TIM6_DAC_IRQHandler                    0x08004360   Section        0  stm32g4xx_it.o(i.TIM6_DAC_IRQHandler)
    i.TIM_Base_SetConfig                     0x0800436c   Section        0  stm32g4xx_hal_tim.o(i.TIM_Base_SetConfig)
    i.TIM_OC1_SetConfig                      0x08004424   Section        0  stm32g4xx_hal_tim.o(i.TIM_OC1_SetConfig)
    TIM_OC1_SetConfig                        0x08004425   Thumb Code   140  stm32g4xx_hal_tim.o(i.TIM_OC1_SetConfig)
    i.TIM_OC2_SetConfig                      0x080044c8   Section        0  stm32g4xx_hal_tim.o(i.TIM_OC2_SetConfig)
    i.TIM_OC3_SetConfig                      0x08004560   Section        0  stm32g4xx_hal_tim.o(i.TIM_OC3_SetConfig)
    TIM_OC3_SetConfig                        0x08004561   Thumb Code   126  stm32g4xx_hal_tim.o(i.TIM_OC3_SetConfig)
    i.TIM_OC4_SetConfig                      0x080045f8   Section        0  stm32g4xx_hal_tim.o(i.TIM_OC4_SetConfig)
    TIM_OC4_SetConfig                        0x080045f9   Thumb Code   128  stm32g4xx_hal_tim.o(i.TIM_OC4_SetConfig)
    i.TIM_OC5_SetConfig                      0x08004690   Section        0  stm32g4xx_hal_tim.o(i.TIM_OC5_SetConfig)
    TIM_OC5_SetConfig                        0x08004691   Thumb Code    86  stm32g4xx_hal_tim.o(i.TIM_OC5_SetConfig)
    i.TIM_OC6_SetConfig                      0x08004700   Section        0  stm32g4xx_hal_tim.o(i.TIM_OC6_SetConfig)
    TIM_OC6_SetConfig                        0x08004701   Thumb Code    88  stm32g4xx_hal_tim.o(i.TIM_OC6_SetConfig)
    i.UARTEx_SetNbDataToProcess              0x08004770   Section        0  stm32g4xx_hal_uart_ex.o(i.UARTEx_SetNbDataToProcess)
    UARTEx_SetNbDataToProcess                0x08004771   Thumb Code    66  stm32g4xx_hal_uart_ex.o(i.UARTEx_SetNbDataToProcess)
    i.UART_AdvFeatureConfig                  0x080047b8   Section        0  stm32g4xx_hal_uart.o(i.UART_AdvFeatureConfig)
    i.UART_CheckIdleState                    0x08004880   Section        0  stm32g4xx_hal_uart.o(i.UART_CheckIdleState)
    i.UART_DMAAbortOnError                   0x0800492a   Section        0  stm32g4xx_hal_uart.o(i.UART_DMAAbortOnError)
    UART_DMAAbortOnError                     0x0800492b   Thumb Code    10  stm32g4xx_hal_uart.o(i.UART_DMAAbortOnError)
    i.UART_DMAError                          0x08004934   Section        0  stm32g4xx_hal_uart.o(i.UART_DMAError)
    UART_DMAError                            0x08004935   Thumb Code    68  stm32g4xx_hal_uart.o(i.UART_DMAError)
    i.UART_DMATransmitCplt                   0x08004978   Section        0  stm32g4xx_hal_uart.o(i.UART_DMATransmitCplt)
    UART_DMATransmitCplt                     0x08004979   Thumb Code    66  stm32g4xx_hal_uart.o(i.UART_DMATransmitCplt)
    i.UART_DMATxHalfCplt                     0x080049ba   Section        0  stm32g4xx_hal_uart.o(i.UART_DMATxHalfCplt)
    UART_DMATxHalfCplt                       0x080049bb   Thumb Code    10  stm32g4xx_hal_uart.o(i.UART_DMATxHalfCplt)
    i.UART_EndRxTransfer                     0x080049c4   Section        0  stm32g4xx_hal_uart.o(i.UART_EndRxTransfer)
    UART_EndRxTransfer                       0x080049c5   Thumb Code    78  stm32g4xx_hal_uart.o(i.UART_EndRxTransfer)
    i.UART_EndTransmit_IT                    0x08004a18   Section        0  stm32g4xx_hal_uart.o(i.UART_EndTransmit_IT)
    UART_EndTransmit_IT                      0x08004a19   Thumb Code    36  stm32g4xx_hal_uart.o(i.UART_EndTransmit_IT)
    i.UART_EndTxTransfer                     0x08004a3c   Section        0  stm32g4xx_hal_uart.o(i.UART_EndTxTransfer)
    UART_EndTxTransfer                       0x08004a3d   Thumb Code    46  stm32g4xx_hal_uart.o(i.UART_EndTxTransfer)
    i.UART_SetConfig                         0x08004a6c   Section        0  stm32g4xx_hal_uart.o(i.UART_SetConfig)
    i.UART_WaitOnFlagUntilTimeout            0x08004d40   Section        0  stm32g4xx_hal_uart.o(i.UART_WaitOnFlagUntilTimeout)
    i.USART1_IRQHandler                      0x08004dd8   Section        0  stm32g4xx_it.o(i.USART1_IRQHandler)
    i.USB_DevInit                            0x08004de4   Section        0  stm32g4xx_ll_usb.o(i.USB_DevInit)
    i.USB_DisableGlobalInt                   0x08004df6   Section        0  stm32g4xx_ll_usb.o(i.USB_DisableGlobalInt)
    i.UsageFault_Handler                     0x08004e06   Section        0  stm32g4xx_it.o(i.UsageFault_Handler)
    i.__0vsnprintf                           0x08004e08   Section        0  printfa.o(i.__0vsnprintf)
    i.__NVIC_SetPriority                     0x08004e3c   Section        0  stm32g4xx_hal_cortex.o(i.__NVIC_SetPriority)
    __NVIC_SetPriority                       0x08004e3d   Thumb Code    32  stm32g4xx_hal_cortex.o(i.__NVIC_SetPriority)
    i.__scatterload_copy                     0x08004e5c   Section       14  handlers.o(i.__scatterload_copy)
    i.__scatterload_null                     0x08004e6a   Section        2  handlers.o(i.__scatterload_null)
    i.__scatterload_zeroinit                 0x08004e6c   Section       14  handlers.o(i.__scatterload_zeroinit)
    i._fp_digits                             0x08004e7c   Section        0  printfa.o(i._fp_digits)
    _fp_digits                               0x08004e7d   Thumb Code   366  printfa.o(i._fp_digits)
    i._printf_core                           0x08005000   Section        0  printfa.o(i._printf_core)
    _printf_core                             0x08005001   Thumb Code  1704  printfa.o(i._printf_core)
    i._printf_post_padding                   0x080056b4   Section        0  printfa.o(i._printf_post_padding)
    _printf_post_padding                     0x080056b5   Thumb Code    36  printfa.o(i._printf_post_padding)
    i._printf_pre_padding                    0x080056d8   Section        0  printfa.o(i._printf_pre_padding)
    _printf_pre_padding                      0x080056d9   Thumb Code    46  printfa.o(i._printf_pre_padding)
    i._snputc                                0x08005706   Section        0  printfa.o(i._snputc)
    _snputc                                  0x08005707   Thumb Code    22  printfa.o(i._snputc)
    i.main                                   0x0800571c   Section        0  main.o(i.main)
    i.my_main                                0x0800576c   Section        0  my_mian.o(i.my_main)
    i.prv_read_can_received_msg              0x08005884   Section        0  co_driver_stm32.o(i.prv_read_can_received_msg)
    prv_read_can_received_msg                0x08005885   Thumb Code   206  co_driver_stm32.o(i.prv_read_can_received_msg)
    i.prv_send_can_message                   0x0800595c   Section        0  co_driver_stm32.o(i.prv_send_can_message)
    prv_send_can_message                     0x0800595d   Thumb Code   150  co_driver_stm32.o(i.prv_send_can_message)
    i.uart_buf_count                         0x080059f8   Section        0  bspusart.o(i.uart_buf_count)
    uart_buf_count                           0x080059f9   Thumb Code    44  bspusart.o(i.uart_buf_count)
    i.uart_buf_drop                          0x08005a24   Section        0  bspusart.o(i.uart_buf_drop)
    uart_buf_drop                            0x08005a25   Thumb Code    36  bspusart.o(i.uart_buf_drop)
    i.uart_buf_read_to_chunk                 0x08005a48   Section        0  bspusart.o(i.uart_buf_read_to_chunk)
    uart_buf_read_to_chunk                   0x08005a49   Thumb Code    42  bspusart.o(i.uart_buf_read_to_chunk)
    i.uart_buf_write                         0x08005a72   Section        0  bspusart.o(i.uart_buf_write)
    uart_buf_write                           0x08005a73   Thumb Code    56  bspusart.o(i.uart_buf_write)
    i.uart_debug_send_periodic_task          0x08005aac   Section        0  bspusart.o(i.uart_debug_send_periodic_task)
    uart_debug_send_periodic_task            0x08005aad   Thumb Code    82  bspusart.o(i.uart_debug_send_periodic_task)
    i.uart_debug_tx_cplt_callback            0x08005b0c   Section        0  bspusart.o(i.uart_debug_tx_cplt_callback)
    i.uart_next_index                        0x08005b28   Section        0  bspusart.o(i.uart_next_index)
    uart_next_index                          0x08005b29   Thumb Code    12  bspusart.o(i.uart_next_index)
    i.uart_printf                            0x08005b34   Section        0  bspusart.o(i.uart_printf)
    i.uart_raw_send_periodic_task            0x08005b84   Section        0  bspusart.o(i.uart_raw_send_periodic_task)
    uart_raw_send_periodic_task              0x08005b85   Thumb Code    84  bspusart.o(i.uart_raw_send_periodic_task)
    i.uart_send_periodic_task                0x08005be0   Section        0  bspusart.o(i.uart_send_periodic_task)
    .constdata                               0x08005c14   Section       16  stm32g4xx_hal_fdcan.o(.constdata)
    DLCtoBytes                               0x08005c14   Data          16  stm32g4xx_hal_fdcan.o(.constdata)
    .constdata                               0x08005c24   Section       24  stm32g4xx_hal_uart.o(.constdata)
    .constdata                               0x08005c3c   Section       16  stm32g4xx_hal_uart_ex.o(.constdata)
    numerator                                0x08005c3c   Data           8  stm32g4xx_hal_uart_ex.o(.constdata)
    denominator                              0x08005c44   Data           8  stm32g4xx_hal_uart_ex.o(.constdata)
    .constdata                               0x08005c4c   Section       16  system_stm32g4xx.o(.constdata)
    .constdata                               0x08005c5c   Section        8  system_stm32g4xx.o(.constdata)
    .data                                    0x20000000   Section        4  adc.o(.data)
    HAL_RCC_ADC12_CLK_ENABLED                0x20000000   Data           4  adc.o(.data)
    .data                                    0x20000004   Section       12  stm32g4xx_hal.o(.data)
    .data                                    0x20000010   Section        4  system_stm32g4xx.o(.data)
    .data                                    0x20000014   Section       20  co_app_stm32.o(.data)
    .data                                    0x20000028   Section        4  co_driver_stm32.o(.data)
    CANModule_local                          0x20000028   Data           4  co_driver_stm32.o(.data)
    .data                                    0x2000002c   Section       20  my_mian.o(.data)
    InitOverFlag                             0x2000002c   Data           1  my_mian.o(.data)
    add_i                                    0x2000002e   Data           2  my_mian.o(.data)
    SUM_A                                    0x20000038   Data           4  my_mian.o(.data)
    SUM_B                                    0x2000003c   Data           4  my_mian.o(.data)
    .data                                    0x20000040   Section       16  myadc.o(.data)
    add_i                                    0x20000044   Data           2  myadc.o(.data)
    sum_a                                    0x20000048   Data           4  myadc.o(.data)
    sum_b                                    0x2000004c   Data           4  myadc.o(.data)
    .data                                    0x20000050   Section       14  bspusart.o(.data)
    uart_debug_busy                          0x20000050   Data           1  bspusart.o(.data)
    uart_raw_busy                            0x20000051   Data           1  bspusart.o(.data)
    uart_debug_head                          0x20000052   Data           2  bspusart.o(.data)
    uart_debug_tail                          0x20000054   Data           2  bspusart.o(.data)
    uart_raw_head                            0x20000056   Data           2  bspusart.o(.data)
    uart_raw_tail                            0x20000058   Data           2  bspusart.o(.data)
    uart_debug_sending_len                   0x2000005a   Data           2  bspusart.o(.data)
    uart_raw_sending_len                     0x2000005c   Data           2  bspusart.o(.data)
    .bss                                     0x20000060   Section      216  adc.o(.bss)
    .bss                                     0x20000138   Section      100  fdcan.o(.bss)
    .bss                                     0x2000019c   Section      100  spi.o(.bss)
    .bss                                     0x20000200   Section      152  tim.o(.bss)
    .bss                                     0x20000298   Section      488  usart.o(.bss)
    .bss                                     0x20000480   Section      732  usb.o(.bss)
    .bss                                     0x2000075c   Section       76  co_driver_stm32.o(.bss)
    tx_hdr                                   0x2000075c   Data          36  co_driver_stm32.o(.bss)
    rx_hdr                                   0x20000780   Data          40  co_driver_stm32.o(.bss)
    .bss                                     0x200007a8   Section     4244  bspusart.o(.bss)
    uart_debug_buf                           0x2000083c   Data        2048  bspusart.o(.bss)
    uart_raw_buf                             0x2000103c   Data        1024  bspusart.o(.bss)
    uart_debug_chunk                         0x2000143c   Data         512  bspusart.o(.bss)
    uart_raw_chunk                           0x2000163c   Data         512  bspusart.o(.bss)
    STACK                                    0x20001840   Section     1024  startup_stm32g431xx.o(STACK)

    Global Symbols

    Symbol Name                              Value     Ov Type        Size  Object(Section)

    BuildAttributes$$THM_ISAv4$E$P$D$K$B$S$7EM$VFPi3$EXTD16$VFPS$VFMA$PE$A:L22UL41UL21$X:L11$S22US41US21$IEEE1$IW$USESV6$~STKCKD$USESV7$~SHL$OSPACE$ROPI$EBA8$MICROLIB$REQ8$PRES8$EABIv2 0x00000000   Number         0  anon$$obj.o ABSOLUTE
    __ARM_use_no_argv                        0x00000000   Number         0  main.o ABSOLUTE
    _printf_a                                0x00000000   Number         0  stubs.o ABSOLUTE
    _printf_c                                0x00000000   Number         0  stubs.o ABSOLUTE
    _printf_charcount                        0x00000000   Number         0  stubs.o ABSOLUTE
    _printf_d                                0x00000000   Number         0  stubs.o ABSOLUTE
    _printf_e                                0x00000000   Number         0  stubs.o ABSOLUTE
    _printf_f                                0x00000000   Number         0  stubs.o ABSOLUTE
    _printf_flags                            0x00000000   Number         0  stubs.o ABSOLUTE
    _printf_fp_dec                           0x00000000   Number         0  stubs.o ABSOLUTE
    _printf_fp_hex                           0x00000000   Number         0  stubs.o ABSOLUTE
    _printf_g                                0x00000000   Number         0  stubs.o ABSOLUTE
    _printf_i                                0x00000000   Number         0  stubs.o ABSOLUTE
    _printf_int_dec                          0x00000000   Number         0  stubs.o ABSOLUTE
    _printf_l                                0x00000000   Number         0  stubs.o ABSOLUTE
    _printf_lc                               0x00000000   Number         0  stubs.o ABSOLUTE
    _printf_ll                               0x00000000   Number         0  stubs.o ABSOLUTE
    _printf_lld                              0x00000000   Number         0  stubs.o ABSOLUTE
    _printf_lli                              0x00000000   Number         0  stubs.o ABSOLUTE
    _printf_llo                              0x00000000   Number         0  stubs.o ABSOLUTE
    _printf_llu                              0x00000000   Number         0  stubs.o ABSOLUTE
    _printf_llx                              0x00000000   Number         0  stubs.o ABSOLUTE
    _printf_longlong_dec                     0x00000000   Number         0  stubs.o ABSOLUTE
    _printf_longlong_hex                     0x00000000   Number         0  stubs.o ABSOLUTE
    _printf_longlong_oct                     0x00000000   Number         0  stubs.o ABSOLUTE
    _printf_ls                               0x00000000   Number         0  stubs.o ABSOLUTE
    _printf_mbtowc                           0x00000000   Number         0  stubs.o ABSOLUTE
    _printf_n                                0x00000000   Number         0  stubs.o ABSOLUTE
    _printf_o                                0x00000000   Number         0  stubs.o ABSOLUTE
    _printf_p                                0x00000000   Number         0  stubs.o ABSOLUTE
    _printf_percent                          0x00000000   Number         0  stubs.o ABSOLUTE
    _printf_pre_padding                      0x00000000   Number         0  stubs.o ABSOLUTE
    _printf_return_value                     0x00000000   Number         0  stubs.o ABSOLUTE
    _printf_s                                0x00000000   Number         0  stubs.o ABSOLUTE
    _printf_sizespec                         0x00000000   Number         0  stubs.o ABSOLUTE
    _printf_str                              0x00000000   Number         0  stubs.o ABSOLUTE
    _printf_truncate_signed                  0x00000000   Number         0  stubs.o ABSOLUTE
    _printf_truncate_unsigned                0x00000000   Number         0  stubs.o ABSOLUTE
    _printf_u                                0x00000000   Number         0  stubs.o ABSOLUTE
    _printf_wc                               0x00000000   Number         0  stubs.o ABSOLUTE
    _printf_wctomb                           0x00000000   Number         0  stubs.o ABSOLUTE
    _printf_widthprec                        0x00000000   Number         0  stubs.o ABSOLUTE
    _printf_x                                0x00000000   Number         0  stubs.o ABSOLUTE
    __arm_fini_                               - Undefined Weak Reference
    __cpp_initialize__aeabi_                  - Undefined Weak Reference
    __cxa_finalize                            - Undefined Weak Reference
    __decompress                              - Undefined Weak Reference
    _clock_init                               - Undefined Weak Reference
    _microlib_exit                            - Undefined Weak Reference
    __Vectors_Size                           0x000001d8   Number         0  startup_stm32g431xx.o ABSOLUTE
    __Vectors                                0x08000000   Data           4  startup_stm32g431xx.o(RESET)
    __Vectors_End                            0x080001d8   Data           0  startup_stm32g431xx.o(RESET)
    __main                                   0x080001d9   Thumb Code     0  entry.o(.ARM.Collect$$$$00000000)
    _main_stk                                0x080001d9   Thumb Code     0  entry2.o(.ARM.Collect$$$$00000001)
    _main_scatterload                        0x080001dd   Thumb Code     0  entry5.o(.ARM.Collect$$$$00000004)
    __main_after_scatterload                 0x080001e1   Thumb Code     0  entry5.o(.ARM.Collect$$$$00000004)
    _main_clock                              0x080001e1   Thumb Code     0  entry7b.o(.ARM.Collect$$$$00000008)
    _main_cpp_init                           0x080001e1   Thumb Code     0  entry8b.o(.ARM.Collect$$$$0000000A)
    _main_init                               0x080001e1   Thumb Code     0  entry9a.o(.ARM.Collect$$$$0000000B)
    __rt_lib_shutdown_fini                   0x080001e9   Thumb Code     0  entry12b.o(.ARM.Collect$$$$0000000E)
    __rt_final_cpp                           0x080001ed   Thumb Code     0  entry10a.o(.ARM.Collect$$$$0000000F)
    __rt_final_exit                          0x080001ed   Thumb Code     0  entry11a.o(.ARM.Collect$$$$00000011)
    Reset_Handler                            0x080001f1   Thumb Code     8  startup_stm32g431xx.o(.text)
    COMP1_2_3_IRQHandler                     0x0800020b   Thumb Code     0  startup_stm32g431xx.o(.text)
    COMP4_IRQHandler                         0x0800020b   Thumb Code     0  startup_stm32g431xx.o(.text)
    CORDIC_IRQHandler                        0x0800020b   Thumb Code     0  startup_stm32g431xx.o(.text)
    CRS_IRQHandler                           0x0800020b   Thumb Code     0  startup_stm32g431xx.o(.text)
    DMA1_Channel3_IRQHandler                 0x0800020b   Thumb Code     0  startup_stm32g431xx.o(.text)
    DMA1_Channel4_IRQHandler                 0x0800020b   Thumb Code     0  startup_stm32g431xx.o(.text)
    DMA1_Channel5_IRQHandler                 0x0800020b   Thumb Code     0  startup_stm32g431xx.o(.text)
    DMA1_Channel6_IRQHandler                 0x0800020b   Thumb Code     0  startup_stm32g431xx.o(.text)
    DMA2_Channel1_IRQHandler                 0x0800020b   Thumb Code     0  startup_stm32g431xx.o(.text)
    DMA2_Channel2_IRQHandler                 0x0800020b   Thumb Code     0  startup_stm32g431xx.o(.text)
    DMA2_Channel3_IRQHandler                 0x0800020b   Thumb Code     0  startup_stm32g431xx.o(.text)
    DMA2_Channel4_IRQHandler                 0x0800020b   Thumb Code     0  startup_stm32g431xx.o(.text)
    DMA2_Channel5_IRQHandler                 0x0800020b   Thumb Code     0  startup_stm32g431xx.o(.text)
    DMA2_Channel6_IRQHandler                 0x0800020b   Thumb Code     0  startup_stm32g431xx.o(.text)
    DMAMUX_OVR_IRQHandler                    0x0800020b   Thumb Code     0  startup_stm32g431xx.o(.text)
    EXTI0_IRQHandler                         0x0800020b   Thumb Code     0  startup_stm32g431xx.o(.text)
    EXTI15_10_IRQHandler                     0x0800020b   Thumb Code     0  startup_stm32g431xx.o(.text)
    EXTI1_IRQHandler                         0x0800020b   Thumb Code     0  startup_stm32g431xx.o(.text)
    EXTI2_IRQHandler                         0x0800020b   Thumb Code     0  startup_stm32g431xx.o(.text)
    EXTI3_IRQHandler                         0x0800020b   Thumb Code     0  startup_stm32g431xx.o(.text)
    EXTI4_IRQHandler                         0x0800020b   Thumb Code     0  startup_stm32g431xx.o(.text)
    EXTI9_5_IRQHandler                       0x0800020b   Thumb Code     0  startup_stm32g431xx.o(.text)
    FLASH_IRQHandler                         0x0800020b   Thumb Code     0  startup_stm32g431xx.o(.text)
    FMAC_IRQHandler                          0x0800020b   Thumb Code     0  startup_stm32g431xx.o(.text)
    FPU_IRQHandler                           0x0800020b   Thumb Code     0  startup_stm32g431xx.o(.text)
    I2C1_ER_IRQHandler                       0x0800020b   Thumb Code     0  startup_stm32g431xx.o(.text)
    I2C1_EV_IRQHandler                       0x0800020b   Thumb Code     0  startup_stm32g431xx.o(.text)
    I2C2_ER_IRQHandler                       0x0800020b   Thumb Code     0  startup_stm32g431xx.o(.text)
    I2C2_EV_IRQHandler                       0x0800020b   Thumb Code     0  startup_stm32g431xx.o(.text)
    I2C3_ER_IRQHandler                       0x0800020b   Thumb Code     0  startup_stm32g431xx.o(.text)
    I2C3_EV_IRQHandler                       0x0800020b   Thumb Code     0  startup_stm32g431xx.o(.text)
    LPTIM1_IRQHandler                        0x0800020b   Thumb Code     0  startup_stm32g431xx.o(.text)
    LPUART1_IRQHandler                       0x0800020b   Thumb Code     0  startup_stm32g431xx.o(.text)
    PVD_PVM_IRQHandler                       0x0800020b   Thumb Code     0  startup_stm32g431xx.o(.text)
    RCC_IRQHandler                           0x0800020b   Thumb Code     0  startup_stm32g431xx.o(.text)
    RNG_IRQHandler                           0x0800020b   Thumb Code     0  startup_stm32g431xx.o(.text)
    RTC_Alarm_IRQHandler                     0x0800020b   Thumb Code     0  startup_stm32g431xx.o(.text)
    RTC_TAMP_LSECSS_IRQHandler               0x0800020b   Thumb Code     0  startup_stm32g431xx.o(.text)
    RTC_WKUP_IRQHandler                      0x0800020b   Thumb Code     0  startup_stm32g431xx.o(.text)
    SAI1_IRQHandler                          0x0800020b   Thumb Code     0  startup_stm32g431xx.o(.text)
    SPI1_IRQHandler                          0x0800020b   Thumb Code     0  startup_stm32g431xx.o(.text)
    SPI2_IRQHandler                          0x0800020b   Thumb Code     0  startup_stm32g431xx.o(.text)
    SPI3_IRQHandler                          0x0800020b   Thumb Code     0  startup_stm32g431xx.o(.text)
    TIM1_BRK_TIM15_IRQHandler                0x0800020b   Thumb Code     0  startup_stm32g431xx.o(.text)
    TIM1_CC_IRQHandler                       0x0800020b   Thumb Code     0  startup_stm32g431xx.o(.text)
    TIM1_TRG_COM_TIM17_IRQHandler            0x0800020b   Thumb Code     0  startup_stm32g431xx.o(.text)
    TIM1_UP_TIM16_IRQHandler                 0x0800020b   Thumb Code     0  startup_stm32g431xx.o(.text)
    TIM2_IRQHandler                          0x0800020b   Thumb Code     0  startup_stm32g431xx.o(.text)
    TIM3_IRQHandler                          0x0800020b   Thumb Code     0  startup_stm32g431xx.o(.text)
    TIM4_IRQHandler                          0x0800020b   Thumb Code     0  startup_stm32g431xx.o(.text)
    TIM7_IRQHandler                          0x0800020b   Thumb Code     0  startup_stm32g431xx.o(.text)
    TIM8_BRK_IRQHandler                      0x0800020b   Thumb Code     0  startup_stm32g431xx.o(.text)
    TIM8_CC_IRQHandler                       0x0800020b   Thumb Code     0  startup_stm32g431xx.o(.text)
    TIM8_TRG_COM_IRQHandler                  0x0800020b   Thumb Code     0  startup_stm32g431xx.o(.text)
    TIM8_UP_IRQHandler                       0x0800020b   Thumb Code     0  startup_stm32g431xx.o(.text)
    UART4_IRQHandler                         0x0800020b   Thumb Code     0  startup_stm32g431xx.o(.text)
    UCPD1_IRQHandler                         0x0800020b   Thumb Code     0  startup_stm32g431xx.o(.text)
    USART2_IRQHandler                        0x0800020b   Thumb Code     0  startup_stm32g431xx.o(.text)
    USART3_IRQHandler                        0x0800020b   Thumb Code     0  startup_stm32g431xx.o(.text)
    USBWakeUp_IRQHandler                     0x0800020b   Thumb Code     0  startup_stm32g431xx.o(.text)
    USB_HP_IRQHandler                        0x0800020b   Thumb Code     0  startup_stm32g431xx.o(.text)
    USB_LP_IRQHandler                        0x0800020b   Thumb Code     0  startup_stm32g431xx.o(.text)
    WWDG_IRQHandler                          0x0800020b   Thumb Code     0  startup_stm32g431xx.o(.text)
    __aeabi_uldivmod                         0x08000215   Thumb Code    98  uldiv.o(.text)
    __aeabi_memset                           0x08000277   Thumb Code    14  memseta.o(.text)
    __aeabi_memset4                          0x08000277   Thumb Code     0  memseta.o(.text)
    __aeabi_memset8                          0x08000277   Thumb Code     0  memseta.o(.text)
    __aeabi_memclr                           0x08000285   Thumb Code     4  memseta.o(.text)
    __aeabi_memclr4                          0x08000285   Thumb Code     0  memseta.o(.text)
    __aeabi_memclr8                          0x08000285   Thumb Code     0  memseta.o(.text)
    _memset$wrapper                          0x08000289   Thumb Code    18  memseta.o(.text)
    __aeabi_uidiv                            0x0800029b   Thumb Code     0  uidiv.o(.text)
    __aeabi_uidivmod                         0x0800029b   Thumb Code    44  uidiv.o(.text)
    __aeabi_llsl                             0x080002c7   Thumb Code    30  llshl.o(.text)
    _ll_shift_l                              0x080002c7   Thumb Code     0  llshl.o(.text)
    __aeabi_llsr                             0x080002e5   Thumb Code    32  llushr.o(.text)
    _ll_ushift_r                             0x080002e5   Thumb Code     0  llushr.o(.text)
    __I$use$fp                               0x08000305   Thumb Code     0  iusefp.o(.text)
    __aeabi_dadd                             0x08000305   Thumb Code   322  dadd.o(.text)
    __aeabi_dsub                             0x08000447   Thumb Code     6  dadd.o(.text)
    __aeabi_drsub                            0x0800044d   Thumb Code     6  dadd.o(.text)
    __aeabi_dmul                             0x08000453   Thumb Code   228  dmul.o(.text)
    __aeabi_ddiv                             0x08000537   Thumb Code   222  ddiv.o(.text)
    __aeabi_d2ulz                            0x08000615   Thumb Code    48  dfixul.o(.text)
    __aeabi_cdrcmple                         0x08000645   Thumb Code    48  cdrcmple.o(.text)
    __scatterload                            0x08000675   Thumb Code    28  init.o(.text)
    __scatterload_rt2                        0x08000675   Thumb Code     0  init.o(.text)
    __aeabi_lasr                             0x08000699   Thumb Code    36  llsshr.o(.text)
    _ll_sshift_r                             0x08000699   Thumb Code     0  llsshr.o(.text)
    _double_round                            0x080006bd   Thumb Code    30  depilogue.o(.text)
    _double_epilogue                         0x080006db   Thumb Code   156  depilogue.o(.text)
    ADC1_2_IRQHandler                        0x08000779   Thumb Code    18  stm32g4xx_it.o(i.ADC1_2_IRQHandler)
    ADC_Disable                              0x08000795   Thumb Code   128  stm32g4xx_hal_adc.o(i.ADC_Disable)
    ADC_Enable                               0x08000819   Thumb Code   184  stm32g4xx_hal_adc.o(i.ADC_Enable)
    BusFault_Handler                         0x080008e1   Thumb Code     2  stm32g4xx_it.o(i.BusFault_Handler)
    DMA1_Channel1_IRQHandler                 0x080008e5   Thumb Code     6  stm32g4xx_it.o(i.DMA1_Channel1_IRQHandler)
    DMA1_Channel2_IRQHandler                 0x080008f1   Thumb Code     6  stm32g4xx_it.o(i.DMA1_Channel2_IRQHandler)
    DebugMon_Handler                         0x080009af   Thumb Code     2  stm32g4xx_it.o(i.DebugMon_Handler)
    Error_Handler                            0x080009b1   Thumb Code     4  main.o(i.Error_Handler)
    FDCAN1_IT0_IRQHandler                    0x080009b5   Thumb Code     6  stm32g4xx_it.o(i.FDCAN1_IT0_IRQHandler)
    FDCAN1_IT1_IRQHandler                    0x080009c1   Thumb Code     6  stm32g4xx_it.o(i.FDCAN1_IT1_IRQHandler)
    HAL_ADCEx_Calibration_Start              0x08000aa1   Thumb Code   148  stm32g4xx_hal_adc_ex.o(i.HAL_ADCEx_Calibration_Start)
    HAL_ADCEx_EndOfSamplingCallback          0x08000b3d   Thumb Code     2  stm32g4xx_hal_adc_ex.o(i.HAL_ADCEx_EndOfSamplingCallback)
    HAL_ADCEx_InjectedConfigChannel          0x08000b41   Thumb Code  1296  stm32g4xx_hal_adc_ex.o(i.HAL_ADCEx_InjectedConfigChannel)
    HAL_ADCEx_InjectedConvCpltCallback       0x08001075   Thumb Code    88  my_mian.o(i.HAL_ADCEx_InjectedConvCpltCallback)
    HAL_ADCEx_InjectedGetValue               0x080010e1   Thumb Code    46  stm32g4xx_hal_adc_ex.o(i.HAL_ADCEx_InjectedGetValue)
    HAL_ADCEx_InjectedQueueOverflowCallback  0x0800110f   Thumb Code     2  stm32g4xx_hal_adc_ex.o(i.HAL_ADCEx_InjectedQueueOverflowCallback)
    HAL_ADCEx_InjectedStart_IT               0x08001111   Thumb Code   292  stm32g4xx_hal_adc_ex.o(i.HAL_ADCEx_InjectedStart_IT)
    HAL_ADCEx_LevelOutOfWindow2Callback      0x08001241   Thumb Code     2  stm32g4xx_hal_adc_ex.o(i.HAL_ADCEx_LevelOutOfWindow2Callback)
    HAL_ADCEx_LevelOutOfWindow3Callback      0x08001243   Thumb Code     2  stm32g4xx_hal_adc_ex.o(i.HAL_ADCEx_LevelOutOfWindow3Callback)
    HAL_ADCEx_MultiModeConfigChannel         0x08001245   Thumb Code   222  stm32g4xx_hal_adc_ex.o(i.HAL_ADCEx_MultiModeConfigChannel)
    HAL_ADC_ConvCpltCallback                 0x0800132d   Thumb Code     2  stm32g4xx_hal_adc.o(i.HAL_ADC_ConvCpltCallback)
    HAL_ADC_ErrorCallback                    0x0800132f   Thumb Code     2  stm32g4xx_hal_adc.o(i.HAL_ADC_ErrorCallback)
    HAL_ADC_IRQHandler                       0x08001331   Thumb Code   636  stm32g4xx_hal_adc.o(i.HAL_ADC_IRQHandler)
    HAL_ADC_Init                             0x080015b5   Thumb Code   482  stm32g4xx_hal_adc.o(i.HAL_ADC_Init)
    HAL_ADC_LevelOutOfWindowCallback         0x080017b5   Thumb Code     2  stm32g4xx_hal_adc.o(i.HAL_ADC_LevelOutOfWindowCallback)
    HAL_ADC_MspInit                          0x080017b9   Thumb Code   256  adc.o(i.HAL_ADC_MspInit)
    HAL_DMA_Abort                            0x080018c5   Thumb Code   112  stm32g4xx_hal_dma.o(i.HAL_DMA_Abort)
    HAL_DMA_Abort_IT                         0x08001935   Thumb Code   118  stm32g4xx_hal_dma.o(i.HAL_DMA_Abort_IT)
    HAL_DMA_IRQHandler                       0x080019ab   Thumb Code   204  stm32g4xx_hal_dma.o(i.HAL_DMA_IRQHandler)
    HAL_DMA_Init                             0x08001a79   Thumb Code   184  stm32g4xx_hal_dma.o(i.HAL_DMA_Init)
    HAL_DMA_Start_IT                         0x08001b3d   Thumb Code   144  stm32g4xx_hal_dma.o(i.HAL_DMA_Start_IT)
    HAL_Delay                                0x08001bcd   Thumb Code    32  stm32g4xx_hal.o(i.HAL_Delay)
    HAL_FDCAN_AddMessageToTxFifoQ            0x08001bf1   Thumb Code    78  stm32g4xx_hal_fdcan.o(i.HAL_FDCAN_AddMessageToTxFifoQ)
    HAL_FDCAN_ErrorCallback                  0x08001c3f   Thumb Code     2  stm32g4xx_hal_fdcan.o(i.HAL_FDCAN_ErrorCallback)
    HAL_FDCAN_ErrorStatusCallback            0x08001c41   Thumb Code     2  stm32g4xx_hal_fdcan.o(i.HAL_FDCAN_ErrorStatusCallback)
    HAL_FDCAN_GetRxMessage                   0x08001c45   Thumb Code   296  stm32g4xx_hal_fdcan.o(i.HAL_FDCAN_GetRxMessage)
    HAL_FDCAN_GetTxFifoFreeLevel             0x08001d71   Thumb Code    12  stm32g4xx_hal_fdcan.o(i.HAL_FDCAN_GetTxFifoFreeLevel)
    HAL_FDCAN_HighPriorityMessageCallback    0x08001d7d   Thumb Code     2  stm32g4xx_hal_fdcan.o(i.HAL_FDCAN_HighPriorityMessageCallback)
    HAL_FDCAN_IRQHandler                     0x08001d7f   Thumb Code   372  stm32g4xx_hal_fdcan.o(i.HAL_FDCAN_IRQHandler)
    HAL_FDCAN_Init                           0x08001ef5   Thumb Code   466  stm32g4xx_hal_fdcan.o(i.HAL_FDCAN_Init)
    HAL_FDCAN_MspInit                        0x080020d1   Thumb Code   148  fdcan.o(i.HAL_FDCAN_MspInit)
    HAL_FDCAN_RxFifo0Callback                0x08002171   Thumb Code    14  co_driver_stm32.o(i.HAL_FDCAN_RxFifo0Callback)
    HAL_FDCAN_RxFifo1Callback                0x0800217f   Thumb Code    14  co_driver_stm32.o(i.HAL_FDCAN_RxFifo1Callback)
    HAL_FDCAN_TimeoutOccurredCallback        0x0800218d   Thumb Code     2  stm32g4xx_hal_fdcan.o(i.HAL_FDCAN_TimeoutOccurredCallback)
    HAL_FDCAN_TimestampWraparoundCallback    0x0800218f   Thumb Code     2  stm32g4xx_hal_fdcan.o(i.HAL_FDCAN_TimestampWraparoundCallback)
    HAL_FDCAN_TxBufferAbortCallback          0x08002191   Thumb Code     2  stm32g4xx_hal_fdcan.o(i.HAL_FDCAN_TxBufferAbortCallback)
    HAL_FDCAN_TxBufferCompleteCallback       0x08002195   Thumb Code    84  co_driver_stm32.o(i.HAL_FDCAN_TxBufferCompleteCallback)
    HAL_FDCAN_TxEventFifoCallback            0x080021ed   Thumb Code     2  stm32g4xx_hal_fdcan.o(i.HAL_FDCAN_TxEventFifoCallback)
    HAL_FDCAN_TxFifoEmptyCallback            0x080021ef   Thumb Code     2  stm32g4xx_hal_fdcan.o(i.HAL_FDCAN_TxFifoEmptyCallback)
    HAL_GPIO_Init                            0x080021f1   Thumb Code   406  stm32g4xx_hal_gpio.o(i.HAL_GPIO_Init)
    HAL_GPIO_WritePin                        0x080023a9   Thumb Code    12  stm32g4xx_hal_gpio.o(i.HAL_GPIO_WritePin)
    HAL_GetTick                              0x080023b5   Thumb Code     6  stm32g4xx_hal.o(i.HAL_GetTick)
    HAL_IncTick                              0x080023c1   Thumb Code    12  stm32g4xx_hal.o(i.HAL_IncTick)
    HAL_Init                                 0x080023d1   Thumb Code    30  stm32g4xx_hal.o(i.HAL_Init)
    HAL_InitTick                             0x080023f1   Thumb Code    68  stm32g4xx_hal.o(i.HAL_InitTick)
    HAL_MspInit                              0x0800243d   Thumb Code    42  stm32g4xx_hal_msp.o(i.HAL_MspInit)
    HAL_NVIC_EnableIRQ                       0x0800246d   Thumb Code    26  stm32g4xx_hal_cortex.o(i.HAL_NVIC_EnableIRQ)
    HAL_NVIC_SetPriority                     0x08002489   Thumb Code    60  stm32g4xx_hal_cortex.o(i.HAL_NVIC_SetPriority)
    HAL_NVIC_SetPriorityGrouping             0x080024c9   Thumb Code    26  stm32g4xx_hal_cortex.o(i.HAL_NVIC_SetPriorityGrouping)
    HAL_PCDEx_ActivateLPM                    0x080024ed   Thumb Code    36  stm32g4xx_hal_pcd_ex.o(i.HAL_PCDEx_ActivateLPM)
    HAL_PCD_Init                             0x08002511   Thumb Code   148  stm32g4xx_hal_pcd.o(i.HAL_PCD_Init)
    HAL_PCD_MspInit                          0x080025a5   Thumb Code    64  usb.o(i.HAL_PCD_MspInit)
    HAL_PWREx_ControlVoltageScaling          0x080025ed   Thumb Code   190  stm32g4xx_hal_pwr_ex.o(i.HAL_PWREx_ControlVoltageScaling)
    HAL_PWREx_DisableUCPDDeadBattery         0x080026b9   Thumb Code    12  stm32g4xx_hal_pwr_ex.o(i.HAL_PWREx_DisableUCPDDeadBattery)
    HAL_RCCEx_PeriphCLKConfig                0x080026c9   Thumb Code   656  stm32g4xx_hal_rcc_ex.o(i.HAL_RCCEx_PeriphCLKConfig)
    HAL_RCC_ClockConfig                      0x08002961   Thumb Code   432  stm32g4xx_hal_rcc.o(i.HAL_RCC_ClockConfig)
    HAL_RCC_GetHCLKFreq                      0x08002b29   Thumb Code     6  stm32g4xx_hal_rcc.o(i.HAL_RCC_GetHCLKFreq)
    HAL_RCC_GetPCLK1Freq                     0x08002b35   Thumb Code    26  stm32g4xx_hal_rcc.o(i.HAL_RCC_GetPCLK1Freq)
    HAL_RCC_GetPCLK2Freq                     0x08002b59   Thumb Code    26  stm32g4xx_hal_rcc.o(i.HAL_RCC_GetPCLK2Freq)
    HAL_RCC_GetSysClockFreq                  0x08002b7d   Thumb Code   106  stm32g4xx_hal_rcc.o(i.HAL_RCC_GetSysClockFreq)
    HAL_RCC_OscConfig                        0x08002bf1   Thumb Code  1104  stm32g4xx_hal_rcc.o(i.HAL_RCC_OscConfig)
    HAL_SPI_Init                             0x08003041   Thumb Code   236  stm32g4xx_hal_spi.o(i.HAL_SPI_Init)
    HAL_SPI_MspInit                          0x0800312d   Thumb Code    88  spi.o(i.HAL_SPI_MspInit)
    HAL_SYSTICK_Config                       0x0800318d   Thumb Code    40  stm32g4xx_hal_cortex.o(i.HAL_SYSTICK_Config)
    HAL_TIMEx_Break2Callback                 0x080031b5   Thumb Code     2  stm32g4xx_hal_tim_ex.o(i.HAL_TIMEx_Break2Callback)
    HAL_TIMEx_BreakCallback                  0x080031b7   Thumb Code     2  stm32g4xx_hal_tim_ex.o(i.HAL_TIMEx_BreakCallback)
    HAL_TIMEx_CommutCallback                 0x080031b9   Thumb Code     2  stm32g4xx_hal_tim_ex.o(i.HAL_TIMEx_CommutCallback)
    HAL_TIMEx_ConfigBreakDeadTime            0x080031bd   Thumb Code   148  stm32g4xx_hal_tim_ex.o(i.HAL_TIMEx_ConfigBreakDeadTime)
    HAL_TIMEx_DirectionChangeCallback        0x08003259   Thumb Code     2  stm32g4xx_hal_tim_ex.o(i.HAL_TIMEx_DirectionChangeCallback)
    HAL_TIMEx_EncoderIndexCallback           0x0800325b   Thumb Code     2  stm32g4xx_hal_tim_ex.o(i.HAL_TIMEx_EncoderIndexCallback)
    HAL_TIMEx_IndexErrorCallback             0x0800325d   Thumb Code     2  stm32g4xx_hal_tim_ex.o(i.HAL_TIMEx_IndexErrorCallback)
    HAL_TIMEx_MasterConfigSynchronization    0x08003261   Thumb Code   120  stm32g4xx_hal_tim_ex.o(i.HAL_TIMEx_MasterConfigSynchronization)
    HAL_TIMEx_TransitionErrorCallback        0x080032f1   Thumb Code     2  stm32g4xx_hal_tim_ex.o(i.HAL_TIMEx_TransitionErrorCallback)
    HAL_TIM_Base_Init                        0x080032f3   Thumb Code    78  stm32g4xx_hal_tim.o(i.HAL_TIM_Base_Init)
    HAL_TIM_Base_MspInit                     0x08003341   Thumb Code    50  tim.o(i.HAL_TIM_Base_MspInit)
    HAL_TIM_Base_Start                       0x0800337d   Thumb Code    94  stm32g4xx_hal_tim.o(i.HAL_TIM_Base_Start)
    HAL_TIM_IC_CaptureCallback               0x080033f5   Thumb Code     2  stm32g4xx_hal_tim.o(i.HAL_TIM_IC_CaptureCallback)
    HAL_TIM_IRQHandler                       0x080033f7   Thumb Code   426  stm32g4xx_hal_tim.o(i.HAL_TIM_IRQHandler)
    HAL_TIM_MspPostInit                      0x080035a1   Thumb Code    74  tim.o(i.HAL_TIM_MspPostInit)
    HAL_TIM_OC_ConfigChannel                 0x080035f5   Thumb Code   110  stm32g4xx_hal_tim.o(i.HAL_TIM_OC_ConfigChannel)
    HAL_TIM_OC_DelayElapsedCallback          0x08003663   Thumb Code     2  stm32g4xx_hal_tim.o(i.HAL_TIM_OC_DelayElapsedCallback)
    HAL_TIM_OC_Init                          0x08003665   Thumb Code    78  stm32g4xx_hal_tim.o(i.HAL_TIM_OC_Init)
    HAL_TIM_OC_MspInit                       0x080036b5   Thumb Code    30  tim.o(i.HAL_TIM_OC_MspInit)
    HAL_TIM_PWM_PulseFinishedCallback        0x080036dd   Thumb Code     2  stm32g4xx_hal_tim.o(i.HAL_TIM_PWM_PulseFinishedCallback)
    HAL_TIM_PeriodElapsedCallback            0x080036df   Thumb Code     2  my_mian.o(i.HAL_TIM_PeriodElapsedCallback)
    HAL_TIM_TriggerCallback                  0x080036e1   Thumb Code     2  stm32g4xx_hal_tim.o(i.HAL_TIM_TriggerCallback)
    HAL_UARTEx_DisableFifoMode               0x080036e3   Thumb Code    62  stm32g4xx_hal_uart_ex.o(i.HAL_UARTEx_DisableFifoMode)
    HAL_UARTEx_RxEventCallback               0x08003721   Thumb Code     2  stm32g4xx_hal_uart.o(i.HAL_UARTEx_RxEventCallback)
    HAL_UARTEx_RxFifoFullCallback            0x08003723   Thumb Code     2  stm32g4xx_hal_uart_ex.o(i.HAL_UARTEx_RxFifoFullCallback)
    HAL_UARTEx_SetRxFifoThreshold            0x08003725   Thumb Code    76  stm32g4xx_hal_uart_ex.o(i.HAL_UARTEx_SetRxFifoThreshold)
    HAL_UARTEx_SetTxFifoThreshold            0x08003771   Thumb Code    76  stm32g4xx_hal_uart_ex.o(i.HAL_UARTEx_SetTxFifoThreshold)
    HAL_UARTEx_TxFifoEmptyCallback           0x080037bd   Thumb Code     2  stm32g4xx_hal_uart_ex.o(i.HAL_UARTEx_TxFifoEmptyCallback)
    HAL_UARTEx_WakeupCallback                0x080037bf   Thumb Code     2  stm32g4xx_hal_uart_ex.o(i.HAL_UARTEx_WakeupCallback)
    HAL_UART_ErrorCallback                   0x080037c1   Thumb Code     2  stm32g4xx_hal_uart.o(i.HAL_UART_ErrorCallback)
    HAL_UART_IRQHandler                      0x080037c5   Thumb Code   790  stm32g4xx_hal_uart.o(i.HAL_UART_IRQHandler)
    HAL_UART_Init                            0x08003ae9   Thumb Code   112  stm32g4xx_hal_uart.o(i.HAL_UART_Init)
    HAL_UART_MspInit                         0x08003b59   Thumb Code   314  usart.o(i.HAL_UART_MspInit)
    HAL_UART_Transmit_DMA                    0x08003cad   Thumb Code   130  stm32g4xx_hal_uart.o(i.HAL_UART_Transmit_DMA)
    HAL_UART_TxCpltCallback                  0x08003d3d   Thumb Code    12  my_mian.o(i.HAL_UART_TxCpltCallback)
    HAL_UART_TxHalfCpltCallback              0x08003d4d   Thumb Code     2  stm32g4xx_hal_uart.o(i.HAL_UART_TxHalfCpltCallback)
    HardFault_Handler                        0x08003d4f   Thumb Code     2  stm32g4xx_it.o(i.HardFault_Handler)
    MX_ADC1_Init                             0x08003dcd   Thumb Code   162  adc.o(i.MX_ADC1_Init)
    MX_ADC2_Init                             0x08003e79   Thumb Code   126  adc.o(i.MX_ADC2_Init)
    MX_DMA_Init                              0x08003f05   Thumb Code    72  dma.o(i.MX_DMA_Init)
    MX_FDCAN1_Init                           0x08003f51   Thumb Code    70  fdcan.o(i.MX_FDCAN1_Init)
    MX_GPIO_Init                             0x08003fa1   Thumb Code   104  gpio.o(i.MX_GPIO_Init)
    MX_SPI1_Init                             0x08004011   Thumb Code    70  spi.o(i.MX_SPI1_Init)
    MX_TIM1_Init                             0x08004061   Thumb Code   204  tim.o(i.MX_TIM1_Init)
    MX_TIM6_Init                             0x08004135   Thumb Code    64  tim.o(i.MX_TIM6_Init)
    MX_USART1_UART_Init                      0x0800417d   Thumb Code    94  usart.o(i.MX_USART1_UART_Init)
    MX_USART2_UART_Init                      0x080041e5   Thumb Code    94  usart.o(i.MX_USART2_UART_Init)
    MX_USB_PCD_Init                          0x0800424d   Thumb Code    46  usb.o(i.MX_USB_PCD_Init)
    MemManage_Handler                        0x08004285   Thumb Code     2  stm32g4xx_it.o(i.MemManage_Handler)
    NMI_Handler                              0x08004287   Thumb Code     2  stm32g4xx_it.o(i.NMI_Handler)
    PendSV_Handler                           0x08004289   Thumb Code     2  stm32g4xx_it.o(i.PendSV_Handler)
    SVC_Handler                              0x080042dd   Thumb Code     2  stm32g4xx_it.o(i.SVC_Handler)
    SysTick_Handler                          0x080042df   Thumb Code     4  stm32g4xx_it.o(i.SysTick_Handler)
    SystemClock_Config                       0x080042e3   Thumb Code   108  main.o(i.SystemClock_Config)
    SystemInit                               0x08004351   Thumb Code    12  system_stm32g4xx.o(i.SystemInit)
    TIM6_DAC_IRQHandler                      0x08004361   Thumb Code     6  stm32g4xx_it.o(i.TIM6_DAC_IRQHandler)
    TIM_Base_SetConfig                       0x0800436d   Thumb Code   156  stm32g4xx_hal_tim.o(i.TIM_Base_SetConfig)
    TIM_OC2_SetConfig                        0x080044c9   Thumb Code   128  stm32g4xx_hal_tim.o(i.TIM_OC2_SetConfig)
    UART_AdvFeatureConfig                    0x080047b9   Thumb Code   200  stm32g4xx_hal_uart.o(i.UART_AdvFeatureConfig)
    UART_CheckIdleState                      0x08004881   Thumb Code   170  stm32g4xx_hal_uart.o(i.UART_CheckIdleState)
    UART_SetConfig                           0x08004a6d   Thumb Code   680  stm32g4xx_hal_uart.o(i.UART_SetConfig)
    UART_WaitOnFlagUntilTimeout              0x08004d41   Thumb Code   152  stm32g4xx_hal_uart.o(i.UART_WaitOnFlagUntilTimeout)
    USART1_IRQHandler                        0x08004dd9   Thumb Code     6  stm32g4xx_it.o(i.USART1_IRQHandler)
    USB_DevInit                              0x08004de5   Thumb Code    18  stm32g4xx_ll_usb.o(i.USB_DevInit)
    USB_DisableGlobalInt                     0x08004df7   Thumb Code    16  stm32g4xx_ll_usb.o(i.USB_DisableGlobalInt)
    UsageFault_Handler                       0x08004e07   Thumb Code     2  stm32g4xx_it.o(i.UsageFault_Handler)
    __0vsnprintf                             0x08004e09   Thumb Code    46  printfa.o(i.__0vsnprintf)
    __1vsnprintf                             0x08004e09   Thumb Code     0  printfa.o(i.__0vsnprintf)
    __2vsnprintf                             0x08004e09   Thumb Code     0  printfa.o(i.__0vsnprintf)
    __c89vsnprintf                           0x08004e09   Thumb Code     0  printfa.o(i.__0vsnprintf)
    vsnprintf                                0x08004e09   Thumb Code     0  printfa.o(i.__0vsnprintf)
    __scatterload_copy                       0x08004e5d   Thumb Code    14  handlers.o(i.__scatterload_copy)
    __scatterload_null                       0x08004e6b   Thumb Code     2  handlers.o(i.__scatterload_null)
    __scatterload_zeroinit                   0x08004e6d   Thumb Code    14  handlers.o(i.__scatterload_zeroinit)
    main                                     0x0800571d   Thumb Code    76  main.o(i.main)
    my_main                                  0x0800576d   Thumb Code   134  my_mian.o(i.my_main)
    uart_debug_tx_cplt_callback              0x08005b0d   Thumb Code    24  bspusart.o(i.uart_debug_tx_cplt_callback)
    uart_printf                              0x08005b35   Thumb Code    70  bspusart.o(i.uart_printf)
    uart_send_periodic_task                  0x08005be1   Thumb Code    42  bspusart.o(i.uart_send_periodic_task)
    UARTPrescTable                           0x08005c24   Data          24  stm32g4xx_hal_uart.o(.constdata)
    AHBPrescTable                            0x08005c4c   Data          16  system_stm32g4xx.o(.constdata)
    APBPrescTable                            0x08005c5c   Data           8  system_stm32g4xx.o(.constdata)
    Region$$Table$$Base                      0x08005c64   Number         0  anon$$obj.o(Region$$Table)
    Region$$Table$$Limit                     0x08005c84   Number         0  anon$$obj.o(Region$$Table)
    uwTickPrio                               0x20000004   Data           4  stm32g4xx_hal.o(.data)
    uwTickFreq                               0x20000008   Data           4  stm32g4xx_hal.o(.data)
    uwTick                                   0x2000000c   Data           4  stm32g4xx_hal.o(.data)
    SystemCoreClock                          0x20000010   Data           4  system_stm32g4xx.o(.data)
    err                                      0x20000014   Data           1  co_app_stm32.o(.data)
    CO                                       0x20000018   Data           4  co_app_stm32.o(.data)
    canopenNodeSTM32                         0x2000001c   Data           4  co_app_stm32.o(.data)
    time_old                                 0x20000020   Data           4  co_app_stm32.o(.data)
    time_current                             0x20000024   Data           4  co_app_stm32.o(.data)
    adc1_value                               0x20000030   Data           4  my_mian.o(.data)
    adc2_value                               0x20000034   Data           4  my_mian.o(.data)
    offset_a                                 0x20000040   Data           2  myadc.o(.data)
    offset_b                                 0x20000042   Data           2  myadc.o(.data)
    hadc1                                    0x20000060   Data         108  adc.o(.bss)
    hadc2                                    0x200000cc   Data         108  adc.o(.bss)
    hfdcan1                                  0x20000138   Data         100  fdcan.o(.bss)
    hspi1                                    0x2000019c   Data         100  spi.o(.bss)
    htim1                                    0x20000200   Data          76  tim.o(.bss)
    htim6                                    0x2000024c   Data          76  tim.o(.bss)
    huart1                                   0x20000298   Data         148  usart.o(.bss)
    huart2                                   0x2000032c   Data         148  usart.o(.bss)
    hdma_usart1_rx                           0x200003c0   Data          96  usart.o(.bss)
    hdma_usart1_tx                           0x20000420   Data          96  usart.o(.bss)
    hpcd_USB_FS                              0x20000480   Data         732  usb.o(.bss)
    huart3                                   0x200007a8   Data         148  bspusart.o(.bss)
    __initial_sp                             0x20001c40   Data           0  startup_stm32g431xx.o(STACK)



==============================================================================

Memory Map of the image

  Image Entry point : 0x080001d9

  Load Region LR_IROM1 (Base: 0x08000000, Size: 0x00005ce4, Max: 0x00020000, ABSOLUTE)

    Execution Region ER_IROM1 (Exec base: 0x08000000, Load base: 0x08000000, Size: 0x00005c84, Max: 0x00020000, ABSOLUTE)

    Exec Addr    Load Addr    Size         Type   Attr      Idx    E Section Name        Object

    0x08000000   0x08000000   0x000001d8   Data   RO            3    RESET               startup_stm32g431xx.o
    0x080001d8   0x080001d8   0x00000000   Code   RO         7142  * .ARM.Collect$$$$00000000  mc_w.l(entry.o)
    0x080001d8   0x080001d8   0x00000004   Code   RO         7453    .ARM.Collect$$$$00000001  mc_w.l(entry2.o)
    0x080001dc   0x080001dc   0x00000004   Code   RO         7456    .ARM.Collect$$$$00000004  mc_w.l(entry5.o)
    0x080001e0   0x080001e0   0x00000000   Code   RO         7458    .ARM.Collect$$$$00000008  mc_w.l(entry7b.o)
    0x080001e0   0x080001e0   0x00000000   Code   RO         7460    .ARM.Collect$$$$0000000A  mc_w.l(entry8b.o)
    0x080001e0   0x080001e0   0x00000008   Code   RO         7461    .ARM.Collect$$$$0000000B  mc_w.l(entry9a.o)
    0x080001e8   0x080001e8   0x00000004   Code   RO         7468    .ARM.Collect$$$$0000000E  mc_w.l(entry12b.o)
    0x080001ec   0x080001ec   0x00000000   Code   RO         7463    .ARM.Collect$$$$0000000F  mc_w.l(entry10a.o)
    0x080001ec   0x080001ec   0x00000000   Code   RO         7465    .ARM.Collect$$$$00000011  mc_w.l(entry11a.o)
    0x080001ec   0x080001ec   0x00000004   Code   RO         7454    .ARM.Collect$$$$00002712  mc_w.l(entry2.o)
    0x080001f0   0x080001f0   0x00000024   Code   RO            4    .text               startup_stm32g431xx.o
    0x08000214   0x08000214   0x00000062   Code   RO         7148    .text               mc_w.l(uldiv.o)
    0x08000276   0x08000276   0x00000024   Code   RO         7154    .text               mc_w.l(memseta.o)
    0x0800029a   0x0800029a   0x0000002c   Code   RO         7471    .text               mc_w.l(uidiv.o)
    0x080002c6   0x080002c6   0x0000001e   Code   RO         7473    .text               mc_w.l(llshl.o)
    0x080002e4   0x080002e4   0x00000020   Code   RO         7475    .text               mc_w.l(llushr.o)
    0x08000304   0x08000304   0x00000000   Code   RO         7479    .text               mc_w.l(iusefp.o)
    0x08000304   0x08000304   0x0000014e   Code   RO         7480    .text               mf_w.l(dadd.o)
    0x08000452   0x08000452   0x000000e4   Code   RO         7482    .text               mf_w.l(dmul.o)
    0x08000536   0x08000536   0x000000de   Code   RO         7484    .text               mf_w.l(ddiv.o)
    0x08000614   0x08000614   0x00000030   Code   RO         7486    .text               mf_w.l(dfixul.o)
    0x08000644   0x08000644   0x00000030   Code   RO         7488    .text               mf_w.l(cdrcmple.o)
    0x08000674   0x08000674   0x00000024   Code   RO         7490    .text               mc_w.l(init.o)
    0x08000698   0x08000698   0x00000024   Code   RO         7493    .text               mc_w.l(llsshr.o)
    0x080006bc   0x080006bc   0x000000ba   Code   RO         7496    .text               mf_w.l(depilogue.o)
    0x08000776   0x08000776   0x00000002   PAD
    0x08000778   0x08000778   0x0000001c   Code   RO          548    i.ADC1_2_IRQHandler  stm32g4xx_it.o
    0x08000794   0x08000794   0x00000084   Code   RO          694    i.ADC_Disable       stm32g4xx_hal_adc.o
    0x08000818   0x08000818   0x000000c8   Code   RO          695    i.ADC_Enable        stm32g4xx_hal_adc.o
    0x080008e0   0x080008e0   0x00000002   Code   RO          549    i.BusFault_Handler  stm32g4xx_it.o
    0x080008e2   0x080008e2   0x00000002   PAD
    0x080008e4   0x080008e4   0x0000000c   Code   RO          550    i.DMA1_Channel1_IRQHandler  stm32g4xx_it.o
    0x080008f0   0x080008f0   0x0000000c   Code   RO          551    i.DMA1_Channel2_IRQHandler  stm32g4xx_it.o
    0x080008fc   0x080008fc   0x00000048   Code   RO         2058    i.DMA_CalcDMAMUXChannelBaseAndMask  stm32g4xx_hal_dma.o
    0x08000944   0x08000944   0x00000028   Code   RO         2059    i.DMA_CalcDMAMUXRequestGenBaseAndMask  stm32g4xx_hal_dma.o
    0x0800096c   0x0800096c   0x00000042   Code   RO         2060    i.DMA_SetConfig     stm32g4xx_hal_dma.o
    0x080009ae   0x080009ae   0x00000002   Code   RO          552    i.DebugMon_Handler  stm32g4xx_it.o
    0x080009b0   0x080009b0   0x00000004   Code   RO           13    i.Error_Handler     main.o
    0x080009b4   0x080009b4   0x0000000c   Code   RO          553    i.FDCAN1_IT0_IRQHandler  stm32g4xx_it.o
    0x080009c0   0x080009c0   0x0000000c   Code   RO          554    i.FDCAN1_IT1_IRQHandler  stm32g4xx_it.o
    0x080009cc   0x080009cc   0x00000060   Code   RO         2712    i.FDCAN_CalcultateRamBlockAddresses  stm32g4xx_hal_fdcan.o
    0x08000a2c   0x08000a2c   0x00000074   Code   RO         2713    i.FDCAN_CopyMessageToRAM  stm32g4xx_hal_fdcan.o
    0x08000aa0   0x08000aa0   0x0000009c   Code   RO          933    i.HAL_ADCEx_Calibration_Start  stm32g4xx_hal_adc_ex.o
    0x08000b3c   0x08000b3c   0x00000002   Code   RO          937    i.HAL_ADCEx_EndOfSamplingCallback  stm32g4xx_hal_adc_ex.o
    0x08000b3e   0x08000b3e   0x00000002   PAD
    0x08000b40   0x08000b40   0x00000534   Code   RO          939    i.HAL_ADCEx_InjectedConfigChannel  stm32g4xx_hal_adc_ex.o
    0x08001074   0x08001074   0x0000006c   Code   RO         6892    i.HAL_ADCEx_InjectedConvCpltCallback  my_mian.o
    0x080010e0   0x080010e0   0x0000002e   Code   RO          941    i.HAL_ADCEx_InjectedGetValue  stm32g4xx_hal_adc_ex.o
    0x0800110e   0x0800110e   0x00000002   Code   RO          943    i.HAL_ADCEx_InjectedQueueOverflowCallback  stm32g4xx_hal_adc_ex.o
    0x08001110   0x08001110   0x00000130   Code   RO          945    i.HAL_ADCEx_InjectedStart_IT  stm32g4xx_hal_adc_ex.o
    0x08001240   0x08001240   0x00000002   Code   RO          948    i.HAL_ADCEx_LevelOutOfWindow2Callback  stm32g4xx_hal_adc_ex.o
    0x08001242   0x08001242   0x00000002   Code   RO          949    i.HAL_ADCEx_LevelOutOfWindow3Callback  stm32g4xx_hal_adc_ex.o
    0x08001244   0x08001244   0x000000e8   Code   RO          950    i.HAL_ADCEx_MultiModeConfigChannel  stm32g4xx_hal_adc_ex.o
    0x0800132c   0x0800132c   0x00000002   Code   RO          698    i.HAL_ADC_ConvCpltCallback  stm32g4xx_hal_adc.o
    0x0800132e   0x0800132e   0x00000002   Code   RO          701    i.HAL_ADC_ErrorCallback  stm32g4xx_hal_adc.o
    0x08001330   0x08001330   0x00000284   Code   RO          705    i.HAL_ADC_IRQHandler  stm32g4xx_hal_adc.o
    0x080015b4   0x080015b4   0x00000200   Code   RO          706    i.HAL_ADC_Init      stm32g4xx_hal_adc.o
    0x080017b4   0x080017b4   0x00000002   Code   RO          707    i.HAL_ADC_LevelOutOfWindowCallback  stm32g4xx_hal_adc.o
    0x080017b6   0x080017b6   0x00000002   PAD
    0x080017b8   0x080017b8   0x0000010c   Code   RO          236    i.HAL_ADC_MspInit   adc.o
    0x080018c4   0x080018c4   0x00000070   Code   RO         2061    i.HAL_DMA_Abort     stm32g4xx_hal_dma.o
    0x08001934   0x08001934   0x00000076   Code   RO         2062    i.HAL_DMA_Abort_IT  stm32g4xx_hal_dma.o
    0x080019aa   0x080019aa   0x000000cc   Code   RO         2066    i.HAL_DMA_IRQHandler  stm32g4xx_hal_dma.o
    0x08001a76   0x08001a76   0x00000002   PAD
    0x08001a78   0x08001a78   0x000000c4   Code   RO         2067    i.HAL_DMA_Init      stm32g4xx_hal_dma.o
    0x08001b3c   0x08001b3c   0x00000090   Code   RO         2071    i.HAL_DMA_Start_IT  stm32g4xx_hal_dma.o
    0x08001bcc   0x08001bcc   0x00000024   Code   RO         1154    i.HAL_Delay         stm32g4xx_hal.o
    0x08001bf0   0x08001bf0   0x0000004e   Code   RO         2716    i.HAL_FDCAN_AddMessageToTxFifoQ  stm32g4xx_hal_fdcan.o
    0x08001c3e   0x08001c3e   0x00000002   Code   RO         2739    i.HAL_FDCAN_ErrorCallback  stm32g4xx_hal_fdcan.o
    0x08001c40   0x08001c40   0x00000002   Code   RO         2740    i.HAL_FDCAN_ErrorStatusCallback  stm32g4xx_hal_fdcan.o
    0x08001c42   0x08001c42   0x00000002   PAD
    0x08001c44   0x08001c44   0x0000012c   Code   RO         2749    i.HAL_FDCAN_GetRxMessage  stm32g4xx_hal_fdcan.o
    0x08001d70   0x08001d70   0x0000000c   Code   RO         2754    i.HAL_FDCAN_GetTxFifoFreeLevel  stm32g4xx_hal_fdcan.o
    0x08001d7c   0x08001d7c   0x00000002   Code   RO         2755    i.HAL_FDCAN_HighPriorityMessageCallback  stm32g4xx_hal_fdcan.o
    0x08001d7e   0x08001d7e   0x00000174   Code   RO         2756    i.HAL_FDCAN_IRQHandler  stm32g4xx_hal_fdcan.o
    0x08001ef2   0x08001ef2   0x00000002   PAD
    0x08001ef4   0x08001ef4   0x000001dc   Code   RO         2757    i.HAL_FDCAN_Init    stm32g4xx_hal_fdcan.o
    0x080020d0   0x080020d0   0x000000a0   Code   RO          309    i.HAL_FDCAN_MspInit  fdcan.o
    0x08002170   0x08002170   0x0000000e   Code   RO         6770    i.HAL_FDCAN_RxFifo0Callback  co_driver_stm32.o
    0x0800217e   0x0800217e   0x0000000e   Code   RO         6771    i.HAL_FDCAN_RxFifo1Callback  co_driver_stm32.o
    0x0800218c   0x0800218c   0x00000002   Code   RO         2768    i.HAL_FDCAN_TimeoutOccurredCallback  stm32g4xx_hal_fdcan.o
    0x0800218e   0x0800218e   0x00000002   Code   RO         2769    i.HAL_FDCAN_TimestampWraparoundCallback  stm32g4xx_hal_fdcan.o
    0x08002190   0x08002190   0x00000002   Code   RO         2770    i.HAL_FDCAN_TxBufferAbortCallback  stm32g4xx_hal_fdcan.o
    0x08002192   0x08002192   0x00000002   PAD
    0x08002194   0x08002194   0x00000058   Code   RO         6772    i.HAL_FDCAN_TxBufferCompleteCallback  co_driver_stm32.o
    0x080021ec   0x080021ec   0x00000002   Code   RO         2772    i.HAL_FDCAN_TxEventFifoCallback  stm32g4xx_hal_fdcan.o
    0x080021ee   0x080021ee   0x00000002   Code   RO         2773    i.HAL_FDCAN_TxFifoEmptyCallback  stm32g4xx_hal_fdcan.o
    0x080021f0   0x080021f0   0x000001b8   Code   RO         1923    i.HAL_GPIO_Init     stm32g4xx_hal_gpio.o
    0x080023a8   0x080023a8   0x0000000c   Code   RO         1927    i.HAL_GPIO_WritePin  stm32g4xx_hal_gpio.o
    0x080023b4   0x080023b4   0x0000000c   Code   RO         1158    i.HAL_GetTick       stm32g4xx_hal.o
    0x080023c0   0x080023c0   0x00000010   Code   RO         1164    i.HAL_IncTick       stm32g4xx_hal.o
    0x080023d0   0x080023d0   0x0000001e   Code   RO         1165    i.HAL_Init          stm32g4xx_hal.o
    0x080023ee   0x080023ee   0x00000002   PAD
    0x080023f0   0x080023f0   0x0000004c   Code   RO         1166    i.HAL_InitTick      stm32g4xx_hal.o
    0x0800243c   0x0800243c   0x00000030   Code   RO          666    i.HAL_MspInit       stm32g4xx_hal_msp.o
    0x0800246c   0x0800246c   0x0000001a   Code   RO         2572    i.HAL_NVIC_EnableIRQ  stm32g4xx_hal_cortex.o
    0x08002486   0x08002486   0x00000002   PAD
    0x08002488   0x08002488   0x00000040   Code   RO         2578    i.HAL_NVIC_SetPriority  stm32g4xx_hal_cortex.o
    0x080024c8   0x080024c8   0x00000024   Code   RO         2579    i.HAL_NVIC_SetPriorityGrouping  stm32g4xx_hal_cortex.o
    0x080024ec   0x080024ec   0x00000024   Code   RO         5389    i.HAL_PCDEx_ActivateLPM  stm32g4xx_hal_pcd_ex.o
    0x08002510   0x08002510   0x00000094   Code   RO         5181    i.HAL_PCD_Init      stm32g4xx_hal_pcd.o
    0x080025a4   0x080025a4   0x00000048   Code   RO          507    i.HAL_PCD_MspInit   usb.o
    0x080025ec   0x080025ec   0x000000cc   Code   RO         2326    i.HAL_PWREx_ControlVoltageScaling  stm32g4xx_hal_pwr_ex.o
    0x080026b8   0x080026b8   0x00000010   Code   RO         2338    i.HAL_PWREx_DisableUCPDDeadBattery  stm32g4xx_hal_pwr_ex.o
    0x080026c8   0x080026c8   0x00000298   Code   RO         1530    i.HAL_RCCEx_PeriphCLKConfig  stm32g4xx_hal_rcc_ex.o
    0x08002960   0x08002960   0x000001c8   Code   RO         1400    i.HAL_RCC_ClockConfig  stm32g4xx_hal_rcc.o
    0x08002b28   0x08002b28   0x0000000c   Code   RO         1406    i.HAL_RCC_GetHCLKFreq  stm32g4xx_hal_rcc.o
    0x08002b34   0x08002b34   0x00000024   Code   RO         1408    i.HAL_RCC_GetPCLK1Freq  stm32g4xx_hal_rcc.o
    0x08002b58   0x08002b58   0x00000024   Code   RO         1409    i.HAL_RCC_GetPCLK2Freq  stm32g4xx_hal_rcc.o
    0x08002b7c   0x08002b7c   0x00000074   Code   RO         1410    i.HAL_RCC_GetSysClockFreq  stm32g4xx_hal_rcc.o
    0x08002bf0   0x08002bf0   0x00000450   Code   RO         1413    i.HAL_RCC_OscConfig  stm32g4xx_hal_rcc.o
    0x08003040   0x08003040   0x000000ec   Code   RO         3113    i.HAL_SPI_Init      stm32g4xx_hal_spi.o
    0x0800312c   0x0800312c   0x00000060   Code   RO          351    i.HAL_SPI_MspInit   spi.o
    0x0800318c   0x0800318c   0x00000028   Code   RO         2583    i.HAL_SYSTICK_Config  stm32g4xx_hal_cortex.o
    0x080031b4   0x080031b4   0x00000002   Code   RO         4180    i.HAL_TIMEx_Break2Callback  stm32g4xx_hal_tim_ex.o
    0x080031b6   0x080031b6   0x00000002   Code   RO         4181    i.HAL_TIMEx_BreakCallback  stm32g4xx_hal_tim_ex.o
    0x080031b8   0x080031b8   0x00000002   Code   RO         4182    i.HAL_TIMEx_CommutCallback  stm32g4xx_hal_tim_ex.o
    0x080031ba   0x080031ba   0x00000002   PAD
    0x080031bc   0x080031bc   0x0000009c   Code   RO         4185    i.HAL_TIMEx_ConfigBreakDeadTime  stm32g4xx_hal_tim_ex.o
    0x08003258   0x08003258   0x00000002   Code   RO         4193    i.HAL_TIMEx_DirectionChangeCallback  stm32g4xx_hal_tim_ex.o
    0x0800325a   0x0800325a   0x00000002   Code   RO         4207    i.HAL_TIMEx_EncoderIndexCallback  stm32g4xx_hal_tim_ex.o
    0x0800325c   0x0800325c   0x00000002   Code   RO         4221    i.HAL_TIMEx_IndexErrorCallback  stm32g4xx_hal_tim_ex.o
    0x0800325e   0x0800325e   0x00000002   PAD
    0x08003260   0x08003260   0x00000090   Code   RO         4222    i.HAL_TIMEx_MasterConfigSynchronization  stm32g4xx_hal_tim_ex.o
    0x080032f0   0x080032f0   0x00000002   Code   RO         4243    i.HAL_TIMEx_TransitionErrorCallback  stm32g4xx_hal_tim_ex.o
    0x080032f2   0x080032f2   0x0000004e   Code   RO         3455    i.HAL_TIM_Base_Init  stm32g4xx_hal_tim.o
    0x08003340   0x08003340   0x0000003c   Code   RO          393    i.HAL_TIM_Base_MspInit  tim.o
    0x0800337c   0x0800337c   0x00000078   Code   RO         3458    i.HAL_TIM_Base_Start  stm32g4xx_hal_tim.o
    0x080033f4   0x080033f4   0x00000002   Code   RO         3489    i.HAL_TIM_IC_CaptureCallback  stm32g4xx_hal_tim.o
    0x080033f6   0x080033f6   0x000001aa   Code   RO         3503    i.HAL_TIM_IRQHandler  stm32g4xx_hal_tim.o
    0x080035a0   0x080035a0   0x00000054   Code   RO          394    i.HAL_TIM_MspPostInit  tim.o
    0x080035f4   0x080035f4   0x0000006e   Code   RO         3504    i.HAL_TIM_OC_ConfigChannel  stm32g4xx_hal_tim.o
    0x08003662   0x08003662   0x00000002   Code   RO         3506    i.HAL_TIM_OC_DelayElapsedCallback  stm32g4xx_hal_tim.o
    0x08003664   0x08003664   0x0000004e   Code   RO         3508    i.HAL_TIM_OC_Init   stm32g4xx_hal_tim.o
    0x080036b2   0x080036b2   0x00000002   PAD
    0x080036b4   0x080036b4   0x00000028   Code   RO          396    i.HAL_TIM_OC_MspInit  tim.o
    0x080036dc   0x080036dc   0x00000002   Code   RO         3533    i.HAL_TIM_PWM_PulseFinishedCallback  stm32g4xx_hal_tim.o
    0x080036de   0x080036de   0x00000002   Code   RO         6893    i.HAL_TIM_PeriodElapsedCallback  my_mian.o
    0x080036e0   0x080036e0   0x00000002   Code   RO         3546    i.HAL_TIM_TriggerCallback  stm32g4xx_hal_tim.o
    0x080036e2   0x080036e2   0x0000003e   Code   RO         5034    i.HAL_UARTEx_DisableFifoMode  stm32g4xx_hal_uart_ex.o
    0x08003720   0x08003720   0x00000002   Code   RO         4618    i.HAL_UARTEx_RxEventCallback  stm32g4xx_hal_uart.o
    0x08003722   0x08003722   0x00000002   Code   RO         5042    i.HAL_UARTEx_RxFifoFullCallback  stm32g4xx_hal_uart_ex.o
    0x08003724   0x08003724   0x0000004c   Code   RO         5043    i.HAL_UARTEx_SetRxFifoThreshold  stm32g4xx_hal_uart_ex.o
    0x08003770   0x08003770   0x0000004c   Code   RO         5044    i.HAL_UARTEx_SetTxFifoThreshold  stm32g4xx_hal_uart_ex.o
    0x080037bc   0x080037bc   0x00000002   Code   RO         5046    i.HAL_UARTEx_TxFifoEmptyCallback  stm32g4xx_hal_uart_ex.o
    0x080037be   0x080037be   0x00000002   Code   RO         5047    i.HAL_UARTEx_WakeupCallback  stm32g4xx_hal_uart_ex.o
    0x080037c0   0x080037c0   0x00000002   Code   RO         4634    i.HAL_UART_ErrorCallback  stm32g4xx_hal_uart.o
    0x080037c2   0x080037c2   0x00000002   PAD
    0x080037c4   0x080037c4   0x00000324   Code   RO         4637    i.HAL_UART_IRQHandler  stm32g4xx_hal_uart.o
    0x08003ae8   0x08003ae8   0x00000070   Code   RO         4638    i.HAL_UART_Init     stm32g4xx_hal_uart.o
    0x08003b58   0x08003b58   0x00000154   Code   RO          459    i.HAL_UART_MspInit  usart.o
    0x08003cac   0x08003cac   0x00000090   Code   RO         4648    i.HAL_UART_Transmit_DMA  stm32g4xx_hal_uart.o
    0x08003d3c   0x08003d3c   0x00000010   Code   RO         6894    i.HAL_UART_TxCpltCallback  my_mian.o
    0x08003d4c   0x08003d4c   0x00000002   Code   RO         4651    i.HAL_UART_TxHalfCpltCallback  stm32g4xx_hal_uart.o
    0x08003d4e   0x08003d4e   0x00000002   Code   RO          555    i.HardFault_Handler  stm32g4xx_it.o
    0x08003d50   0x08003d50   0x0000000c   Code   RO          958    i.LL_ADC_GetOffsetChannel  stm32g4xx_hal_adc_ex.o
    0x08003d5c   0x08003d5c   0x00000008   Code   RO          721    i.LL_ADC_INJ_IsConversionOngoing  stm32g4xx_hal_adc.o
    0x08003d64   0x08003d64   0x00000008   Code   RO          959    i.LL_ADC_INJ_IsConversionOngoing  stm32g4xx_hal_adc_ex.o
    0x08003d6c   0x08003d6c   0x00000008   Code   RO          722    i.LL_ADC_IsEnabled  stm32g4xx_hal_adc.o
    0x08003d74   0x08003d74   0x00000008   Code   RO          960    i.LL_ADC_IsEnabled  stm32g4xx_hal_adc_ex.o
    0x08003d7c   0x08003d7c   0x00000008   Code   RO          723    i.LL_ADC_REG_IsConversionOngoing  stm32g4xx_hal_adc.o
    0x08003d84   0x08003d84   0x00000008   Code   RO          961    i.LL_ADC_REG_IsConversionOngoing  stm32g4xx_hal_adc_ex.o
    0x08003d8c   0x08003d8c   0x00000010   Code   RO          724    i.LL_ADC_REG_IsTriggerSourceSWStart  stm32g4xx_hal_adc.o
    0x08003d9c   0x08003d9c   0x0000001e   Code   RO          962    i.LL_ADC_SetChannelSamplingTime  stm32g4xx_hal_adc_ex.o
    0x08003dba   0x08003dba   0x00000010   Code   RO          963    i.LL_ADC_SetOffsetState  stm32g4xx_hal_adc_ex.o
    0x08003dca   0x08003dca   0x00000002   PAD
    0x08003dcc   0x08003dcc   0x000000ac   Code   RO          237    i.MX_ADC1_Init      adc.o
    0x08003e78   0x08003e78   0x0000008c   Code   RO          238    i.MX_ADC2_Init      adc.o
    0x08003f04   0x08003f04   0x0000004c   Code   RO          284    i.MX_DMA_Init       dma.o
    0x08003f50   0x08003f50   0x00000050   Code   RO          310    i.MX_FDCAN1_Init    fdcan.o
    0x08003fa0   0x08003fa0   0x00000070   Code   RO          211    i.MX_GPIO_Init      gpio.o
    0x08004010   0x08004010   0x00000050   Code   RO          352    i.MX_SPI1_Init      spi.o
    0x08004060   0x08004060   0x000000d4   Code   RO          397    i.MX_TIM1_Init      tim.o
    0x08004134   0x08004134   0x00000048   Code   RO          398    i.MX_TIM6_Init      tim.o
    0x0800417c   0x0800417c   0x00000068   Code   RO          460    i.MX_USART1_UART_Init  usart.o
    0x080041e4   0x080041e4   0x00000068   Code   RO          461    i.MX_USART2_UART_Init  usart.o
    0x0800424c   0x0800424c   0x00000038   Code   RO          508    i.MX_USB_PCD_Init   usb.o
    0x08004284   0x08004284   0x00000002   Code   RO          556    i.MemManage_Handler  stm32g4xx_it.o
    0x08004286   0x08004286   0x00000002   Code   RO          557    i.NMI_Handler       stm32g4xx_it.o
    0x08004288   0x08004288   0x00000002   Code   RO          558    i.PendSV_Handler    stm32g4xx_it.o
    0x0800428a   0x0800428a   0x00000002   PAD
    0x0800428c   0x0800428c   0x00000050   Code   RO         1414    i.RCC_GetSysClockFreqFromPLLSource  stm32g4xx_hal_rcc.o
    0x080042dc   0x080042dc   0x00000002   Code   RO          559    i.SVC_Handler       stm32g4xx_it.o
    0x080042de   0x080042de   0x00000004   Code   RO          560    i.SysTick_Handler   stm32g4xx_it.o
    0x080042e2   0x080042e2   0x0000006c   Code   RO           14    i.SystemClock_Config  main.o
    0x0800434e   0x0800434e   0x00000002   PAD
    0x08004350   0x08004350   0x00000010   Code   RO         5605    i.SystemInit        system_stm32g4xx.o
    0x08004360   0x08004360   0x0000000c   Code   RO          561    i.TIM6_DAC_IRQHandler  stm32g4xx_it.o
    0x0800436c   0x0800436c   0x000000b8   Code   RO         3548    i.TIM_Base_SetConfig  stm32g4xx_hal_tim.o
    0x08004424   0x08004424   0x000000a4   Code   RO         3561    i.TIM_OC1_SetConfig  stm32g4xx_hal_tim.o
    0x080044c8   0x080044c8   0x00000098   Code   RO         3562    i.TIM_OC2_SetConfig  stm32g4xx_hal_tim.o
    0x08004560   0x08004560   0x00000098   Code   RO         3563    i.TIM_OC3_SetConfig  stm32g4xx_hal_tim.o
    0x080045f8   0x080045f8   0x00000098   Code   RO         3564    i.TIM_OC4_SetConfig  stm32g4xx_hal_tim.o
    0x08004690   0x08004690   0x00000070   Code   RO         3565    i.TIM_OC5_SetConfig  stm32g4xx_hal_tim.o
    0x08004700   0x08004700   0x00000070   Code   RO         3566    i.TIM_OC6_SetConfig  stm32g4xx_hal_tim.o
    0x08004770   0x08004770   0x00000048   Code   RO         5048    i.UARTEx_SetNbDataToProcess  stm32g4xx_hal_uart_ex.o
    0x080047b8   0x080047b8   0x000000c8   Code   RO         4652    i.UART_AdvFeatureConfig  stm32g4xx_hal_uart.o
    0x08004880   0x08004880   0x000000aa   Code   RO         4653    i.UART_CheckIdleState  stm32g4xx_hal_uart.o
    0x0800492a   0x0800492a   0x0000000a   Code   RO         4654    i.UART_DMAAbortOnError  stm32g4xx_hal_uart.o
    0x08004934   0x08004934   0x00000044   Code   RO         4655    i.UART_DMAError     stm32g4xx_hal_uart.o
    0x08004978   0x08004978   0x00000042   Code   RO         4660    i.UART_DMATransmitCplt  stm32g4xx_hal_uart.o
    0x080049ba   0x080049ba   0x0000000a   Code   RO         4662    i.UART_DMATxHalfCplt  stm32g4xx_hal_uart.o
    0x080049c4   0x080049c4   0x00000054   Code   RO         4664    i.UART_EndRxTransfer  stm32g4xx_hal_uart.o
    0x08004a18   0x08004a18   0x00000024   Code   RO         4665    i.UART_EndTransmit_IT  stm32g4xx_hal_uart.o
    0x08004a3c   0x08004a3c   0x0000002e   Code   RO         4666    i.UART_EndTxTransfer  stm32g4xx_hal_uart.o
    0x08004a6a   0x08004a6a   0x00000002   PAD
    0x08004a6c   0x08004a6c   0x000002d4   Code   RO         4671    i.UART_SetConfig    stm32g4xx_hal_uart.o
    0x08004d40   0x08004d40   0x00000098   Code   RO         4678    i.UART_WaitOnFlagUntilTimeout  stm32g4xx_hal_uart.o
    0x08004dd8   0x08004dd8   0x0000000c   Code   RO          562    i.USART1_IRQHandler  stm32g4xx_it.o
    0x08004de4   0x08004de4   0x00000012   Code   RO         5461    i.USB_DevInit       stm32g4xx_ll_usb.o
    0x08004df6   0x08004df6   0x00000010   Code   RO         5462    i.USB_DisableGlobalInt  stm32g4xx_ll_usb.o
    0x08004e06   0x08004e06   0x00000002   Code   RO          563    i.UsageFault_Handler  stm32g4xx_it.o
    0x08004e08   0x08004e08   0x00000034   Code   RO         7400    i.__0vsnprintf      mc_w.l(printfa.o)
    0x08004e3c   0x08004e3c   0x00000020   Code   RO         2585    i.__NVIC_SetPriority  stm32g4xx_hal_cortex.o
    0x08004e5c   0x08004e5c   0x0000000e   Code   RO         7500    i.__scatterload_copy  mc_w.l(handlers.o)
    0x08004e6a   0x08004e6a   0x00000002   Code   RO         7501    i.__scatterload_null  mc_w.l(handlers.o)
    0x08004e6c   0x08004e6c   0x0000000e   Code   RO         7502    i.__scatterload_zeroinit  mc_w.l(handlers.o)
    0x08004e7a   0x08004e7a   0x00000002   PAD
    0x08004e7c   0x08004e7c   0x00000184   Code   RO         7402    i._fp_digits        mc_w.l(printfa.o)
    0x08005000   0x08005000   0x000006b4   Code   RO         7403    i._printf_core      mc_w.l(printfa.o)
    0x080056b4   0x080056b4   0x00000024   Code   RO         7404    i._printf_post_padding  mc_w.l(printfa.o)
    0x080056d8   0x080056d8   0x0000002e   Code   RO         7405    i._printf_pre_padding  mc_w.l(printfa.o)
    0x08005706   0x08005706   0x00000016   Code   RO         7406    i._snputc           mc_w.l(printfa.o)
    0x0800571c   0x0800571c   0x00000050   Code   RO           15    i.main              main.o
    0x0800576c   0x0800576c   0x00000118   Code   RO         6895    i.my_main           my_mian.o
    0x08005884   0x08005884   0x000000d8   Code   RO         6773    i.prv_read_can_received_msg  co_driver_stm32.o
    0x0800595c   0x0800595c   0x0000009c   Code   RO         6774    i.prv_send_can_message  co_driver_stm32.o
    0x080059f8   0x080059f8   0x0000002c   Code   RO         7036    i.uart_buf_count    bspusart.o
    0x08005a24   0x08005a24   0x00000024   Code   RO         7037    i.uart_buf_drop     bspusart.o
    0x08005a48   0x08005a48   0x0000002a   Code   RO         7038    i.uart_buf_read_to_chunk  bspusart.o
    0x08005a72   0x08005a72   0x00000038   Code   RO         7039    i.uart_buf_write    bspusart.o
    0x08005aaa   0x08005aaa   0x00000002   PAD
    0x08005aac   0x08005aac   0x00000060   Code   RO         7040    i.uart_debug_send_periodic_task  bspusart.o
    0x08005b0c   0x08005b0c   0x0000001c   Code   RO         7041    i.uart_debug_tx_cplt_callback  bspusart.o
    0x08005b28   0x08005b28   0x0000000c   Code   RO         7043    i.uart_next_index   bspusart.o
    0x08005b34   0x08005b34   0x00000050   Code   RO         7044    i.uart_printf       bspusart.o
    0x08005b84   0x08005b84   0x0000005c   Code   RO         7045    i.uart_raw_send_periodic_task  bspusart.o
    0x08005be0   0x08005be0   0x00000034   Code   RO         7047    i.uart_send_periodic_task  bspusart.o
    0x08005c14   0x08005c14   0x00000010   Data   RO         2774    .constdata          stm32g4xx_hal_fdcan.o
    0x08005c24   0x08005c24   0x00000018   Data   RO         4679    .constdata          stm32g4xx_hal_uart.o
    0x08005c3c   0x08005c3c   0x00000010   Data   RO         5050    .constdata          stm32g4xx_hal_uart_ex.o
    0x08005c4c   0x08005c4c   0x00000010   Data   RO         5606    .constdata          system_stm32g4xx.o
    0x08005c5c   0x08005c5c   0x00000008   Data   RO         5607    .constdata          system_stm32g4xx.o
    0x08005c64   0x08005c64   0x00000020   Data   RO         7498    Region$$Table       anon$$obj.o


    Execution Region RW_IRAM1 (Exec base: 0x20000000, Load base: 0x08005c84, Size: 0x00001c40, Max: 0x00008000, ABSOLUTE)

    Exec Addr    Load Addr    Size         Type   Attr      Idx    E Section Name        Object

    0x20000000   0x08005c84   0x00000004   Data   RW          240    .data               adc.o
    0x20000004   0x08005c88   0x0000000c   Data   RW         1185    .data               stm32g4xx_hal.o
    0x20000010   0x08005c94   0x00000004   Data   RW         5608    .data               system_stm32g4xx.o
    0x20000014   0x08005c98   0x00000014   Data   RW         6658    .data               co_app_stm32.o
    0x20000028   0x08005cac   0x00000004   Data   RW         6776    .data               co_driver_stm32.o
    0x2000002c   0x08005cb0   0x00000014   Data   RW         6896    .data               my_mian.o
    0x20000040   0x08005cc4   0x00000010   Data   RW         7007    .data               myadc.o
    0x20000050   0x08005cd4   0x0000000e   Data   RW         7050    .data               bspusart.o
    0x2000005e   0x08005ce2   0x00000002   PAD
    0x20000060        -       0x000000d8   Zero   RW          239    .bss                adc.o
    0x20000138        -       0x00000064   Zero   RW          311    .bss                fdcan.o
    0x2000019c        -       0x00000064   Zero   RW          353    .bss                spi.o
    0x20000200        -       0x00000098   Zero   RW          399    .bss                tim.o
    0x20000298        -       0x000001e8   Zero   RW          462    .bss                usart.o
    0x20000480        -       0x000002dc   Zero   RW          509    .bss                usb.o
    0x2000075c        -       0x0000004c   Zero   RW         6775    .bss                co_driver_stm32.o
    0x200007a8        -       0x00001094   Zero   RW         7049    .bss                bspusart.o
    0x2000183c   0x08005ce2   0x00000004   PAD
    0x20001840        -       0x00000400   Zero   RW            1    STACK               startup_stm32g431xx.o


==============================================================================

Image component sizes


      Code (inc. data)   RO Data    RW Data    ZI Data      Debug   Object Name

       580         36          0          4        216       2730   adc.o
       538         46          0         14       4244       7819   bspusart.o
         0          0          0          0          0       2712   canopen.o
         0          0          0         20          0      11120   co_app_stm32.o
       488         40          0          4         76       4541   co_driver_stm32.o
         0          0          0          0          0       2640   co_fifo.o
         0          0          0          0          0        872   co_leds.o
         0          0          0          0          0      11220   co_node_guarding.o
         0          0          0          0          0       3284   co_sdoclient.o
        76          4          0          0          0        790   dma.o
       240         22          0          0        100       1743   fdcan.o
       112          8          0          0          0        899   gpio.o
       192          4          0          0          0     714797   main.o
       406        170          0         20          0       2873   my_mian.o
         0          0          0         16          0        799   myadc.o
       176         18          0          0        100       1653   spi.o
        36          8        472          0       1024        824   startup_stm32g431xx.o
       170         22          0         12          0       4245   stm32g4xx_hal.o
      1534         58          0          0          0      75797   stm32g4xx_hal_adc.o
      2160         82          0          0          0      79337   stm32g4xx_hal_adc_ex.o
       198         14          0          0          0      33871   stm32g4xx_hal_cortex.o
       952         28          0          0          0       6554   stm32g4xx_hal_dma.o
      1466         28         16          0          0      14356   stm32g4xx_hal_fdcan.o
         0          0          0          0          0       5384   stm32g4xx_hal_flash.o
       452         34          0          0          0       2244   stm32g4xx_hal_gpio.o
        48          6          0          0          0        834   stm32g4xx_hal_msp.o
       148          0          0          0          0       1283   stm32g4xx_hal_pcd.o
        36          0          0          0          0        992   stm32g4xx_hal_pcd_ex.o
       220         18          0          0          0       1445   stm32g4xx_hal_pwr_ex.o
      1840         96          0          0          0       8072   stm32g4xx_hal_rcc.o
       664          8          0          0          0       1964   stm32g4xx_hal_rcc_ex.o
       236          0          0          0          0       1243   stm32g4xx_hal_spi.o
      1848        202          0          0          0      12645   stm32g4xx_hal_tim.o
       314         32          0          0          0       6404   stm32g4xx_hal_tim_ex.o
      2632         98         24          0          0      33800   stm32g4xx_hal_uart.o
       292          6         16          0          0       5354   stm32g4xx_hal_uart_ex.o
       120         46          0          0          0       7342   stm32g4xx_it.o
        34          0          0          0          0       1573   stm32g4xx_ll_usb.o
        16          4         24          4          0       1091   system_stm32g4xx.o
       468         46          0          0        152       3514   tim.o
       548         46          0          0        488       2689   usart.o
       128         18          0          0        732       1610   usb.o

    ----------------------------------------------------------------------
     19404       1248        584         96       7136    1084959   Object Totals
         0          0         32          0          0          0   (incl. Generated)
        36          0          0          2          4          0   (incl. Padding)

    ----------------------------------------------------------------------

      Code (inc. data)   RO Data    RW Data    ZI Data      Debug   Library Member Name

         0          0          0          0          0          0   entry.o
         0          0          0          0          0          0   entry10a.o
         0          0          0          0          0          0   entry11a.o
         4          0          0          0          0          0   entry12b.o
         8          4          0          0          0          0   entry2.o
         4          0          0          0          0          0   entry5.o
         0          0          0          0          0          0   entry7b.o
         0          0          0          0          0          0   entry8b.o
         8          4          0          0          0          0   entry9a.o
        30          0          0          0          0          0   handlers.o
        36          8          0          0          0         68   init.o
         0          0          0          0          0          0   iusefp.o
        30          0          0          0          0         68   llshl.o
        36          0          0          0          0         68   llsshr.o
        32          0          0          0          0         68   llushr.o
        36          0          0          0          0        108   memseta.o
      2260         86          0          0          0        528   printfa.o
        44          0          0          0          0         80   uidiv.o
        98          0          0          0          0         92   uldiv.o
        48          0          0          0          0         68   cdrcmple.o
       334          0          0          0          0        148   dadd.o
       222          0          0          0          0        100   ddiv.o
       186          0          0          0          0        176   depilogue.o
        48          0          0          0          0         68   dfixul.o
       228          0          0          0          0         96   dmul.o

    ----------------------------------------------------------------------
      3696        102          0          0          0       1736   Library Totals
         4          0          0          0          0          0   (incl. Padding)

    ----------------------------------------------------------------------

      Code (inc. data)   RO Data    RW Data    ZI Data      Debug   Library Name

      2626        102          0          0          0       1080   mc_w.l
      1066          0          0          0          0        656   mf_w.l

    ----------------------------------------------------------------------
      3696        102          0          0          0       1736   Library Totals

    ----------------------------------------------------------------------

==============================================================================


      Code (inc. data)   RO Data    RW Data    ZI Data      Debug   

     23100       1350        584         96       7136    1068315   Grand Totals
     23100       1350        584         96       7136    1068315   ELF Image Totals
     23100       1350        584         96          0          0   ROM Totals

==============================================================================

    Total RO  Size (Code + RO Data)                23684 (  23.13kB)
    Total RW  Size (RW Data + ZI Data)              7232 (   7.06kB)
    Total ROM Size (Code + RO Data + RW Data)      23780 (  23.22kB)

==============================================================================

