<html>
<body>
<pre>
<h1>µVision Build Log</h1>
<h2>Tool Versions:</h2>
IDE-Version: ¦ÌVision V5.43.1.0
Copyright (C) 2025 ARM Ltd and ARM Germany GmbH. All rights reserved.
License Information: 1 2, 34, LIC=SDA0P-MWKEV-CX4U6-DLVFC-VPY1Y-UQZVC
 
Tool Versions:
Toolchain:       MDK-ARM Plus  Version: 5.43.0.0
Toolchain Path:  D:\keilv5\ARM\ARMCOMPILER_506\Bin
C Compiler:      Armcc.exe V5.06 update 7 (build 960)
Assembler:       Armasm.exe V5.06 update 7 (build 960)
Linker/Locator:  ArmLink.exe V5.06 update 7 (build 960)
Library Manager: ArmAr.exe V5.06 update 7 (build 960)
Hex Converter:   FromElf.exe V5.06 update 7 (build 960)
CPU DLL:         SARMCM3.DLL V5.43.0.0
Dialog DLL:      DCM.DLL V1.17.5.0
Target DLL:      CMSIS_AGDI.dll V1.33.24.0
Dialog DLL:      TCM.DLL V1.56.6.0
 
<h2>Project:</h2>
D:\WeCanCode\Wu\G431_foc\MDK-ARM\G431_foc.uvprojx
Project File Date:  08/31/2026

<h2>Output:</h2>
*** Using Compiler 'V5.06 update 7 (build 960)', folder: 'D:\keilv5\ARM\ARMCOMPILER_506\Bin'
Build target 'G431_foc'
compiling my_mian.c...
..\myCode\my_mian.c(61): warning:  #177-D: variable "MT6816_data"  was declared but never referenced
  		uint16_t MT6816_data=0;
..\myCode\my_mian.c(128): warning:  #177-D: variable "result_printed"  was declared but never referenced
  		uint8_t result_printed = 0;
..\myCode\my_mian.c(298): warning:  #177-D: variable "SUM_A"  was declared but never referenced
  	static uint32_t SUM_A ,SUM_B=10;//ÇóÆ«ÖÃ
..\myCode\my_mian.c(298): warning:  #177-D: variable "SUM_B"  was declared but never referenced
  	static uint32_t SUM_A ,SUM_B=10;//ÇóÆ«ÖÃ
..\myCode\my_mian.c: 4 warnings, 0 errors
linking...
Program Size: Code=37908 RO-data=616 RW-data=552 ZI-data=11240  
FromELF: creating hex file...
"G431_foc\G431_foc.axf" - 0 Error(s), 4 Warning(s).

<h2>Software Packages used:</h2>

Package Vendor: ARM
                https://www.keil.com/pack/ARM.CMSIS.6.2.0.pack
                ARM::CMSIS@6.2.0
                CMSIS (Common Microcontroller Software Interface Standard)
   * Component: CORE Version: 6.1.1

Package Vendor: Keil
                http://www.keil.com/pack/Keil.STM32G4xx_DFP.1.4.0.pack
                Keil::STM32G4xx_DFP@1.4.0
                STMicroelectronics STM32G4 Series Device Support, Drivers and Examples

<h2>Collection of Component include folders:</h2>
  ./RTE/_G431_foc
  D:/arm/pack/ARM/CMSIS/6.2.0/CMSIS/Core/Include
  D:/arm/pack/Keil/STM32G4xx_DFP/1.4.0/Drivers/CMSIS/Device/ST/STM32G4xx/Include

<h2>Collection of Component Files used:</h2>

   * Component: ARM::CMSIS:CORE@6.1.1
      Include file:  CMSIS/Core/Include/tz_context.h
Build Time Elapsed:  00:00:08
</pre>
</body>
</html>
